66.249.70.9 - - [16/Nov/2018:13:46:47 -0200] "GET / HTTP/1.0" 200 312 "-" "Mozilla/5.0 (Linux; Android 6.0.1; Nexus 5X Build/MMB29P) AppleWebKit/537.36 (KHTML, like Gecko) Chrome/41.0.2272.96 Mobile Safari/537.36 (compatible; Googlebot/2.1; +http://www.google.com/bot.html)"
66.249.70.9 - - [16/Nov/2018:13:44:23 -0200] "GET / HTTP/1.1" 200 3474 "-" "Mozilla/5.0 (compatible; Googlebot/2.1; +http://www.google.com/bot.html)"
66.249.70.9 - - [16/Nov/2018:13:46:47 -0200] "GET / HTTP/1.1" 200 3474 "-" "Mozilla/5.0 (Linux; Android 6.0.1; Nexus 5X Build/MMB29P) AppleWebKit/537.36 (KHTML, like Gecko) Chrome/41.0.2272.96 Mobile Safari/537.36 (compatible; Googlebot/2.1; +http://www.google.com/bot.html)"
66.249.66.39 - - [16/Nov/2018:23:27:12 -0200] "GET / HTTP/1.0" 200 312 "-" "Mozilla/5.0 (Linux; Android 6.0.1; Nexus 5X Build/MMB29P) AppleWebKit/537.36 (KHTML, like Gecko) Chrome/41.0.2272.96 Mobile Safari/537.36 (compatible; Googlebot/2.1; +http://www.google.com/bot.html)"
144.76.2.149 - - [17/Nov/2018:00:55:50 -0200] "GET /robots.txt HTTP/1.0" 404 1320 "-" "Mozilla/5.0 (compatible; MJ12bot/v1.4.8; http://mj12bot.com/)"
144.76.2.149 - - [17/Nov/2018:00:55:52 -0200] "GET /index.html HTTP/1.0" 200 267 "-" "Mozilla/5.0 (compatible; MJ12bot/v1.4.8; http://mj12bot.com/)"
144.76.2.149 - - [17/Nov/2018:00:55:56 -0200] "GET /test/fcgi/test.fcgi HTTP/1.0" 200 861 "-" "Mozilla/5.0 (compatible; MJ12bot/v1.4.8; http://mj12bot.com/)"
144.76.2.149 - - [17/Nov/2018:00:55:58 -0200] "GET /test/fcgi/test.html HTTP/1.0" 200 321 "-" "Mozilla/5.0 (compatible; MJ12bot/v1.4.8; http://mj12bot.com/)"
144.76.2.149 - - [17/Nov/2018:00:56:00 -0200] "GET /test/perl/test.html HTTP/1.0" 200 321 "-" "Mozilla/5.0 (compatible; MJ12bot/v1.4.8; http://mj12bot.com/)"
144.76.2.149 - - [17/Nov/2018:00:56:02 -0200] "GET /test/php/test.html HTTP/1.0" 200 320 "-" "Mozilla/5.0 (compatible; MJ12bot/v1.4.8; http://mj12bot.com/)"
144.76.2.149 - - [17/Nov/2018:00:56:05 -0200] "GET /test/php/test.php HTTP/1.0" 200 962 "-" "Mozilla/5.0 (compatible; MJ12bot/v1.4.8; http://mj12bot.com/)"
144.76.2.149 - - [17/Nov/2018:00:56:07 -0200] "GET /test/python/test.html HTTP/1.0" 200 323 "-" "Mozilla/5.0 (compatible; MJ12bot/v1.4.8; http://mj12bot.com/)"
144.76.2.149 - - [17/Nov/2018:00:56:09 -0200] "GET /test/ssi/test.html HTTP/1.0" 200 320 "-" "Mozilla/5.0 (compatible; MJ12bot/v1.4.8; http://mj12bot.com/)"
144.76.2.149 - - [17/Nov/2018:00:56:11 -0200] "GET /test/ssi/test.shtml HTTP/1.0" 200 846 "-" "Mozilla/5.0 (compatible; MJ12bot/v1.4.8; http://mj12bot.com/)"
66.249.66.39 - - [16/Nov/2018:23:27:12 -0200] "GET / HTTP/1.1" 200 3474 "-" "Mozilla/5.0 (Linux; Android 6.0.1; Nexus 5X Build/MMB29P) AppleWebKit/537.36 (KHTML, like Gecko) Chrome/41.0.2272.96 Mobile Safari/537.36 (compatible; Googlebot/2.1; +http://www.google.com/bot.html)"
144.76.2.149 - - [17/Nov/2018:00:55:52 -0200] "GET /index.html HTTP/1.1" 200 11390 "-" "Mozilla/5.0 (compatible; MJ12bot/v1.4.8; http://mj12bot.com/)"
144.76.2.149 - - [17/Nov/2018:00:55:58 -0200] "GET /test/fcgi/test.html HTTP/1.1" 200 1126 "-" "Mozilla/5.0 (compatible; MJ12bot/v1.4.8; http://mj12bot.com/)"
144.76.2.149 - - [17/Nov/2018:00:56:00 -0200] "GET /test/perl/test.html HTTP/1.1" 200 1129 "-" "Mozilla/5.0 (compatible; MJ12bot/v1.4.8; http://mj12bot.com/)"
144.76.2.149 - - [17/Nov/2018:00:56:02 -0200] "GET /test/php/test.html HTTP/1.1" 200 1120 "-" "Mozilla/5.0 (compatible; MJ12bot/v1.4.8; http://mj12bot.com/)"
144.76.2.149 - - [17/Nov/2018:00:56:07 -0200] "GET /test/python/test.html HTTP/1.1" 200 1123 "-" "Mozilla/5.0 (compatible; MJ12bot/v1.4.8; http://mj12bot.com/)"
144.76.2.149 - - [17/Nov/2018:00:56:09 -0200] "GET /test/ssi/test.html HTTP/1.1" 200 1121 "-" "Mozilla/5.0 (compatible; MJ12bot/v1.4.8; http://mj12bot.com/)"
52.53.201.78 - - [17/Nov/2018:07:10:42 -0200] "GET / HTTP/1.0" 200 312 "-" "Mozilla/5.0 (Macintosh; Intel Mac OS X 10_12_6) AppleWebKit/537.36 (KHTML, like Gecko) Chrome/61.0.3163.100 Safari/537.36"
52.53.201.78 - - [17/Nov/2018:07:10:42 -0200] "GET / HTTP/1.1" 200 3474 "-" "Mozilla/5.0 (Macintosh; Intel Mac OS X 10_12_6) AppleWebKit/537.36 (KHTML, like Gecko) Chrome/61.0.3163.100 Safari/537.36"
66.249.69.199 - - [17/Nov/2018:20:37:59 -0200] "GET /robots.txt HTTP/1.0" 404 917 "-" "Mozilla/5.0 (compatible; Googlebot/2.1; +http://www.google.com/bot.html)"
66.249.69.199 - - [17/Nov/2018:20:38:00 -0200] "GET / HTTP/1.0" 200 312 "-" "Mozilla/5.0 (compatible; Googlebot/2.1; +http://www.google.com/bot.html)"
66.249.69.201 - - [17/Nov/2018:22:16:57 -0200] "GET / HTTP/1.0" 200 312 "-" "Mozilla/5.0 (Linux; Android 6.0.1; Nexus 5X Build/MMB29P) AppleWebKit/537.36 (KHTML, like Gecko) Chrome/41.0.2272.96 Mobile Safari/537.36 (compatible; Googlebot/2.1; +http://www.google.com/bot.html)"
66.249.75.43 - - [18/Nov/2018:02:39:57 -0200] "GET /robots.txt HTTP/1.0" 404 917 "-" "Mozilla/5.0 (compatible; Googlebot/2.1; +http://www.google.com/bot.html)"
66.249.75.41 - - [18/Nov/2018:02:39:57 -0200] "GET / HTTP/1.0" 200 312 "-" "Mozilla/5.0 (compatible; Googlebot/2.1; +http://www.google.com/bot.html)"
66.249.69.199 - - [17/Nov/2018:20:38:00 -0200] "GET / HTTP/1.1" 200 3474 "-" "Mozilla/5.0 (compatible; Googlebot/2.1; +http://www.google.com/bot.html)"
66.249.69.201 - - [17/Nov/2018:22:16:57 -0200] "GET / HTTP/1.1" 200 3474 "-" "Mozilla/5.0 (Linux; Android 6.0.1; Nexus 5X Build/MMB29P) AppleWebKit/537.36 (KHTML, like Gecko) Chrome/41.0.2272.96 Mobile Safari/537.36 (compatible; Googlebot/2.1; +http://www.google.com/bot.html)"
66.249.75.41 - - [18/Nov/2018:02:39:57 -0200] "GET / HTTP/1.1" 200 3474 "-" "Mozilla/5.0 (compatible; Googlebot/2.1; +http://www.google.com/bot.html)"
66.249.66.203 - - [18/Nov/2018:13:44:03 -0200] "GET / HTTP/1.0" 200 312 "-" "Mozilla/5.0 (compatible; Googlebot/2.1; +http://www.google.com/bot.html)"
66.249.66.203 - - [18/Nov/2018:13:44:03 -0200] "GET / HTTP/1.1" 200 3474 "-" "Mozilla/5.0 (compatible; Googlebot/2.1; +http://www.google.com/bot.html)"
34.213.155.165 - - [18/Nov/2018:19:02:45 -0200] "GET / HTTP/1.0" 200 312 "-" "Mozilla/5.0 (Macintosh; PPC Mac OS X 10.10; rv:51.0) Gecko/20100101 Firefox/51.0"
66.249.66.205 - - [19/Nov/2018:00:08:20 -0200] "GET /robots.txt HTTP/1.0" 404 917 "-" "Mozilla/5.0 (compatible; Googlebot/2.1; +http://www.google.com/bot.html)"
66.249.66.201 - - [19/Nov/2018:00:08:20 -0200] "GET / HTTP/1.0" 200 312 "-" "Mozilla/5.0 (compatible; Googlebot/2.1; +http://www.google.com/bot.html)"
34.213.155.165 - - [18/Nov/2018:19:02:46 -0200] "GET / HTTP/1.1" 200 3474 "-" "Mozilla/5.0 (Macintosh; PPC Mac OS X 10.10; rv:51.0) Gecko/20100101 Firefox/51.0"
66.249.66.201 - - [19/Nov/2018:00:08:20 -0200] "GET / HTTP/1.1" 200 3474 "-" "Mozilla/5.0 (compatible; Googlebot/2.1; +http://www.google.com/bot.html)"
52.53.201.78 - - [19/Nov/2018:13:37:10 -0200] "GET / HTTP/1.0" 200 312 "-" "Mozilla/5.0 (Macintosh; Intel Mac OS X 10_12_6) AppleWebKit/537.36 (KHTML, like Gecko) Chrome/61.0.3163.100 Safari/537.36"
52.53.201.78 - - [19/Nov/2018:13:37:10 -0200] "GET / HTTP/1.1" 200 3474 "-" "Mozilla/5.0 (Macintosh; Intel Mac OS X 10_12_6) AppleWebKit/537.36 (KHTML, like Gecko) Chrome/61.0.3163.100 Safari/537.36"
66.249.66.36 - - [19/Nov/2018:20:28:44 -0200] "GET /robots.txt HTTP/1.0" 404 917 "-" "Mozilla/5.0 (compatible; Googlebot/2.1; +http://www.google.com/bot.html)"
66.249.66.41 - - [19/Nov/2018:20:28:44 -0200] "GET / HTTP/1.0" 200 312 "-" "Mozilla/5.0 (compatible; Googlebot/2.1; +http://www.google.com/bot.html)"
66.249.66.39 - - [19/Nov/2018:20:45:03 -0200] "GET / HTTP/1.0" 200 312 "-" "Mozilla/5.0 (Linux; Android 6.0.1; Nexus 5X Build/MMB29P) AppleWebKit/537.36 (KHTML, like Gecko) Chrome/41.0.2272.96 Mobile Safari/537.36 (compatible; Googlebot/2.1; +http://www.google.com/bot.html)"
66.249.66.41 - - [20/Nov/2018:06:12:59 -0200] "GET / HTTP/1.0" 200 312 "-" "Mozilla/5.0 (Linux; Android 6.0.1; Nexus 5X Build/MMB29P) AppleWebKit/537.36 (KHTML, like Gecko) Chrome/41.0.2272.96 Mobile Safari/537.36 (compatible; Googlebot/2.1; +http://www.google.com/bot.html)"
66.249.66.41 - - [20/Nov/2018:06:13:02 -0200] "GET /css/style.css HTTP/1.0" 200 314 "http://www.arktetar.com.br/" "Mozilla/5.0 (Linux; Android 6.0.1; Nexus 5X Build/MMB29P) AppleWebKit/537.36 (KHTML, like Gecko) Chrome/41.0.2272.96 Mobile Safari/537.36 (compatible; Googlebot/2.1; +http://www.google.com/bot.html)"
66.249.66.41 - - [19/Nov/2018:20:28:44 -0200] "GET / HTTP/1.1" 200 3474 "-" "Mozilla/5.0 (compatible; Googlebot/2.1; +http://www.google.com/bot.html)"
66.249.66.39 - - [19/Nov/2018:20:45:03 -0200] "GET / HTTP/1.1" 200 3474 "-" "Mozilla/5.0 (Linux; Android 6.0.1; Nexus 5X Build/MMB29P) AppleWebKit/537.36 (KHTML, like Gecko) Chrome/41.0.2272.96 Mobile Safari/537.36 (compatible; Googlebot/2.1; +http://www.google.com/bot.html)"
66.249.66.41 - - [20/Nov/2018:06:12:59 -0200] "GET / HTTP/1.1" 200 3474 "-" "Mozilla/5.0 (Linux; Android 6.0.1; Nexus 5X Build/MMB29P) AppleWebKit/537.36 (KHTML, like Gecko) Chrome/41.0.2272.96 Mobile Safari/537.36 (compatible; Googlebot/2.1; +http://www.google.com/bot.html)"
66.249.66.41 - - [20/Nov/2018:06:13:02 -0200] "GET /css/style.css HTTP/1.1" 200 1689 "http://www.arktetar.com.br/" "Mozilla/5.0 (Linux; Android 6.0.1; Nexus 5X Build/MMB29P) AppleWebKit/537.36 (KHTML, like Gecko) Chrome/41.0.2272.96 Mobile Safari/537.36 (compatible; Googlebot/2.1; +http://www.google.com/bot.html)"
66.249.66.41 - - [21/Nov/2018:16:50:39 -0200] "GET /robots.txt HTTP/1.0" 404 917 "-" "Mozilla/5.0 (compatible; Googlebot/2.1; +http://www.google.com/bot.html)"
66.249.66.41 - - [21/Nov/2018:16:50:39 -0200] "GET / HTTP/1.0" 200 312 "-" "Mozilla/5.0 (compatible; Googlebot/2.1; +http://www.google.com/bot.html)"
66.249.66.41 - - [21/Nov/2018:16:50:41 -0200] "GET /css/style.css HTTP/1.0" 200 314 "http://www.arktetar.com.br/" "Mozilla/5.0 AppleWebKit/537.36 (KHTML, like Gecko; compatible; Googlebot/2.1; +http://www.google.com/bot.html) Safari/537.36"
66.249.66.36 - - [21/Nov/2018:18:14:47 -0200] "GET / HTTP/1.0" 200 312 "-" "Mozilla/5.0 (Linux; Android 6.0.1; Nexus 5X Build/MMB29P) AppleWebKit/537.36 (KHTML, like Gecko) Chrome/41.0.2272.96 Mobile Safari/537.36 (compatible; Googlebot/2.1; +http://www.google.com/bot.html)"
52.53.201.78 - - [21/Nov/2018:19:32:43 -0200] "GET / HTTP/1.0" 200 312 "-" "Mozilla/5.0 (Macintosh; Intel Mac OS X 10_12_6) AppleWebKit/537.36 (KHTML, like Gecko) Chrome/61.0.3163.100 Safari/537.36"
66.249.66.41 - - [21/Nov/2018:16:50:39 -0200] "GET / HTTP/1.1" 200 3474 "-" "Mozilla/5.0 (compatible; Googlebot/2.1; +http://www.google.com/bot.html)"
66.249.66.41 - - [21/Nov/2018:16:50:41 -0200] "GET /css/style.css HTTP/1.1" 200 1689 "http://www.arktetar.com.br/" "Mozilla/5.0 AppleWebKit/537.36 (KHTML, like Gecko; compatible; Googlebot/2.1; +http://www.google.com/bot.html) Safari/537.36"
66.249.66.36 - - [21/Nov/2018:18:14:47 -0200] "GET / HTTP/1.1" 200 3474 "-" "Mozilla/5.0 (Linux; Android 6.0.1; Nexus 5X Build/MMB29P) AppleWebKit/537.36 (KHTML, like Gecko) Chrome/41.0.2272.96 Mobile Safari/537.36 (compatible; Googlebot/2.1; +http://www.google.com/bot.html)"
52.53.201.78 - - [21/Nov/2018:19:32:43 -0200] "GET / HTTP/1.1" 200 3474 "-" "Mozilla/5.0 (Macintosh; Intel Mac OS X 10_12_6) AppleWebKit/537.36 (KHTML, like Gecko) Chrome/61.0.3163.100 Safari/537.36"
66.249.66.49 - - [22/Nov/2018:02:59:55 -0200] "GET / HTTP/1.0" 200 312 "-" "Mozilla/5.0 (compatible; Googlebot/2.1; +http://www.google.com/bot.html)"
66.249.66.39 - - [22/Nov/2018:04:02:27 -0200] "GET / HTTP/1.0" 200 312 "-" "Mozilla/5.0 (Linux; Android 6.0.1; Nexus 5X Build/MMB29P) AppleWebKit/537.36 (KHTML, like Gecko) Chrome/41.0.2272.96 Mobile Safari/537.36 (compatible; Googlebot/2.1; +http://www.google.com/bot.html)"
66.249.66.49 - - [22/Nov/2018:02:59:55 -0200] "GET / HTTP/1.1" 200 3474 "-" "Mozilla/5.0 (compatible; Googlebot/2.1; +http://www.google.com/bot.html)"
66.249.66.39 - - [22/Nov/2018:04:02:27 -0200] "GET / HTTP/1.1" 200 3474 "-" "Mozilla/5.0 (Linux; Android 6.0.1; Nexus 5X Build/MMB29P) AppleWebKit/537.36 (KHTML, like Gecko) Chrome/41.0.2272.96 Mobile Safari/537.36 (compatible; Googlebot/2.1; +http://www.google.com/bot.html)"
66.249.66.39 - - [23/Nov/2018:08:22:09 -0200] "GET /robots.txt HTTP/1.0" 404 917 "-" "Mozilla/5.0 (compatible; Googlebot/2.1; +http://www.google.com/bot.html)"
66.249.66.36 - - [23/Nov/2018:08:22:10 -0200] "GET / HTTP/1.0" 200 312 "-" "Mozilla/5.0 (compatible; Googlebot/2.1; +http://www.google.com/bot.html)"
66.249.66.36 - - [23/Nov/2018:08:29:04 -0200] "GET / HTTP/1.0" 200 312 "-" "Mozilla/5.0 (Linux; Android 6.0.1; Nexus 5X Build/MMB29P) AppleWebKit/537.36 (KHTML, like Gecko) Chrome/41.0.2272.96 Mobile Safari/537.36 (compatible; Googlebot/2.1; +http://www.google.com/bot.html)"
66.249.66.36 - - [23/Nov/2018:08:22:10 -0200] "GET / HTTP/1.1" 200 3474 "-" "Mozilla/5.0 (compatible; Googlebot/2.1; +http://www.google.com/bot.html)"
66.249.66.36 - - [23/Nov/2018:08:29:04 -0200] "GET / HTTP/1.1" 200 3474 "-" "Mozilla/5.0 (Linux; Android 6.0.1; Nexus 5X Build/MMB29P) AppleWebKit/537.36 (KHTML, like Gecko) Chrome/41.0.2272.96 Mobile Safari/537.36 (compatible; Googlebot/2.1; +http://www.google.com/bot.html)"
198.204.244.90 - - [23/Nov/2018:11:26:29 -0200] "GET /robots.txt HTTP/1.0" 404 1320 "-" "Mozilla/5.0 (compatible; MJ12bot/v1.4.8; http://mj12bot.com/)"
198.204.244.90 - - [23/Nov/2018:11:26:40 -0200] "GET / HTTP/1.0" 200 267 "-" "Mozilla/5.0 (compatible; MJ12bot/v1.4.8; http://mj12bot.com/)"
88.198.69.233 - - [23/Nov/2018:15:23:20 -0200] "GET /robots.txt HTTP/1.0" 404 1320 "-" "Mozilla/5.0 (compatible; MJ12bot/v1.4.8; http://mj12bot.com/)"
88.198.69.233 - - [23/Nov/2018:15:23:21 -0200] "GET /test/fcgi/test.html HTTP/1.0" 200 276 "-" "Mozilla/5.0 (compatible; MJ12bot/v1.4.8; http://mj12bot.com/)"
88.198.69.233 - - [23/Nov/2018:15:23:23 -0200] "GET /test/perl/test.html HTTP/1.0" 200 321 "-" "Mozilla/5.0 (compatible; MJ12bot/v1.4.8; http://mj12bot.com/)"
88.198.69.233 - - [23/Nov/2018:15:23:25 -0200] "GET /test/php/test.html HTTP/1.0" 200 320 "-" "Mozilla/5.0 (compatible; MJ12bot/v1.4.8; http://mj12bot.com/)"
88.198.69.233 - - [23/Nov/2018:15:23:27 -0200] "GET /test/python/test.html HTTP/1.0" 200 323 "-" "Mozilla/5.0 (compatible; MJ12bot/v1.4.8; http://mj12bot.com/)"
88.198.69.233 - - [23/Nov/2018:15:23:29 -0200] "GET /test/ssi/test.html HTTP/1.0" 200 320 "-" "Mozilla/5.0 (compatible; MJ12bot/v1.4.8; http://mj12bot.com/)"
66.133.109.36 - - [23/Nov/2018:17:06:21 -0200] "GET /.well-known/acme-challenge/K_CQqGDVYtmUl_CIXP2uMW2XftDnQvB1fN4Zi-nu5es HTTP/1.0" 200 349 "-" "Mozilla/5.0 (compatible; Let's Encrypt validation server; +https://www.letsencrypt.org)"
66.133.109.36 - - [23/Nov/2018:17:06:24 -0200] "GET /.well-known/acme-challenge/haqbNz8KHZqBRZA6_SVZHtgpC1-i1CMRSN3y05_s59M HTTP/1.0" 200 349 "-" "Mozilla/5.0 (compatible; Let's Encrypt validation server; +https://www.letsencrypt.org)"
198.204.244.90 - - [23/Nov/2018:11:26:40 -0200] "GET / HTTP/1.1" 200 11390 "-" "Mozilla/5.0 (compatible; MJ12bot/v1.4.8; http://mj12bot.com/)"
88.198.69.233 - - [23/Nov/2018:15:23:21 -0200] "GET /test/fcgi/test.html HTTP/1.1" 200 2556 "-" "Mozilla/5.0 (compatible; MJ12bot/v1.4.8; http://mj12bot.com/)"
88.198.69.233 - - [23/Nov/2018:15:23:23 -0200] "GET /test/perl/test.html HTTP/1.1" 200 1129 "-" "Mozilla/5.0 (compatible; MJ12bot/v1.4.8; http://mj12bot.com/)"
88.198.69.233 - - [23/Nov/2018:15:23:25 -0200] "GET /test/php/test.html HTTP/1.1" 200 1120 "-" "Mozilla/5.0 (compatible; MJ12bot/v1.4.8; http://mj12bot.com/)"
88.198.69.233 - - [23/Nov/2018:15:23:27 -0200] "GET /test/python/test.html HTTP/1.1" 200 1123 "-" "Mozilla/5.0 (compatible; MJ12bot/v1.4.8; http://mj12bot.com/)"
88.198.69.233 - - [23/Nov/2018:15:23:29 -0200] "GET /test/ssi/test.html HTTP/1.1" 200 1121 "-" "Mozilla/5.0 (compatible; MJ12bot/v1.4.8; http://mj12bot.com/)"
198.199.92.66 - - [23/Nov/2018:19:25:14 -0200] "GET / HTTP/1.0" 200 312 "-" "Mozilla/5.0 (Windows NT 10.0; Win64; x64; rv:57.0) Gecko/20100101 Firefox/57.0"
198.199.92.66 - - [23/Nov/2018:19:25:15 -0200] "GET /css/style.css HTTP/1.0" 200 314 "http://arktetar.com.br/" "Mozilla/5.0 (Windows NT 10.0; Win64; x64; rv:57.0) Gecko/20100101 Firefox/57.0"
198.199.92.66 - - [23/Nov/2018:19:25:15 -0200] "GET /img/panel-logo.png HTTP/1.0" 200 252 "http://arktetar.com.br/" "Mozilla/5.0 (Windows NT 10.0; Win64; x64; rv:57.0) Gecko/20100101 Firefox/57.0"
198.199.92.66 - - [23/Nov/2018:19:25:15 -0200] "GET /img/apps/pd-box.gif HTTP/1.0" 200 253 "http://arktetar.com.br/" "Mozilla/5.0 (Windows NT 10.0; Win64; x64; rv:57.0) Gecko/20100101 Firefox/57.0"
198.199.92.66 - - [23/Nov/2018:19:25:16 -0200] "GET /img/apps/pdfwl-box.gif HTTP/1.0" 200 256 "http://arktetar.com.br/" "Mozilla/5.0 (Windows NT 10.0; Win64; x64; rv:57.0) Gecko/20100101 Firefox/57.0"
198.199.92.66 - - [23/Nov/2018:19:25:16 -0200] "GET /img/top-bottom.png HTTP/1.0" 200 252 "http://arktetar.com.br/css/style.css" "Mozilla/5.0 (Windows NT 10.0; Win64; x64; rv:57.0) Gecko/20100101 Firefox/57.0"
198.199.92.66 - - [23/Nov/2018:19:25:16 -0200] "GET /img/apps/container-box.gif HTTP/1.0" 200 260 "http://arktetar.com.br/" "Mozilla/5.0 (Windows NT 10.0; Win64; x64; rv:57.0) Gecko/20100101 Firefox/57.0"
198.199.92.66 - - [23/Nov/2018:19:25:16 -0200] "GET /img/apps/pcp-box.gif HTTP/1.0" 200 254 "http://arktetar.com.br/" "Mozilla/5.0 (Windows NT 10.0; Win64; x64; rv:57.0) Gecko/20100101 Firefox/57.0"
198.199.92.66 - - [23/Nov/2018:19:25:16 -0200] "GET /img/apps/poa-box.gif HTTP/1.0" 200 254 "http://arktetar.com.br/" "Mozilla/5.0 (Windows NT 10.0; Win64; x64; rv:57.0) Gecko/20100101 Firefox/57.0"
198.199.92.66 - - [23/Nov/2018:19:25:16 -0200] "GET /img/apps/server-box.gif HTTP/1.0" 200 283 "http://arktetar.com.br/" "Mozilla/5.0 (Windows NT 10.0; Win64; x64; rv:57.0) Gecko/20100101 Firefox/57.0"
198.199.92.66 - - [23/Nov/2018:19:25:17 -0200] "GET /img/globe.png HTTP/1.0" 200 247 "http://arktetar.com.br/css/style.css" "Mozilla/5.0 (Windows NT 10.0; Win64; x64; rv:57.0) Gecko/20100101 Firefox/57.0"
198.199.92.66 - - [23/Nov/2018:19:25:17 -0200] "GET /img/p-box.png HTTP/1.0" 200 1230 "http://arktetar.com.br/css/style.css" "Mozilla/5.0 (Windows NT 10.0; Win64; x64; rv:57.0) Gecko/20100101 Firefox/57.0"
198.199.92.66 - - [23/Nov/2018:19:25:17 -0200] "GET /img/icons/ssi.png HTTP/1.0" 200 251 "http://arktetar.com.br/css/style.css" "Mozilla/5.0 (Windows NT 10.0; Win64; x64; rv:57.0) Gecko/20100101 Firefox/57.0"
198.199.92.66 - - [23/Nov/2018:19:25:17 -0200] "GET /img/icons/perl.png HTTP/1.0" 200 252 "http://arktetar.com.br/css/style.css" "Mozilla/5.0 (Windows NT 10.0; Win64; x64; rv:57.0) Gecko/20100101 Firefox/57.0"
198.199.92.66 - - [23/Nov/2018:19:25:17 -0200] "GET /img/icons/php.png HTTP/1.0" 200 251 "http://arktetar.com.br/css/style.css" "Mozilla/5.0 (Windows NT 10.0; Win64; x64; rv:57.0) Gecko/20100101 Firefox/57.0"
198.199.92.66 - - [23/Nov/2018:19:25:17 -0200] "GET /img/icons/fastcgi.png HTTP/1.0" 200 255 "http://arktetar.com.br/css/style.css" "Mozilla/5.0 (Windows NT 10.0; Win64; x64; rv:57.0) Gecko/20100101 Firefox/57.0"
198.199.92.66 - - [23/Nov/2018:19:25:17 -0200] "GET /img/icons/python.png HTTP/1.0" 200 254 "http://arktetar.com.br/css/style.css" "Mozilla/5.0 (Windows NT 10.0; Win64; x64; rv:57.0) Gecko/20100101 Firefox/57.0"
198.199.92.66 - - [23/Nov/2018:19:25:18 -0200] "GET /img/bullet.gif HTTP/1.0" 200 248 "http://arktetar.com.br/css/style.css" "Mozilla/5.0 (Windows NT 10.0; Win64; x64; rv:57.0) Gecko/20100101 Firefox/57.0"
162.243.128.197 - - [23/Nov/2018:19:26:57 -0200] "GET / HTTP/1.0" 200 312 "-" "Mozilla/5.0 (Windows NT 10.0; Win64; x64; rv:57.0) Gecko/20100101 Firefox/57.0"
162.243.128.197 - - [23/Nov/2018:19:26:57 -0200] "GET /css/style.css HTTP/1.0" 200 314 "http://www.arktetar.com.br/" "Mozilla/5.0 (Windows NT 10.0; Win64; x64; rv:57.0) Gecko/20100101 Firefox/57.0"
162.243.128.197 - - [23/Nov/2018:19:26:57 -0200] "GET /img/panel-logo.png HTTP/1.0" 200 252 "http://www.arktetar.com.br/" "Mozilla/5.0 (Windows NT 10.0; Win64; x64; rv:57.0) Gecko/20100101 Firefox/57.0"
162.243.128.197 - - [23/Nov/2018:19:26:58 -0200] "GET /img/apps/pd-box.gif HTTP/1.0" 200 253 "http://www.arktetar.com.br/" "Mozilla/5.0 (Windows NT 10.0; Win64; x64; rv:57.0) Gecko/20100101 Firefox/57.0"
162.243.128.197 - - [23/Nov/2018:19:26:59 -0200] "GET /img/bullet.gif HTTP/1.0" 200 248 "http://www.arktetar.com.br/css/style.css" "Mozilla/5.0 (Windows NT 10.0; Win64; x64; rv:57.0) Gecko/20100101 Firefox/57.0"
162.243.128.197 - - [23/Nov/2018:19:26:59 -0200] "GET /img/icons/php.png HTTP/1.0" 200 251 "http://www.arktetar.com.br/css/style.css" "Mozilla/5.0 (Windows NT 10.0; Win64; x64; rv:57.0) Gecko/20100101 Firefox/57.0"
162.243.128.197 - - [23/Nov/2018:19:26:59 -0200] "GET /img/icons/perl.png HTTP/1.0" 200 252 "http://www.arktetar.com.br/css/style.css" "Mozilla/5.0 (Windows NT 10.0; Win64; x64; rv:57.0) Gecko/20100101 Firefox/57.0"
162.243.128.197 - - [23/Nov/2018:19:26:59 -0200] "GET /img/globe.png HTTP/1.0" 200 247 "http://www.arktetar.com.br/css/style.css" "Mozilla/5.0 (Windows NT 10.0; Win64; x64; rv:57.0) Gecko/20100101 Firefox/57.0"
162.243.128.197 - - [23/Nov/2018:19:26:59 -0200] "GET /img/top-bottom.png HTTP/1.0" 200 252 "http://www.arktetar.com.br/css/style.css" "Mozilla/5.0 (Windows NT 10.0; Win64; x64; rv:57.0) Gecko/20100101 Firefox/57.0"
162.243.128.197 - - [23/Nov/2018:19:26:59 -0200] "GET /img/icons/ssi.png HTTP/1.0" 200 251 "http://www.arktetar.com.br/css/style.css" "Mozilla/5.0 (Windows NT 10.0; Win64; x64; rv:57.0) Gecko/20100101 Firefox/57.0"
162.243.128.197 - - [23/Nov/2018:19:27:00 -0200] "GET /img/apps/poa-box.gif HTTP/1.0" 200 254 "http://www.arktetar.com.br/" "Mozilla/5.0 (Windows NT 10.0; Win64; x64; rv:57.0) Gecko/20100101 Firefox/57.0"
162.243.128.197 - - [23/Nov/2018:19:27:01 -0200] "GET /img/p-box.png HTTP/1.0" 200 1230 "http://www.arktetar.com.br/css/style.css" "Mozilla/5.0 (Windows NT 10.0; Win64; x64; rv:57.0) Gecko/20100101 Firefox/57.0"
162.243.128.197 - - [23/Nov/2018:19:27:01 -0200] "GET /img/apps/pcp-box.gif HTTP/1.0" 200 254 "http://www.arktetar.com.br/" "Mozilla/5.0 (Windows NT 10.0; Win64; x64; rv:57.0) Gecko/20100101 Firefox/57.0"
5.9.154.68 - - [23/Nov/2018:21:59:11 -0200] "GET /robots.txt HTTP/1.0" 404 1320 "-" "Mozilla/5.0 (compatible; MJ12bot/v1.4.8; http://mj12bot.com/)"
5.9.154.68 - - [23/Nov/2018:21:59:13 -0200] "GET /index.html HTTP/1.0" 200 267 "-" "Mozilla/5.0 (compatible; MJ12bot/v1.4.8; http://mj12bot.com/)"
5.9.154.68 - - [23/Nov/2018:21:59:15 -0200] "GET /test/fcgi/test.fcgi HTTP/1.0" 200 857 "-" "Mozilla/5.0 (compatible; MJ12bot/v1.4.8; http://mj12bot.com/)"
5.9.154.68 - - [23/Nov/2018:21:59:17 -0200] "GET /test/perl/test.pl HTTP/1.0" 200 1272 "-" "Mozilla/5.0 (compatible; MJ12bot/v1.4.8; http://mj12bot.com/)"
5.9.154.68 - - [23/Nov/2018:21:59:18 -0200] "GET /test/php/test.php HTTP/1.0" 200 972 "-" "Mozilla/5.0 (compatible; MJ12bot/v1.4.8; http://mj12bot.com/)"
5.9.154.68 - - [23/Nov/2018:21:59:20 -0200] "GET /test/python/test.py HTTP/1.0" 200 283 "-" "Mozilla/5.0 (compatible; MJ12bot/v1.4.8; http://mj12bot.com/)"
5.9.154.68 - - [23/Nov/2018:21:59:22 -0200] "GET /test/ssi/test.shtml HTTP/1.0" 200 846 "-" "Mozilla/5.0 (compatible; MJ12bot/v1.4.8; http://mj12bot.com/)"
52.53.201.78 - - [24/Nov/2018:01:17:45 -0200] "GET / HTTP/1.0" 200 312 "-" "Mozilla/5.0 (Macintosh; Intel Mac OS X 10_12_6) AppleWebKit/537.36 (KHTML, like Gecko) Chrome/61.0.3163.100 Safari/537.36"
66.249.66.36 - - [24/Nov/2018:06:01:35 -0200] "GET /robots.txt HTTP/1.0" 404 917 "-" "Mozilla/5.0 (compatible; Googlebot/2.1; +http://www.google.com/bot.html)"
66.249.66.41 - - [24/Nov/2018:06:01:36 -0200] "GET / HTTP/1.0" 200 312 "-" "Mozilla/5.0 (Linux; Android 6.0.1; Nexus 5X Build/MMB29P) AppleWebKit/537.36 (KHTML, like Gecko) Chrome/41.0.2272.96 Mobile Safari/537.36 (compatible; Googlebot/2.1; +http://www.google.com/bot.html)"
66.249.66.36 - - [24/Nov/2018:06:01:44 -0200] "GET / HTTP/1.0" 200 312 "-" "Mozilla/5.0 (compatible; Googlebot/2.1; +http://www.google.com/bot.html)"
198.199.92.66 - - [23/Nov/2018:19:25:14 -0200] "GET / HTTP/1.1" 200 3474 "-" "Mozilla/5.0 (Windows NT 10.0; Win64; x64; rv:57.0) Gecko/20100101 Firefox/57.0"
198.199.92.66 - - [23/Nov/2018:19:25:15 -0200] "GET /css/style.css HTTP/1.1" 200 1689 "http://arktetar.com.br/" "Mozilla/5.0 (Windows NT 10.0; Win64; x64; rv:57.0) Gecko/20100101 Firefox/57.0"
198.199.92.66 - - [23/Nov/2018:19:25:15 -0200] "GET /img/panel-logo.png HTTP/1.1" 200 3383 "http://arktetar.com.br/" "Mozilla/5.0 (Windows NT 10.0; Win64; x64; rv:57.0) Gecko/20100101 Firefox/57.0"
198.199.92.66 - - [23/Nov/2018:19:25:15 -0200] "GET /img/apps/pd-box.gif HTTP/1.1" 200 5897 "http://arktetar.com.br/" "Mozilla/5.0 (Windows NT 10.0; Win64; x64; rv:57.0) Gecko/20100101 Firefox/57.0"
198.199.92.66 - - [23/Nov/2018:19:25:16 -0200] "GET /img/apps/pdfwl-box.gif HTTP/1.1" 200 5731 "http://arktetar.com.br/" "Mozilla/5.0 (Windows NT 10.0; Win64; x64; rv:57.0) Gecko/20100101 Firefox/57.0"
198.199.92.66 - - [23/Nov/2018:19:25:16 -0200] "GET /img/top-bottom.png HTTP/1.1" 200 810 "http://arktetar.com.br/css/style.css" "Mozilla/5.0 (Windows NT 10.0; Win64; x64; rv:57.0) Gecko/20100101 Firefox/57.0"
198.199.92.66 - - [23/Nov/2018:19:25:16 -0200] "GET /img/apps/container-box.gif HTTP/1.1" 200 5400 "http://arktetar.com.br/" "Mozilla/5.0 (Windows NT 10.0; Win64; x64; rv:57.0) Gecko/20100101 Firefox/57.0"
198.199.92.66 - - [23/Nov/2018:19:25:16 -0200] "GET /img/apps/pcp-box.gif HTTP/1.1" 200 6420 "http://arktetar.com.br/" "Mozilla/5.0 (Windows NT 10.0; Win64; x64; rv:57.0) Gecko/20100101 Firefox/57.0"
198.199.92.66 - - [23/Nov/2018:19:25:16 -0200] "GET /img/apps/poa-box.gif HTTP/1.1" 200 5928 "http://arktetar.com.br/" "Mozilla/5.0 (Windows NT 10.0; Win64; x64; rv:57.0) Gecko/20100101 Firefox/57.0"
198.199.92.66 - - [23/Nov/2018:19:25:16 -0200] "GET /img/apps/server-box.gif HTTP/1.1" 200 6222 "http://arktetar.com.br/" "Mozilla/5.0 (Windows NT 10.0; Win64; x64; rv:57.0) Gecko/20100101 Firefox/57.0"
198.199.92.66 - - [23/Nov/2018:19:25:17 -0200] "GET /img/icons/ssi.png HTTP/1.1" 200 2593 "http://arktetar.com.br/css/style.css" "Mozilla/5.0 (Windows NT 10.0; Win64; x64; rv:57.0) Gecko/20100101 Firefox/57.0"
198.199.92.66 - - [23/Nov/2018:19:25:17 -0200] "GET /img/icons/perl.png HTTP/1.1" 200 3085 "http://arktetar.com.br/css/style.css" "Mozilla/5.0 (Windows NT 10.0; Win64; x64; rv:57.0) Gecko/20100101 Firefox/57.0"
198.199.92.66 - - [23/Nov/2018:19:25:17 -0200] "GET /img/icons/php.png HTTP/1.1" 200 2401 "http://arktetar.com.br/css/style.css" "Mozilla/5.0 (Windows NT 10.0; Win64; x64; rv:57.0) Gecko/20100101 Firefox/57.0"
198.199.92.66 - - [23/Nov/2018:19:25:17 -0200] "GET /img/icons/fastcgi.png HTTP/1.1" 200 2714 "http://arktetar.com.br/css/style.css" "Mozilla/5.0 (Windows NT 10.0; Win64; x64; rv:57.0) Gecko/20100101 Firefox/57.0"
198.199.92.66 - - [23/Nov/2018:19:25:17 -0200] "GET /img/globe.png HTTP/1.1" 200 46057 "http://arktetar.com.br/css/style.css" "Mozilla/5.0 (Windows NT 10.0; Win64; x64; rv:57.0) Gecko/20100101 Firefox/57.0"
198.199.92.66 - - [23/Nov/2018:19:25:17 -0200] "GET /img/icons/python.png HTTP/1.1" 200 2489 "http://arktetar.com.br/css/style.css" "Mozilla/5.0 (Windows NT 10.0; Win64; x64; rv:57.0) Gecko/20100101 Firefox/57.0"
198.199.92.66 - - [23/Nov/2018:19:25:18 -0200] "GET /img/bullet.gif HTTP/1.1" 200 1213 "http://arktetar.com.br/css/style.css" "Mozilla/5.0 (Windows NT 10.0; Win64; x64; rv:57.0) Gecko/20100101 Firefox/57.0"
162.243.128.197 - - [23/Nov/2018:19:26:57 -0200] "GET / HTTP/1.1" 200 3474 "-" "Mozilla/5.0 (Windows NT 10.0; Win64; x64; rv:57.0) Gecko/20100101 Firefox/57.0"
162.243.128.197 - - [23/Nov/2018:19:26:57 -0200] "GET /css/style.css HTTP/1.1" 200 1689 "http://www.arktetar.com.br/" "Mozilla/5.0 (Windows NT 10.0; Win64; x64; rv:57.0) Gecko/20100101 Firefox/57.0"
162.243.128.197 - - [23/Nov/2018:19:26:57 -0200] "GET /img/panel-logo.png HTTP/1.1" 200 3383 "http://www.arktetar.com.br/" "Mozilla/5.0 (Windows NT 10.0; Win64; x64; rv:57.0) Gecko/20100101 Firefox/57.0"
162.243.128.197 - - [23/Nov/2018:19:26:58 -0200] "GET /img/apps/pd-box.gif HTTP/1.1" 200 5897 "http://www.arktetar.com.br/" "Mozilla/5.0 (Windows NT 10.0; Win64; x64; rv:57.0) Gecko/20100101 Firefox/57.0"
162.243.128.197 - - [23/Nov/2018:19:26:59 -0200] "GET /img/bullet.gif HTTP/1.1" 200 1213 "http://www.arktetar.com.br/css/style.css" "Mozilla/5.0 (Windows NT 10.0; Win64; x64; rv:57.0) Gecko/20100101 Firefox/57.0"
162.243.128.197 - - [23/Nov/2018:19:26:59 -0200] "GET /img/icons/php.png HTTP/1.1" 200 2401 "http://www.arktetar.com.br/css/style.css" "Mozilla/5.0 (Windows NT 10.0; Win64; x64; rv:57.0) Gecko/20100101 Firefox/57.0"
162.243.128.197 - - [23/Nov/2018:19:26:59 -0200] "GET /img/icons/perl.png HTTP/1.1" 200 3085 "http://www.arktetar.com.br/css/style.css" "Mozilla/5.0 (Windows NT 10.0; Win64; x64; rv:57.0) Gecko/20100101 Firefox/57.0"
162.243.128.197 - - [23/Nov/2018:19:26:59 -0200] "GET /img/top-bottom.png HTTP/1.1" 200 810 "http://www.arktetar.com.br/css/style.css" "Mozilla/5.0 (Windows NT 10.0; Win64; x64; rv:57.0) Gecko/20100101 Firefox/57.0"
162.243.128.197 - - [23/Nov/2018:19:26:59 -0200] "GET /img/icons/ssi.png HTTP/1.1" 200 2593 "http://www.arktetar.com.br/css/style.css" "Mozilla/5.0 (Windows NT 10.0; Win64; x64; rv:57.0) Gecko/20100101 Firefox/57.0"
162.243.128.197 - - [23/Nov/2018:19:26:59 -0200] "GET /img/globe.png HTTP/1.1" 200 46057 "http://www.arktetar.com.br/css/style.css" "Mozilla/5.0 (Windows NT 10.0; Win64; x64; rv:57.0) Gecko/20100101 Firefox/57.0"
162.243.128.197 - - [23/Nov/2018:19:27:00 -0200] "GET /img/apps/poa-box.gif HTTP/1.1" 200 5928 "http://www.arktetar.com.br/" "Mozilla/5.0 (Windows NT 10.0; Win64; x64; rv:57.0) Gecko/20100101 Firefox/57.0"
162.243.128.197 - - [23/Nov/2018:19:27:01 -0200] "GET /img/apps/pcp-box.gif HTTP/1.1" 200 6420 "http://www.arktetar.com.br/" "Mozilla/5.0 (Windows NT 10.0; Win64; x64; rv:57.0) Gecko/20100101 Firefox/57.0"
5.9.154.68 - - [23/Nov/2018:21:59:13 -0200] "GET /index.html HTTP/1.1" 200 11390 "-" "Mozilla/5.0 (compatible; MJ12bot/v1.4.8; http://mj12bot.com/)"
5.9.154.68 - - [23/Nov/2018:21:59:20 -0200] "GET /test/python/test.py HTTP/1.1" 200 1403 "-" "Mozilla/5.0 (compatible; MJ12bot/v1.4.8; http://mj12bot.com/)"
52.53.201.78 - - [24/Nov/2018:01:17:45 -0200] "GET / HTTP/1.1" 200 3474 "-" "Mozilla/5.0 (Macintosh; Intel Mac OS X 10_12_6) AppleWebKit/537.36 (KHTML, like Gecko) Chrome/61.0.3163.100 Safari/537.36"
66.249.66.41 - - [24/Nov/2018:06:01:36 -0200] "GET / HTTP/1.1" 200 3474 "-" "Mozilla/5.0 (Linux; Android 6.0.1; Nexus 5X Build/MMB29P) AppleWebKit/537.36 (KHTML, like Gecko) Chrome/41.0.2272.96 Mobile Safari/537.36 (compatible; Googlebot/2.1; +http://www.google.com/bot.html)"
66.249.66.36 - - [24/Nov/2018:06:01:44 -0200] "GET / HTTP/1.1" 200 3474 "-" "Mozilla/5.0 (compatible; Googlebot/2.1; +http://www.google.com/bot.html)"
66.249.65.83 - - [24/Nov/2018:15:39:47 -0200] "GET / HTTP/1.0" 200 312 "-" "Mozilla/5.0 (Linux; Android 6.0.1; Nexus 5X Build/MMB29P) AppleWebKit/537.36 (KHTML, like Gecko) Chrome/41.0.2272.96 Mobile Safari/537.36 (compatible; Googlebot/2.1; +http://www.google.com/bot.html)"
66.249.65.81 - - [24/Nov/2018:15:39:49 -0200] "GET /css/style.css HTTP/1.0" 200 314 "http://www.arktetar.com.br/" "Mozilla/5.0 (Linux; Android 6.0.1; Nexus 5X Build/MMB29P) AppleWebKit/537.36 (KHTML, like Gecko) Chrome/41.0.2272.96 Mobile Safari/537.36 (compatible; Googlebot/2.1; +http://www.google.com/bot.html)"
66.249.65.83 - - [24/Nov/2018:15:39:47 -0200] "GET / HTTP/1.1" 200 3474 "-" "Mozilla/5.0 (Linux; Android 6.0.1; Nexus 5X Build/MMB29P) AppleWebKit/537.36 (KHTML, like Gecko) Chrome/41.0.2272.96 Mobile Safari/537.36 (compatible; Googlebot/2.1; +http://www.google.com/bot.html)"
66.249.65.81 - - [24/Nov/2018:15:39:49 -0200] "GET /css/style.css HTTP/1.1" 200 1689 "http://www.arktetar.com.br/" "Mozilla/5.0 (Linux; Android 6.0.1; Nexus 5X Build/MMB29P) AppleWebKit/537.36 (KHTML, like Gecko) Chrome/41.0.2272.96 Mobile Safari/537.36 (compatible; Googlebot/2.1; +http://www.google.com/bot.html)"
66.249.65.81 - - [25/Nov/2018:10:52:20 -0200] "GET /robots.txt HTTP/1.0" 404 917 "-" "Mozilla/5.0 (compatible; Googlebot/2.1; +http://www.google.com/bot.html)"
66.249.65.81 - - [25/Nov/2018:10:52:20 -0200] "GET / HTTP/1.0" 200 312 "-" "Mozilla/5.0 (compatible; Googlebot/2.1; +http://www.google.com/bot.html)"
66.249.66.39 - - [25/Nov/2018:13:33:30 -0200] "GET / HTTP/1.0" 200 312 "-" "Mozilla/5.0 (Linux; Android 6.0.1; Nexus 5X Build/MMB29P) AppleWebKit/537.36 (KHTML, like Gecko) Chrome/41.0.2272.96 Mobile Safari/537.36 (compatible; Googlebot/2.1; +http://www.google.com/bot.html)"
66.249.65.81 - - [25/Nov/2018:10:52:20 -0200] "GET / HTTP/1.1" 200 3474 "-" "Mozilla/5.0 (compatible; Googlebot/2.1; +http://www.google.com/bot.html)"
66.249.66.39 - - [25/Nov/2018:13:33:30 -0200] "GET / HTTP/1.1" 200 3474 "-" "Mozilla/5.0 (Linux; Android 6.0.1; Nexus 5X Build/MMB29P) AppleWebKit/537.36 (KHTML, like Gecko) Chrome/41.0.2272.96 Mobile Safari/537.36 (compatible; Googlebot/2.1; +http://www.google.com/bot.html)"
66.249.66.39 - - [25/Nov/2018:20:30:58 -0200] "GET / HTTP/1.0" 200 312 "-" "Mozilla/5.0 (compatible; Googlebot/2.1; +http://www.google.com/bot.html)"
52.53.201.78 - - [26/Nov/2018:06:28:54 -0200] "GET / HTTP/1.0" 200 312 "-" "Mozilla/5.0 (Macintosh; Intel Mac OS X 10_12_6) AppleWebKit/537.36 (KHTML, like Gecko) Chrome/61.0.3163.100 Safari/537.36"
66.249.66.39 - - [25/Nov/2018:20:30:58 -0200] "GET / HTTP/1.1" 200 3474 "-" "Mozilla/5.0 (compatible; Googlebot/2.1; +http://www.google.com/bot.html)"
52.53.201.78 - - [26/Nov/2018:06:28:54 -0200] "GET / HTTP/1.1" 200 3474 "-" "Mozilla/5.0 (Macintosh; Intel Mac OS X 10_12_6) AppleWebKit/537.36 (KHTML, like Gecko) Chrome/61.0.3163.100 Safari/537.36"
66.249.66.39 - - [26/Nov/2018:17:00:07 -0200] "GET /robots.txt HTTP/1.0" 404 917 "-" "Mozilla/5.0 (compatible; Googlebot/2.1; +http://www.google.com/bot.html)"
66.249.66.36 - - [26/Nov/2018:17:00:07 -0200] "GET / HTTP/1.0" 200 312 "-" "Mozilla/5.0 (Linux; Android 6.0.1; Nexus 5X Build/MMB29P) AppleWebKit/537.36 (KHTML, like Gecko) Chrome/41.0.2272.96 Mobile Safari/537.36 (compatible; Googlebot/2.1; +http://www.google.com/bot.html)"
66.249.66.36 - - [26/Nov/2018:17:00:07 -0200] "GET / HTTP/1.1" 200 3474 "-" "Mozilla/5.0 (Linux; Android 6.0.1; Nexus 5X Build/MMB29P) AppleWebKit/537.36 (KHTML, like Gecko) Chrome/41.0.2272.96 Mobile Safari/537.36 (compatible; Googlebot/2.1; +http://www.google.com/bot.html)"
66.249.66.203 - - [27/Nov/2018:01:54:05 -0200] "GET /robots.txt HTTP/1.0" 404 917 "-" "Mozilla/5.0 (compatible; Googlebot/2.1; +http://www.google.com/bot.html)"
66.249.66.201 - - [27/Nov/2018:01:54:05 -0200] "GET / HTTP/1.0" 200 312 "-" "Mozilla/5.0 (compatible; Googlebot/2.1; +http://www.google.com/bot.html)"
66.249.66.201 - - [27/Nov/2018:01:54:05 -0200] "GET / HTTP/1.1" 200 3474 "-" "Mozilla/5.0 (compatible; Googlebot/2.1; +http://www.google.com/bot.html)"
64.246.178.34 - - [27/Nov/2018:23:58:52 -0200] "GET /robots.txt HTTP/1.0" 404 1320 "-" "Mozilla/5.0 (Macintosh; Intel Mac OS X 10.10; rv:59.0) Gecko/20100101 Firefox/59.0"
64.246.178.34 - - [27/Nov/2018:23:58:52 -0200] "GET / HTTP/1.0" 200 312 "-" "Mozilla/5.0 (Macintosh; Intel Mac OS X 10.10; rv:59.0) Gecko/20100101 Firefox/59.0"
64.246.178.34 - - [27/Nov/2018:23:58:52 -0200] "GET / HTTP/1.1" 200 3474 "-" "Mozilla/5.0 (Macintosh; Intel Mac OS X 10.10; rv:59.0) Gecko/20100101 Firefox/59.0"
52.53.201.78 - - [28/Nov/2018:12:13:03 -0200] "GET / HTTP/1.0" 200 312 "-" "Mozilla/5.0 (Macintosh; Intel Mac OS X 10_12_6) AppleWebKit/537.36 (KHTML, like Gecko) Chrome/61.0.3163.100 Safari/537.36"
52.53.201.78 - - [28/Nov/2018:12:13:03 -0200] "GET / HTTP/1.1" 200 3474 "-" "Mozilla/5.0 (Macintosh; Intel Mac OS X 10_12_6) AppleWebKit/537.36 (KHTML, like Gecko) Chrome/61.0.3163.100 Safari/537.36"
52.39.60.106 - - [28/Nov/2018:23:07:24 -0200] "GET / HTTP/1.0" 200 312 "-" "Mozilla/5.0 (Windows NT 6.1; WOW64; rv:55.0) Gecko/20100101 Firefox/55.0"
52.39.60.106 - - [28/Nov/2018:23:07:24 -0200] "GET / HTTP/1.1" 200 3474 "-" "Mozilla/5.0 (Windows NT 6.1; WOW64; rv:55.0) Gecko/20100101 Firefox/55.0"
66.249.66.39 - - [29/Nov/2018:17:34:29 -0200] "GET /robots.txt HTTP/1.0" 404 917 "-" "Mozilla/5.0 (compatible; Googlebot/2.1; +http://www.google.com/bot.html)"
66.249.66.36 - - [29/Nov/2018:17:34:29 -0200] "GET / HTTP/1.0" 200 312 "-" "Mozilla/5.0 (compatible; Googlebot/2.1; +http://www.google.com/bot.html)"
66.249.66.36 - - [29/Nov/2018:17:34:29 -0200] "GET / HTTP/1.1" 200 3474 "-" "Mozilla/5.0 (compatible; Googlebot/2.1; +http://www.google.com/bot.html)"
66.249.66.36 - - [30/Nov/2018:08:18:54 -0200] "GET /robots.txt HTTP/1.0" 404 917 "-" "Mozilla/5.0 (compatible; Googlebot/2.1; +http://www.google.com/bot.html)"
66.249.66.36 - - [30/Nov/2018:08:18:55 -0200] "GET / HTTP/1.0" 200 312 "-" "Mozilla/5.0 (Linux; Android 6.0.1; Nexus 5X Build/MMB29P) AppleWebKit/537.36 (KHTML, like Gecko) Chrome/41.0.2272.96 Mobile Safari/537.36 (compatible; Googlebot/2.1; +http://www.google.com/bot.html)"
177.22.144.234 - - [30/Nov/2018:08:22:20 -0200] "GET / HTTP/1.0" 200 312 "-" "Mozilla/5.0 (Windows NT 6.0) AppleWebKit/537.36 (KHTML, like Gecko) Chrome/49.0.2623.112 Safari/537.36"
177.22.144.234 - - [30/Nov/2018:08:22:20 -0200] "GET /css/style.css HTTP/1.0" 200 314 "http://www.arktetar.com.br/" "Mozilla/5.0 (Windows NT 6.0) AppleWebKit/537.36 (KHTML, like Gecko) Chrome/49.0.2623.112 Safari/537.36"
177.22.144.234 - - [30/Nov/2018:08:22:20 -0200] "GET /img/panel-logo.png HTTP/1.0" 200 252 "http://www.arktetar.com.br/" "Mozilla/5.0 (Windows NT 6.0) AppleWebKit/537.36 (KHTML, like Gecko) Chrome/49.0.2623.112 Safari/537.36"
177.22.144.234 - - [30/Nov/2018:08:22:21 -0200] "GET /img/apps/pd-box.gif HTTP/1.0" 200 253 "http://www.arktetar.com.br/" "Mozilla/5.0 (Windows NT 6.0) AppleWebKit/537.36 (KHTML, like Gecko) Chrome/49.0.2623.112 Safari/537.36"
177.22.144.234 - - [30/Nov/2018:08:22:21 -0200] "GET /img/apps/container-box.gif HTTP/1.0" 200 260 "http://www.arktetar.com.br/" "Mozilla/5.0 (Windows NT 6.0) AppleWebKit/537.36 (KHTML, like Gecko) Chrome/49.0.2623.112 Safari/537.36"
177.22.144.234 - - [30/Nov/2018:08:22:21 -0200] "GET /img/apps/pdfwl-box.gif HTTP/1.0" 200 256 "http://www.arktetar.com.br/" "Mozilla/5.0 (Windows NT 6.0) AppleWebKit/537.36 (KHTML, like Gecko) Chrome/49.0.2623.112 Safari/537.36"
177.22.144.234 - - [30/Nov/2018:08:22:21 -0200] "GET /img/apps/server-box.gif HTTP/1.0" 200 283 "http://www.arktetar.com.br/" "Mozilla/5.0 (Windows NT 6.0) AppleWebKit/537.36 (KHTML, like Gecko) Chrome/49.0.2623.112 Safari/537.36"
177.22.144.234 - - [30/Nov/2018:08:22:21 -0200] "GET /img/apps/pcp-box.gif HTTP/1.0" 200 254 "http://www.arktetar.com.br/" "Mozilla/5.0 (Windows NT 6.0) AppleWebKit/537.36 (KHTML, like Gecko) Chrome/49.0.2623.112 Safari/537.36"
177.22.144.234 - - [30/Nov/2018:08:22:21 -0200] "GET /img/icons/python.png HTTP/1.0" 200 254 "http://www.arktetar.com.br/css/style.css" "Mozilla/5.0 (Windows NT 6.0) AppleWebKit/537.36 (KHTML, like Gecko) Chrome/49.0.2623.112 Safari/537.36"
177.22.144.234 - - [30/Nov/2018:08:22:21 -0200] "GET /img/icons/ssi.png HTTP/1.0" 200 251 "http://www.arktetar.com.br/css/style.css" "Mozilla/5.0 (Windows NT 6.0) AppleWebKit/537.36 (KHTML, like Gecko) Chrome/49.0.2623.112 Safari/537.36"
177.22.144.234 - - [30/Nov/2018:08:22:21 -0200] "GET /img/p-box.png HTTP/1.0" 200 1230 "http://www.arktetar.com.br/css/style.css" "Mozilla/5.0 (Windows NT 6.0) AppleWebKit/537.36 (KHTML, like Gecko) Chrome/49.0.2623.112 Safari/537.36"
177.22.144.234 - - [30/Nov/2018:08:22:21 -0200] "GET /img/top-bottom.png HTTP/1.0" 200 252 "http://www.arktetar.com.br/css/style.css" "Mozilla/5.0 (Windows NT 6.0) AppleWebKit/537.36 (KHTML, like Gecko) Chrome/49.0.2623.112 Safari/537.36"
177.22.144.234 - - [30/Nov/2018:08:22:21 -0200] "GET /img/globe.png HTTP/1.0" 200 247 "http://www.arktetar.com.br/css/style.css" "Mozilla/5.0 (Windows NT 6.0) AppleWebKit/537.36 (KHTML, like Gecko) Chrome/49.0.2623.112 Safari/537.36"
177.22.144.234 - - [30/Nov/2018:08:22:21 -0200] "GET /img/icons/fastcgi.png HTTP/1.0" 200 255 "http://www.arktetar.com.br/css/style.css" "Mozilla/5.0 (Windows NT 6.0) AppleWebKit/537.36 (KHTML, like Gecko) Chrome/49.0.2623.112 Safari/537.36"
177.22.144.234 - - [30/Nov/2018:08:22:21 -0200] "GET /img/apps/poa-box.gif HTTP/1.0" 200 254 "http://www.arktetar.com.br/" "Mozilla/5.0 (Windows NT 6.0) AppleWebKit/537.36 (KHTML, like Gecko) Chrome/49.0.2623.112 Safari/537.36"
177.22.144.234 - - [30/Nov/2018:08:22:21 -0200] "GET /img/icons/php.png HTTP/1.0" 200 251 "http://www.arktetar.com.br/css/style.css" "Mozilla/5.0 (Windows NT 6.0) AppleWebKit/537.36 (KHTML, like Gecko) Chrome/49.0.2623.112 Safari/537.36"
177.22.144.234 - - [30/Nov/2018:08:22:21 -0200] "GET /img/bullet.gif HTTP/1.0" 200 248 "http://www.arktetar.com.br/css/style.css" "Mozilla/5.0 (Windows NT 6.0) AppleWebKit/537.36 (KHTML, like Gecko) Chrome/49.0.2623.112 Safari/537.36"
177.22.144.234 - - [30/Nov/2018:08:22:21 -0200] "GET /img/icons/perl.png HTTP/1.0" 200 252 "http://www.arktetar.com.br/css/style.css" "Mozilla/5.0 (Windows NT 6.0) AppleWebKit/537.36 (KHTML, like Gecko) Chrome/49.0.2623.112 Safari/537.36"
177.22.144.234 - - [30/Nov/2018:08:22:29 -0200] "GET /favicon.ico HTTP/1.0" 200 260 "http://www.arktetar.com.br/" "Mozilla/5.0 (Windows NT 6.0) AppleWebKit/537.36 (KHTML, like Gecko) Chrome/49.0.2623.112 Safari/537.36"
66.249.66.36 - - [30/Nov/2018:08:18:55 -0200] "GET / HTTP/1.1" 200 3474 "-" "Mozilla/5.0 (Linux; Android 6.0.1; Nexus 5X Build/MMB29P) AppleWebKit/537.36 (KHTML, like Gecko) Chrome/41.0.2272.96 Mobile Safari/537.36 (compatible; Googlebot/2.1; +http://www.google.com/bot.html)"
177.22.144.234 - - [30/Nov/2018:08:22:20 -0200] "GET / HTTP/1.1" 200 3474 "-" "Mozilla/5.0 (Windows NT 6.0) AppleWebKit/537.36 (KHTML, like Gecko) Chrome/49.0.2623.112 Safari/537.36"
177.22.144.234 - - [30/Nov/2018:08:22:20 -0200] "GET /css/style.css HTTP/1.1" 200 1689 "http://www.arktetar.com.br/" "Mozilla/5.0 (Windows NT 6.0) AppleWebKit/537.36 (KHTML, like Gecko) Chrome/49.0.2623.112 Safari/537.36"
177.22.144.234 - - [30/Nov/2018:08:22:20 -0200] "GET /img/panel-logo.png HTTP/1.1" 200 3383 "http://www.arktetar.com.br/" "Mozilla/5.0 (Windows NT 6.0) AppleWebKit/537.36 (KHTML, like Gecko) Chrome/49.0.2623.112 Safari/537.36"
177.22.144.234 - - [30/Nov/2018:08:22:21 -0200] "GET /img/apps/pd-box.gif HTTP/1.1" 200 5897 "http://www.arktetar.com.br/" "Mozilla/5.0 (Windows NT 6.0) AppleWebKit/537.36 (KHTML, like Gecko) Chrome/49.0.2623.112 Safari/537.36"
177.22.144.234 - - [30/Nov/2018:08:22:21 -0200] "GET /img/apps/container-box.gif HTTP/1.1" 200 5400 "http://www.arktetar.com.br/" "Mozilla/5.0 (Windows NT 6.0) AppleWebKit/537.36 (KHTML, like Gecko) Chrome/49.0.2623.112 Safari/537.36"
177.22.144.234 - - [30/Nov/2018:08:22:21 -0200] "GET /img/apps/pdfwl-box.gif HTTP/1.1" 200 5731 "http://www.arktetar.com.br/" "Mozilla/5.0 (Windows NT 6.0) AppleWebKit/537.36 (KHTML, like Gecko) Chrome/49.0.2623.112 Safari/537.36"
177.22.144.234 - - [30/Nov/2018:08:22:21 -0200] "GET /img/apps/server-box.gif HTTP/1.1" 200 6222 "http://www.arktetar.com.br/" "Mozilla/5.0 (Windows NT 6.0) AppleWebKit/537.36 (KHTML, like Gecko) Chrome/49.0.2623.112 Safari/537.36"
177.22.144.234 - - [30/Nov/2018:08:22:21 -0200] "GET /img/apps/pcp-box.gif HTTP/1.1" 200 6420 "http://www.arktetar.com.br/" "Mozilla/5.0 (Windows NT 6.0) AppleWebKit/537.36 (KHTML, like Gecko) Chrome/49.0.2623.112 Safari/537.36"
177.22.144.234 - - [30/Nov/2018:08:22:21 -0200] "GET /img/icons/python.png HTTP/1.1" 200 2489 "http://www.arktetar.com.br/css/style.css" "Mozilla/5.0 (Windows NT 6.0) AppleWebKit/537.36 (KHTML, like Gecko) Chrome/49.0.2623.112 Safari/537.36"
177.22.144.234 - - [30/Nov/2018:08:22:21 -0200] "GET /img/icons/ssi.png HTTP/1.1" 200 2593 "http://www.arktetar.com.br/css/style.css" "Mozilla/5.0 (Windows NT 6.0) AppleWebKit/537.36 (KHTML, like Gecko) Chrome/49.0.2623.112 Safari/537.36"
177.22.144.234 - - [30/Nov/2018:08:22:21 -0200] "GET /img/top-bottom.png HTTP/1.1" 200 810 "http://www.arktetar.com.br/css/style.css" "Mozilla/5.0 (Windows NT 6.0) AppleWebKit/537.36 (KHTML, like Gecko) Chrome/49.0.2623.112 Safari/537.36"
177.22.144.234 - - [30/Nov/2018:08:22:21 -0200] "GET /img/icons/fastcgi.png HTTP/1.1" 200 2714 "http://www.arktetar.com.br/css/style.css" "Mozilla/5.0 (Windows NT 6.0) AppleWebKit/537.36 (KHTML, like Gecko) Chrome/49.0.2623.112 Safari/537.36"
177.22.144.234 - - [30/Nov/2018:08:22:21 -0200] "GET /img/apps/poa-box.gif HTTP/1.1" 200 5928 "http://www.arktetar.com.br/" "Mozilla/5.0 (Windows NT 6.0) AppleWebKit/537.36 (KHTML, like Gecko) Chrome/49.0.2623.112 Safari/537.36"
177.22.144.234 - - [30/Nov/2018:08:22:21 -0200] "GET /img/globe.png HTTP/1.1" 200 46057 "http://www.arktetar.com.br/css/style.css" "Mozilla/5.0 (Windows NT 6.0) AppleWebKit/537.36 (KHTML, like Gecko) Chrome/49.0.2623.112 Safari/537.36"
177.22.144.234 - - [30/Nov/2018:08:22:21 -0200] "GET /img/icons/php.png HTTP/1.1" 200 2401 "http://www.arktetar.com.br/css/style.css" "Mozilla/5.0 (Windows NT 6.0) AppleWebKit/537.36 (KHTML, like Gecko) Chrome/49.0.2623.112 Safari/537.36"
177.22.144.234 - - [30/Nov/2018:08:22:21 -0200] "GET /img/bullet.gif HTTP/1.1" 200 1213 "http://www.arktetar.com.br/css/style.css" "Mozilla/5.0 (Windows NT 6.0) AppleWebKit/537.36 (KHTML, like Gecko) Chrome/49.0.2623.112 Safari/537.36"
177.22.144.234 - - [30/Nov/2018:08:22:21 -0200] "GET /img/icons/perl.png HTTP/1.1" 200 3085 "http://www.arktetar.com.br/css/style.css" "Mozilla/5.0 (Windows NT 6.0) AppleWebKit/537.36 (KHTML, like Gecko) Chrome/49.0.2623.112 Safari/537.36"
177.22.144.234 - - [30/Nov/2018:08:22:29 -0200] "GET /favicon.ico HTTP/1.1" 200 1150 "http://www.arktetar.com.br/" "Mozilla/5.0 (Windows NT 6.0) AppleWebKit/537.36 (KHTML, like Gecko) Chrome/49.0.2623.112 Safari/537.36"
52.53.201.78 - - [30/Nov/2018:18:01:17 -0200] "GET / HTTP/1.0" 200 312 "-" "Mozilla/5.0 (Macintosh; Intel Mac OS X 10_12_6) AppleWebKit/537.36 (KHTML, like Gecko) Chrome/61.0.3163.100 Safari/537.36"
52.53.201.78 - - [30/Nov/2018:18:01:18 -0200] "GET / HTTP/1.1" 200 3474 "-" "Mozilla/5.0 (Macintosh; Intel Mac OS X 10_12_6) AppleWebKit/537.36 (KHTML, like Gecko) Chrome/61.0.3163.100 Safari/537.36"
66.249.66.41 - - [30/Nov/2018:23:18:06 -0200] "GET /robots.txt HTTP/1.0" 404 917 "-" "Mozilla/5.0 (compatible; Googlebot/2.1; +http://www.google.com/bot.html)"
66.249.66.39 - - [30/Nov/2018:23:18:08 -0200] "GET / HTTP/1.0" 200 312 "-" "Mozilla/5.0 (compatible; Googlebot/2.1; +http://www.google.com/bot.html)"
66.249.66.36 - - [01/Dec/2018:02:22:55 -0200] "GET / HTTP/1.0" 200 312 "-" "Mozilla/5.0 (Linux; Android 6.0.1; Nexus 5X Build/MMB29P) AppleWebKit/537.36 (KHTML, like Gecko) Chrome/41.0.2272.96 Mobile Safari/537.36 (compatible; Googlebot/2.1; +http://www.google.com/bot.html)"
66.249.66.39 - - [30/Nov/2018:23:18:08 -0200] "GET / HTTP/1.1" 200 3474 "-" "Mozilla/5.0 (compatible; Googlebot/2.1; +http://www.google.com/bot.html)"
66.249.66.36 - - [01/Dec/2018:02:22:55 -0200] "GET / HTTP/1.1" 200 3474 "-" "Mozilla/5.0 (Linux; Android 6.0.1; Nexus 5X Build/MMB29P) AppleWebKit/537.36 (KHTML, like Gecko) Chrome/41.0.2272.96 Mobile Safari/537.36 (compatible; Googlebot/2.1; +http://www.google.com/bot.html)"
104.227.246.106 - - [01/Dec/2018:06:36:49 -0200] "GET / HTTP/1.0" 200 267 "-" "Mozilla/5.0 (Windows NT 6.1; WOW64) AppleWebKit/537.36 (KHTML, like Gecko) Chrome/34.0.1847.131 Safari/537.36"
104.227.246.106 - - [01/Dec/2018:06:36:50 -0200] "GET / HTTP/1.0" 200 267 "-" "Mozilla/5.0 (Windows NT 6.1; WOW64) AppleWebKit/537.36 (KHTML, like Gecko) Chrome/34.0.1847.131 Safari/537.36"
104.227.246.106 - - [01/Dec/2018:06:36:49 -0200] "GET / HTTP/1.1" 200 11390 "-" "Mozilla/5.0 (Windows NT 6.1; WOW64) AppleWebKit/537.36 (KHTML, like Gecko) Chrome/34.0.1847.131 Safari/537.36"
104.227.246.106 - - [01/Dec/2018:06:36:50 -0200] "GET / HTTP/1.1" 200 11390 "-" "Mozilla/5.0 (Windows NT 6.1; WOW64) AppleWebKit/537.36 (KHTML, like Gecko) Chrome/34.0.1847.131 Safari/537.36"
176.74.192.71 - - [01/Dec/2018:09:07:13 -0200] "GET / HTTP/1.0" 200 312 "-" "Mozilla/5.0 (X11; Linux x86_64; rv:63.0) Gecko/20100101 Firefox/63.0"
176.74.192.71 - - [01/Dec/2018:09:07:14 -0200] "GET /css/style.css HTTP/1.0" 200 314 "http://arktetar.com.br/" "Mozilla/5.0 (X11; Linux x86_64; rv:63.0) Gecko/20100101 Firefox/63.0"
176.74.192.71 - - [01/Dec/2018:09:07:14 -0200] "GET /img/top-bottom.png HTTP/1.0" 200 252 "http://arktetar.com.br/" "Mozilla/5.0 (X11; Linux x86_64; rv:63.0) Gecko/20100101 Firefox/63.0"
176.74.192.71 - - [01/Dec/2018:09:07:15 -0200] "GET /img/panel-logo.png HTTP/1.0" 200 252 "http://arktetar.com.br/" "Mozilla/5.0 (X11; Linux x86_64; rv:63.0) Gecko/20100101 Firefox/63.0"
176.74.192.71 - - [01/Dec/2018:09:07:15 -0200] "GET /img/apps/pd-box.gif HTTP/1.0" 200 253 "http://arktetar.com.br/" "Mozilla/5.0 (X11; Linux x86_64; rv:63.0) Gecko/20100101 Firefox/63.0"
176.74.192.71 - - [01/Dec/2018:09:07:15 -0200] "GET /img/apps/server-box.gif HTTP/1.0" 200 283 "http://arktetar.com.br/" "Mozilla/5.0 (X11; Linux x86_64; rv:63.0) Gecko/20100101 Firefox/63.0"
176.74.192.71 - - [01/Dec/2018:09:07:15 -0200] "GET /img/apps/container-box.gif HTTP/1.0" 200 260 "http://arktetar.com.br/" "Mozilla/5.0 (X11; Linux x86_64; rv:63.0) Gecko/20100101 Firefox/63.0"
176.74.192.71 - - [01/Dec/2018:09:07:15 -0200] "GET /img/apps/pdfwl-box.gif HTTP/1.0" 200 256 "http://arktetar.com.br/" "Mozilla/5.0 (X11; Linux x86_64; rv:63.0) Gecko/20100101 Firefox/63.0"
176.74.192.71 - - [01/Dec/2018:09:07:15 -0200] "GET /img/apps/poa-box.gif HTTP/1.0" 200 254 "http://arktetar.com.br/" "Mozilla/5.0 (X11; Linux x86_64; rv:63.0) Gecko/20100101 Firefox/63.0"
176.74.192.71 - - [01/Dec/2018:09:07:15 -0200] "GET /img/apps/pcp-box.gif HTTP/1.0" 200 254 "http://arktetar.com.br/" "Mozilla/5.0 (X11; Linux x86_64; rv:63.0) Gecko/20100101 Firefox/63.0"
176.74.192.71 - - [01/Dec/2018:09:07:15 -0200] "GET /img/p-box.png HTTP/1.0" 200 1230 "http://arktetar.com.br/" "Mozilla/5.0 (X11; Linux x86_64; rv:63.0) Gecko/20100101 Firefox/63.0"
