173.252.127.4 - - [15/Oct/2018:04:20:47 -0300] "GET /img/apps/pd-box.gif HTTP/1.0" 200 253 "http://arktetar.com.br/" "facebookexternalhit/1.1 (+http://www.facebook.com/externalhit_uatext.php)"
173.252.127.21 - - [15/Oct/2018:04:20:47 -0300] "GET /img/apps/poa-box.gif HTTP/1.0" 200 254 "http://arktetar.com.br/" "facebookexternalhit/1.1 (+http://www.facebook.com/externalhit_uatext.php)"
173.252.127.7 - - [15/Oct/2018:04:20:47 -0300] "GET /img/globe.png HTTP/1.0" 200 247 "http://arktetar.com.br/css/style.css" "facebookexternalhit/1.1 (+http://www.facebook.com/externalhit_uatext.php)"
173.252.127.13 - - [15/Oct/2018:04:20:47 -0300] "GET /img/bullet.gif HTTP/1.0" 200 248 "http://arktetar.com.br/css/style.css" "facebookexternalhit/1.1 (+http://www.facebook.com/externalhit_uatext.php)"
173.252.127.23 - - [15/Oct/2018:04:20:47 -0300] "GET /img/icons/fastcgi.png HTTP/1.0" 200 255 "http://arktetar.com.br/css/style.css" "facebookexternalhit/1.1 (+http://www.facebook.com/externalhit_uatext.php)"
173.252.127.4 - - [15/Oct/2018:04:20:47 -0300] "GET /img/icons/python.png HTTP/1.0" 200 254 "http://arktetar.com.br/css/style.css" "facebookexternalhit/1.1 (+http://www.facebook.com/externalhit_uatext.php)"
173.252.127.21 - - [15/Oct/2018:04:20:47 -0300] "GET /img/icons/php.png HTTP/1.0" 200 251 "http://arktetar.com.br/css/style.css" "facebookexternalhit/1.1 (+http://www.facebook.com/externalhit_uatext.php)"
173.252.127.13 - - [15/Oct/2018:04:20:47 -0300] "GET /img/icons/perl.png HTTP/1.0" 200 252 "http://arktetar.com.br/css/style.css" "facebookexternalhit/1.1 (+http://www.facebook.com/externalhit_uatext.php)"
173.252.127.13 - - [15/Oct/2018:04:20:47 -0300] "GET /img/icons/ssi.png HTTP/1.0" 200 251 "http://arktetar.com.br/css/style.css" "facebookexternalhit/1.1 (+http://www.facebook.com/externalhit_uatext.php)"
66.249.64.39 - - [14/Oct/2018:17:42:47 -0300] "GET / HTTP/1.1" 200 3474 "-" "Mozilla/5.0 (Linux; Android 6.0.1; Nexus 5X Build/MMB29P) AppleWebKit/537.36 (KHTML, like Gecko) Chrome/41.0.2272.96 Mobile Safari/537.36 (compatible; Googlebot/2.1; +http://www.google.com/bot.html)"
95.216.6.46 - - [15/Oct/2018:01:08:33 -0300] "GET / HTTP/1.1" 200 11390 "-" "Mozilla/5.0 (compatible; MJ12bot/v1.4.8; http://mj12bot.com/)"
173.252.127.5 - - [15/Oct/2018:04:20:45 -0300] "GET / HTTP/1.1" 200 3474 "https://www.facebook.com/" "facebookexternalhit/1.1 (+http://www.facebook.com/externalhit_uatext.php)"
173.252.127.5 - - [15/Oct/2018:04:20:45 -0300] "GET /css/style.css HTTP/1.1" 200 1689 "http://arktetar.com.br/" "facebookexternalhit/1.1 (+http://www.facebook.com/externalhit_uatext.php)"
173.252.127.13 - - [15/Oct/2018:04:20:46 -0300] "GET /img/panel-logo.png HTTP/1.1" 200 3383 "http://arktetar.com.br/" "facebookexternalhit/1.1 (+http://www.facebook.com/externalhit_uatext.php)"
173.252.127.7 - - [15/Oct/2018:04:20:46 -0300] "GET /img/apps/server-box.gif HTTP/1.1" 200 6222 "http://arktetar.com.br/" "facebookexternalhit/1.1 (+http://www.facebook.com/externalhit_uatext.php)"
173.252.127.13 - - [15/Oct/2018:04:20:46 -0300] "GET /img/apps/container-box.gif HTTP/1.1" 200 5400 "http://arktetar.com.br/" "facebookexternalhit/1.1 (+http://www.facebook.com/externalhit_uatext.php)"
173.252.127.13 - - [15/Oct/2018:04:20:46 -0300] "GET /img/apps/pcp-box.gif HTTP/1.1" 200 6420 "http://arktetar.com.br/" "facebookexternalhit/1.1 (+http://www.facebook.com/externalhit_uatext.php)"
173.252.127.7 - - [15/Oct/2018:04:20:46 -0300] "GET /img/top-bottom.png HTTP/1.1" 200 810 "http://arktetar.com.br/css/style.css" "facebookexternalhit/1.1 (+http://www.facebook.com/externalhit_uatext.php)"
173.252.127.23 - - [15/Oct/2018:04:20:47 -0300] "GET /img/apps/pdfwl-box.gif HTTP/1.1" 200 5731 "http://arktetar.com.br/" "facebookexternalhit/1.1 (+http://www.facebook.com/externalhit_uatext.php)"
173.252.127.4 - - [15/Oct/2018:04:20:47 -0300] "GET /img/apps/pd-box.gif HTTP/1.1" 200 5897 "http://arktetar.com.br/" "facebookexternalhit/1.1 (+http://www.facebook.com/externalhit_uatext.php)"
173.252.127.21 - - [15/Oct/2018:04:20:47 -0300] "GET /img/apps/poa-box.gif HTTP/1.1" 200 5928 "http://arktetar.com.br/" "facebookexternalhit/1.1 (+http://www.facebook.com/externalhit_uatext.php)"
173.252.127.7 - - [15/Oct/2018:04:20:47 -0300] "GET /img/globe.png HTTP/1.1" 200 46057 "http://arktetar.com.br/css/style.css" "facebookexternalhit/1.1 (+http://www.facebook.com/externalhit_uatext.php)"
173.252.127.13 - - [15/Oct/2018:04:20:47 -0300] "GET /img/bullet.gif HTTP/1.1" 200 1213 "http://arktetar.com.br/css/style.css" "facebookexternalhit/1.1 (+http://www.facebook.com/externalhit_uatext.php)"
173.252.127.23 - - [15/Oct/2018:04:20:47 -0300] "GET /img/icons/fastcgi.png HTTP/1.1" 200 2714 "http://arktetar.com.br/css/style.css" "facebookexternalhit/1.1 (+http://www.facebook.com/externalhit_uatext.php)"
173.252.127.4 - - [15/Oct/2018:04:20:47 -0300] "GET /img/icons/python.png HTTP/1.1" 200 2489 "http://arktetar.com.br/css/style.css" "facebookexternalhit/1.1 (+http://www.facebook.com/externalhit_uatext.php)"
173.252.127.21 - - [15/Oct/2018:04:20:47 -0300] "GET /img/icons/php.png HTTP/1.1" 200 2401 "http://arktetar.com.br/css/style.css" "facebookexternalhit/1.1 (+http://www.facebook.com/externalhit_uatext.php)"
173.252.127.13 - - [15/Oct/2018:04:20:47 -0300] "GET /img/icons/perl.png HTTP/1.1" 200 3085 "http://arktetar.com.br/css/style.css" "facebookexternalhit/1.1 (+http://www.facebook.com/externalhit_uatext.php)"
173.252.127.13 - - [15/Oct/2018:04:20:47 -0300] "GET /img/icons/ssi.png HTTP/1.1" 200 2593 "http://arktetar.com.br/css/style.css" "facebookexternalhit/1.1 (+http://www.facebook.com/externalhit_uatext.php)"
66.249.64.36 - - [15/Oct/2018:16:59:57 -0300] "GET /robots.txt HTTP/1.0" 404 917 "-" "Mozilla/5.0 (compatible; Googlebot/2.1; +http://www.google.com/bot.html)"
66.249.64.41 - - [15/Oct/2018:17:00:13 -0300] "GET / HTTP/1.0" 200 312 "-" "Mozilla/5.0 (compatible; Googlebot/2.1; +http://www.google.com/bot.html)"
66.249.64.41 - - [15/Oct/2018:17:24:47 -0300] "GET /test/python/test.html HTTP/1.0" 200 323 "-" "Mozilla/5.0 (compatible; Googlebot/2.1; +http://www.google.com/bot.html)"
66.249.64.41 - - [15/Oct/2018:17:00:13 -0300] "GET / HTTP/1.1" 200 3474 "-" "Mozilla/5.0 (compatible; Googlebot/2.1; +http://www.google.com/bot.html)"
66.249.64.41 - - [15/Oct/2018:17:24:47 -0300] "GET /test/python/test.html HTTP/1.1" 200 1123 "-" "Mozilla/5.0 (compatible; Googlebot/2.1; +http://www.google.com/bot.html)"
52.53.201.78 - - [16/Oct/2018:10:40:46 -0300] "GET / HTTP/1.0" 200 312 "-" "Mozilla/5.0 (Macintosh; Intel Mac OS X 10_12_6) AppleWebKit/537.36 (KHTML, like Gecko) Chrome/61.0.3163.100 Safari/537.36"
52.53.201.78 - - [16/Oct/2018:10:40:46 -0300] "GET / HTTP/1.1" 200 3474 "-" "Mozilla/5.0 (Macintosh; Intel Mac OS X 10_12_6) AppleWebKit/537.36 (KHTML, like Gecko) Chrome/61.0.3163.100 Safari/537.36"
66.249.75.201 - - [16/Oct/2018:13:10:47 -0300] "GET /robots.txt HTTP/1.0" 404 917 "-" "Mozilla/5.0 (compatible; Googlebot/2.1; +http://www.google.com/bot.html)"
66.249.75.196 - - [16/Oct/2018:13:11:06 -0300] "GET / HTTP/1.0" 200 312 "-" "Mozilla/5.0 (Linux; Android 6.0.1; Nexus 5X Build/MMB29P) AppleWebKit/537.36 (KHTML, like Gecko) Chrome/41.0.2272.96 Mobile Safari/537.36 (compatible; Googlebot/2.1; +http://www.google.com/bot.html)"
185.6.8.7 - - [16/Oct/2018:19:19:28 -0300] "GET /robots.txt HTTP/1.0" 404 1320 "-" "DomainCrawler/3.0 (info@domaincrawler.com; http://www.domaincrawler.com/arktetar.com.br)"
185.6.8.7 - - [16/Oct/2018:19:19:31 -0300] "GET / HTTP/1.0" 200 267 "-" "DomainCrawler/3.0 (info@domaincrawler.com; http://www.domaincrawler.com/arktetar.com.br)"
185.6.8.7 - - [16/Oct/2018:19:19:33 -0300] "GET /test/fcgi/test.html HTTP/1.0" 200 276 "-" "DomainCrawler/3.0 (info@domaincrawler.com; http://www.domaincrawler.com/arktetar.com.br)"
185.6.8.7 - - [16/Oct/2018:19:19:33 -0300] "GET /test/perl/test.html HTTP/1.0" 200 276 "-" "DomainCrawler/3.0 (info@domaincrawler.com; http://www.domaincrawler.com/arktetar.com.br)"
185.6.8.7 - - [16/Oct/2018:19:19:33 -0300] "GET /test/ssi/test.html HTTP/1.0" 200 275 "-" "DomainCrawler/3.0 (info@domaincrawler.com; http://www.domaincrawler.com/arktetar.com.br)"
185.6.8.7 - - [16/Oct/2018:19:19:36 -0300] "GET /index.html HTTP/1.0" 200 267 "-" "DomainCrawler/3.0 (info@domaincrawler.com; http://www.domaincrawler.com/arktetar.com.br)"
185.6.8.7 - - [16/Oct/2018:19:19:36 -0300] "GET /test/python/test.html HTTP/1.0" 200 278 "-" "DomainCrawler/3.0 (info@domaincrawler.com; http://www.domaincrawler.com/arktetar.com.br)"
185.6.8.7 - - [16/Oct/2018:19:19:36 -0300] "GET /test/php/test.html HTTP/1.0" 200 275 "-" "DomainCrawler/3.0 (info@domaincrawler.com; http://www.domaincrawler.com/arktetar.com.br)"
66.249.75.196 - - [16/Oct/2018:13:11:06 -0300] "GET / HTTP/1.1" 200 3474 "-" "Mozilla/5.0 (Linux; Android 6.0.1; Nexus 5X Build/MMB29P) AppleWebKit/537.36 (KHTML, like Gecko) Chrome/41.0.2272.96 Mobile Safari/537.36 (compatible; Googlebot/2.1; +http://www.google.com/bot.html)"
185.6.8.7 - - [16/Oct/2018:19:19:31 -0300] "GET / HTTP/1.1" 200 11390 "-" "DomainCrawler/3.0 (info@domaincrawler.com; http://www.domaincrawler.com/arktetar.com.br)"
185.6.8.7 - - [16/Oct/2018:19:19:33 -0300] "GET /test/fcgi/test.html HTTP/1.1" 200 2556 "-" "DomainCrawler/3.0 (info@domaincrawler.com; http://www.domaincrawler.com/arktetar.com.br)"
185.6.8.7 - - [16/Oct/2018:19:19:33 -0300] "GET /test/perl/test.html HTTP/1.1" 200 2554 "-" "DomainCrawler/3.0 (info@domaincrawler.com; http://www.domaincrawler.com/arktetar.com.br)"
185.6.8.7 - - [16/Oct/2018:19:19:33 -0300] "GET /test/ssi/test.html HTTP/1.1" 200 2549 "-" "DomainCrawler/3.0 (info@domaincrawler.com; http://www.domaincrawler.com/arktetar.com.br)"
185.6.8.7 - - [16/Oct/2018:19:19:36 -0300] "GET /index.html HTTP/1.1" 200 11390 "-" "DomainCrawler/3.0 (info@domaincrawler.com; http://www.domaincrawler.com/arktetar.com.br)"
185.6.8.7 - - [16/Oct/2018:19:19:36 -0300] "GET /test/python/test.html HTTP/1.1" 200 2552 "-" "DomainCrawler/3.0 (info@domaincrawler.com; http://www.domaincrawler.com/arktetar.com.br)"
185.6.8.7 - - [16/Oct/2018:19:19:36 -0300] "GET /test/php/test.html HTTP/1.1" 200 2544 "-" "DomainCrawler/3.0 (info@domaincrawler.com; http://www.domaincrawler.com/arktetar.com.br)"
66.249.75.201 - - [16/Oct/2018:22:35:43 -0300] "GET / HTTP/1.0" 200 312 "-" "Mozilla/5.0 (compatible; Googlebot/2.1; +http://www.google.com/bot.html)"
66.249.75.201 - - [16/Oct/2018:22:36:45 -0300] "GET /css/style.css HTTP/1.0" 200 314 "http://www.arktetar.com.br/" "Mozilla/5.0 AppleWebKit/537.36 (KHTML, like Gecko; compatible; Googlebot/2.1; +http://www.google.com/bot.html) Safari/537.36"
66.249.75.196 - - [17/Oct/2018:04:22:36 -0300] "GET /robots.txt HTTP/1.0" 404 917 "-" "Mozilla/5.0 (compatible; Googlebot/2.1; +http://www.google.com/bot.html)"
66.249.75.199 - - [17/Oct/2018:04:22:55 -0300] "GET / HTTP/1.0" 200 312 "-" "Mozilla/5.0 (Linux; Android 6.0.1; Nexus 5X Build/MMB29P) AppleWebKit/537.36 (KHTML, like Gecko) Chrome/41.0.2272.96 Mobile Safari/537.36 (compatible; Googlebot/2.1; +http://www.google.com/bot.html)"
66.249.75.201 - - [16/Oct/2018:22:35:43 -0300] "GET / HTTP/1.1" 200 3474 "-" "Mozilla/5.0 (compatible; Googlebot/2.1; +http://www.google.com/bot.html)"
66.249.75.201 - - [16/Oct/2018:22:36:45 -0300] "GET /css/style.css HTTP/1.1" 200 1689 "http://www.arktetar.com.br/" "Mozilla/5.0 AppleWebKit/537.36 (KHTML, like Gecko; compatible; Googlebot/2.1; +http://www.google.com/bot.html) Safari/537.36"
66.249.75.199 - - [17/Oct/2018:04:22:55 -0300] "GET / HTTP/1.1" 200 3474 "-" "Mozilla/5.0 (Linux; Android 6.0.1; Nexus 5X Build/MMB29P) AppleWebKit/537.36 (KHTML, like Gecko) Chrome/41.0.2272.96 Mobile Safari/537.36 (compatible; Googlebot/2.1; +http://www.google.com/bot.html)"
66.249.75.201 - - [17/Oct/2018:07:48:37 -0300] "GET / HTTP/1.0" 200 312 "-" "Mozilla/5.0 (compatible; Googlebot/2.1; +http://www.google.com/bot.html)"
66.249.75.201 - - [17/Oct/2018:07:48:37 -0300] "GET / HTTP/1.1" 200 3474 "-" "Mozilla/5.0 (compatible; Googlebot/2.1; +http://www.google.com/bot.html)"
157.55.39.47 - - [17/Oct/2018:16:27:49 -0300] "GET /robots.txt HTTP/1.0" 404 917 "-" "Mozilla/5.0 (compatible; bingbot/2.0; +http://www.bing.com/bingbot.htm)"
40.77.167.151 - - [17/Oct/2018:17:22:53 -0300] "GET / HTTP/1.0" 200 312 "-" "Mozilla/5.0 (compatible; bingbot/2.0; +http://www.bing.com/bingbot.htm)"
66.249.75.199 - - [17/Oct/2018:19:16:34 -0300] "GET /robots.txt HTTP/1.0" 404 917 "-" "Mozilla/5.0 (compatible; Googlebot/2.1; +http://www.google.com/bot.html)"
66.249.75.196 - - [17/Oct/2018:19:17:37 -0300] "GET / HTTP/1.0" 200 312 "-" "Mozilla/5.0 (Linux; Android 6.0.1; Nexus 5X Build/MMB29P) AppleWebKit/537.36 (KHTML, like Gecko) Chrome/41.0.2272.96 Mobile Safari/537.36 (compatible; Googlebot/2.1; +http://www.google.com/bot.html)"
40.77.167.151 - - [17/Oct/2018:17:22:53 -0300] "GET / HTTP/1.1" 304 0 "-" "Mozilla/5.0 (compatible; bingbot/2.0; +http://www.bing.com/bingbot.htm)"
66.249.75.196 - - [17/Oct/2018:19:17:37 -0300] "GET / HTTP/1.1" 200 3474 "-" "Mozilla/5.0 (Linux; Android 6.0.1; Nexus 5X Build/MMB29P) AppleWebKit/537.36 (KHTML, like Gecko) Chrome/41.0.2272.96 Mobile Safari/537.36 (compatible; Googlebot/2.1; +http://www.google.com/bot.html)"
66.249.75.196 - - [17/Oct/2018:19:53:56 -0300] "GET / HTTP/1.0" 200 312 "-" "Mozilla/5.0 (compatible; Googlebot/2.1; +http://www.google.com/bot.html)"
66.249.75.199 - - [17/Oct/2018:19:54:00 -0300] "GET /css/style.css HTTP/1.0" 200 314 "http://www.arktetar.com.br/" "Mozilla/5.0 AppleWebKit/537.36 (KHTML, like Gecko; compatible; Googlebot/2.1; +http://www.google.com/bot.html) Safari/537.36"
66.249.75.196 - - [17/Oct/2018:19:53:56 -0300] "GET / HTTP/1.1" 200 3474 "-" "Mozilla/5.0 (compatible; Googlebot/2.1; +http://www.google.com/bot.html)"
66.249.75.199 - - [17/Oct/2018:19:54:00 -0300] "GET /css/style.css HTTP/1.1" 200 1689 "http://www.arktetar.com.br/" "Mozilla/5.0 AppleWebKit/537.36 (KHTML, like Gecko; compatible; Googlebot/2.1; +http://www.google.com/bot.html) Safari/537.36"
66.249.75.196 - - [18/Oct/2018:07:01:37 -0300] "GET / HTTP/1.0" 200 312 "-" "Mozilla/5.0 (compatible; Googlebot/2.1; +http://www.google.com/bot.html)"
66.249.75.199 - - [18/Oct/2018:07:25:58 -0300] "GET /robots.txt HTTP/1.0" 404 917 "-" "Mozilla/5.0 (compatible; Googlebot/2.1; +http://www.google.com/bot.html)"
66.249.75.196 - - [18/Oct/2018:07:26:19 -0300] "GET / HTTP/1.0" 200 312 "-" "Mozilla/5.0 (Linux; Android 6.0.1; Nexus 5X Build/MMB29P) AppleWebKit/537.36 (KHTML, like Gecko) Chrome/41.0.2272.96 Mobile Safari/537.36 (compatible; Googlebot/2.1; +http://www.google.com/bot.html)"
66.249.75.196 - - [18/Oct/2018:07:01:37 -0300] "GET / HTTP/1.1" 200 3474 "-" "Mozilla/5.0 (compatible; Googlebot/2.1; +http://www.google.com/bot.html)"
66.249.75.196 - - [18/Oct/2018:07:26:19 -0300] "GET / HTTP/1.1" 200 3474 "-" "Mozilla/5.0 (Linux; Android 6.0.1; Nexus 5X Build/MMB29P) AppleWebKit/537.36 (KHTML, like Gecko) Chrome/41.0.2272.96 Mobile Safari/537.36 (compatible; Googlebot/2.1; +http://www.google.com/bot.html)"
52.53.201.78 - - [18/Oct/2018:15:31:31 -0300] "GET / HTTP/1.0" 200 312 "-" "Mozilla/5.0 (Macintosh; Intel Mac OS X 10_12_6) AppleWebKit/537.36 (KHTML, like Gecko) Chrome/61.0.3163.100 Safari/537.36"
52.53.201.78 - - [18/Oct/2018:15:31:31 -0300] "GET / HTTP/1.1" 200 3474 "-" "Mozilla/5.0 (Macintosh; Intel Mac OS X 10_12_6) AppleWebKit/537.36 (KHTML, like Gecko) Chrome/61.0.3163.100 Safari/537.36"
216.145.5.42 - - [19/Oct/2018:00:52:42 -0300] "GET /robots.txt HTTP/1.0" 404 1320 "-" "Mozilla/5.0 (Macintosh; Intel Mac OS X 10.10; rv:59.0) Gecko/20100101 Firefox/59.0"
216.145.5.42 - - [19/Oct/2018:00:52:43 -0300] "GET / HTTP/1.0" 200 312 "-" "Mozilla/5.0 (Macintosh; Intel Mac OS X 10.10; rv:59.0) Gecko/20100101 Firefox/59.0"
66.249.75.201 - - [19/Oct/2018:01:51:56 -0300] "GET /robots.txt HTTP/1.0" 404 917 "-" "Mozilla/5.0 (compatible; Googlebot/2.1; +http://www.google.com/bot.html)"
66.249.75.199 - - [19/Oct/2018:01:52:21 -0300] "GET / HTTP/1.0" 200 312 "-" "Mozilla/5.0 (compatible; Googlebot/2.1; +http://www.google.com/bot.html)"
66.249.75.201 - - [19/Oct/2018:01:52:24 -0300] "GET /css/style.css HTTP/1.0" 200 314 "http://www.arktetar.com.br/" "Mozilla/5.0 AppleWebKit/537.36 (KHTML, like Gecko; compatible; Googlebot/2.1; +http://www.google.com/bot.html) Safari/537.36"
66.249.75.201 - - [19/Oct/2018:02:44:27 -0300] "GET / HTTP/1.0" 200 312 "-" "Mozilla/5.0 (Linux; Android 6.0.1; Nexus 5X Build/MMB29P) AppleWebKit/537.36 (KHTML, like Gecko) Chrome/41.0.2272.96 Mobile Safari/537.36 (compatible; Googlebot/2.1; +http://www.google.com/bot.html)"
216.145.5.42 - - [19/Oct/2018:00:52:43 -0300] "GET / HTTP/1.1" 200 3474 "-" "Mozilla/5.0 (Macintosh; Intel Mac OS X 10.10; rv:59.0) Gecko/20100101 Firefox/59.0"
66.249.75.199 - - [19/Oct/2018:01:52:21 -0300] "GET / HTTP/1.1" 200 3474 "-" "Mozilla/5.0 (compatible; Googlebot/2.1; +http://www.google.com/bot.html)"
66.249.75.201 - - [19/Oct/2018:01:52:24 -0300] "GET /css/style.css HTTP/1.1" 200 1689 "http://www.arktetar.com.br/" "Mozilla/5.0 AppleWebKit/537.36 (KHTML, like Gecko; compatible; Googlebot/2.1; +http://www.google.com/bot.html) Safari/537.36"
66.249.75.201 - - [19/Oct/2018:02:44:27 -0300] "GET / HTTP/1.1" 200 3474 "-" "Mozilla/5.0 (Linux; Android 6.0.1; Nexus 5X Build/MMB29P) AppleWebKit/537.36 (KHTML, like Gecko) Chrome/41.0.2272.96 Mobile Safari/537.36 (compatible; Googlebot/2.1; +http://www.google.com/bot.html)"
66.249.75.201 - - [19/Oct/2018:15:39:02 -0300] "GET /robots.txt HTTP/1.0" 404 917 "-" "Mozilla/5.0 (compatible; Googlebot/2.1; +http://www.google.com/bot.html)"
66.249.75.199 - - [19/Oct/2018:15:39:46 -0300] "GET / HTTP/1.0" 200 312 "-" "Mozilla/5.0 (compatible; Googlebot/2.1; +http://www.google.com/bot.html)"
66.249.75.199 - - [19/Oct/2018:16:13:48 -0300] "GET / HTTP/1.0" 200 312 "-" "Mozilla/5.0 (Linux; Android 6.0.1; Nexus 5X Build/MMB29P) AppleWebKit/537.36 (KHTML, like Gecko) Chrome/41.0.2272.96 Mobile Safari/537.36 (compatible; Googlebot/2.1; +http://www.google.com/bot.html)"
66.249.75.199 - - [19/Oct/2018:15:39:46 -0300] "GET / HTTP/1.1" 200 3474 "-" "Mozilla/5.0 (compatible; Googlebot/2.1; +http://www.google.com/bot.html)"
66.249.75.199 - - [19/Oct/2018:16:13:48 -0300] "GET / HTTP/1.1" 200 3474 "-" "Mozilla/5.0 (Linux; Android 6.0.1; Nexus 5X Build/MMB29P) AppleWebKit/537.36 (KHTML, like Gecko) Chrome/41.0.2272.96 Mobile Safari/537.36 (compatible; Googlebot/2.1; +http://www.google.com/bot.html)"
66.249.75.201 - - [20/Oct/2018:04:17:56 -0300] "GET /robots.txt HTTP/1.0" 404 917 "-" "Mozilla/5.0 (compatible; Googlebot/2.1; +http://www.google.com/bot.html)"
66.249.75.196 - - [20/Oct/2018:04:19:08 -0300] "GET / HTTP/1.0" 200 312 "-" "Mozilla/5.0 (compatible; Googlebot/2.1; +http://www.google.com/bot.html)"
66.249.75.196 - - [20/Oct/2018:04:19:08 -0300] "GET / HTTP/1.1" 200 3474 "-" "Mozilla/5.0 (compatible; Googlebot/2.1; +http://www.google.com/bot.html)"
66.249.75.199 - - [20/Oct/2018:08:42:18 -0300] "GET / HTTP/1.0" 200 312 "-" "Mozilla/5.0 (Linux; Android 6.0.1; Nexus 5X Build/MMB29P) AppleWebKit/537.36 (KHTML, like Gecko) Chrome/41.0.2272.96 Mobile Safari/537.36 (compatible; Googlebot/2.1; +http://www.google.com/bot.html)"
66.249.75.199 - - [20/Oct/2018:08:42:18 -0300] "GET / HTTP/1.1" 200 3474 "-" "Mozilla/5.0 (Linux; Android 6.0.1; Nexus 5X Build/MMB29P) AppleWebKit/537.36 (KHTML, like Gecko) Chrome/41.0.2272.96 Mobile Safari/537.36 (compatible; Googlebot/2.1; +http://www.google.com/bot.html)"
66.249.69.77 - - [20/Oct/2018:17:22:00 -0300] "GET /robots.txt HTTP/1.0" 404 917 "-" "Mozilla/5.0 (compatible; Googlebot/2.1; +http://www.google.com/bot.html)"
66.249.69.75 - - [20/Oct/2018:17:22:23 -0300] "GET / HTTP/1.0" 200 312 "-" "Mozilla/5.0 (compatible; Googlebot/2.1; +http://www.google.com/bot.html)"
66.249.69.75 - - [20/Oct/2018:17:22:23 -0300] "GET / HTTP/1.1" 200 3474 "-" "Mozilla/5.0 (compatible; Googlebot/2.1; +http://www.google.com/bot.html)"
66.249.75.196 - - [20/Oct/2018:18:45:52 -0300] "GET /robots.txt HTTP/1.0" 404 917 "-" "Mozilla/5.0 (compatible; Googlebot/2.1; +http://www.google.com/bot.html)"
66.249.75.196 - - [20/Oct/2018:18:46:36 -0300] "GET / HTTP/1.0" 200 312 "-" "Mozilla/5.0 (Linux; Android 6.0.1; Nexus 5X Build/MMB29P) AppleWebKit/537.36 (KHTML, like Gecko) Chrome/41.0.2272.96 Mobile Safari/537.36 (compatible; Googlebot/2.1; +http://www.google.com/bot.html)"
52.53.201.78 - - [20/Oct/2018:23:21:50 -0300] "GET / HTTP/1.0" 200 312 "-" "Mozilla/5.0 (Macintosh; Intel Mac OS X 10_12_6) AppleWebKit/537.36 (KHTML, like Gecko) Chrome/61.0.3163.100 Safari/537.36"
66.249.75.196 - - [21/Oct/2018:05:25:53 -0300] "GET / HTTP/1.0" 200 312 "-" "Mozilla/5.0 (compatible; Googlebot/2.1; +http://www.google.com/bot.html)"
66.249.75.196 - - [20/Oct/2018:18:46:36 -0300] "GET / HTTP/1.1" 200 3474 "-" "Mozilla/5.0 (Linux; Android 6.0.1; Nexus 5X Build/MMB29P) AppleWebKit/537.36 (KHTML, like Gecko) Chrome/41.0.2272.96 Mobile Safari/537.36 (compatible; Googlebot/2.1; +http://www.google.com/bot.html)"
52.53.201.78 - - [20/Oct/2018:23:21:50 -0300] "GET / HTTP/1.1" 200 3474 "-" "Mozilla/5.0 (Macintosh; Intel Mac OS X 10_12_6) AppleWebKit/537.36 (KHTML, like Gecko) Chrome/61.0.3163.100 Safari/537.36"
66.249.75.196 - - [21/Oct/2018:05:25:53 -0300] "GET / HTTP/1.1" 200 3474 "-" "Mozilla/5.0 (compatible; Googlebot/2.1; +http://www.google.com/bot.html)"
66.249.75.199 - - [21/Oct/2018:06:58:19 -0300] "GET /robots.txt HTTP/1.0" 404 917 "-" "Mozilla/5.0 (compatible; Googlebot/2.1; +http://www.google.com/bot.html)"
66.249.75.196 - - [21/Oct/2018:06:58:40 -0300] "GET / HTTP/1.0" 200 312 "-" "Mozilla/5.0 (Linux; Android 6.0.1; Nexus 5X Build/MMB29P) AppleWebKit/537.36 (KHTML, like Gecko) Chrome/41.0.2272.96 Mobile Safari/537.36 (compatible; Googlebot/2.1; +http://www.google.com/bot.html)"
66.249.75.196 - - [21/Oct/2018:06:58:40 -0300] "GET / HTTP/1.1" 200 3474 "-" "Mozilla/5.0 (Linux; Android 6.0.1; Nexus 5X Build/MMB29P) AppleWebKit/537.36 (KHTML, like Gecko) Chrome/41.0.2272.96 Mobile Safari/537.36 (compatible; Googlebot/2.1; +http://www.google.com/bot.html)"
66.249.69.73 - - [21/Oct/2018:08:56:22 -0300] "GET /robots.txt HTTP/1.0" 404 917 "-" "Mozilla/5.0 (compatible; Googlebot/2.1; +http://www.google.com/bot.html)"
66.249.69.75 - - [21/Oct/2018:08:56:32 -0300] "GET /img/parallels-logo.png HTTP/1.0" 200 256 "-" "Googlebot-Image/1.0"
66.249.69.75 - - [21/Oct/2018:08:56:32 -0300] "GET /img/parallels-logo.png HTTP/1.1" 200 2104 "-" "Googlebot-Image/1.0"
66.249.69.77 - - [21/Oct/2018:11:55:24 -0300] "GET /img/panel-logo.png HTTP/1.0" 200 252 "-" "Googlebot-Image/1.0"
66.249.69.77 - - [21/Oct/2018:11:55:24 -0300] "GET /img/panel-logo.png HTTP/1.1" 200 3383 "-" "Googlebot-Image/1.0"
52.53.201.78 - - [23/Oct/2018:05:15:16 -0300] "GET / HTTP/1.0" 200 312 "-" "Mozilla/5.0 (Macintosh; Intel Mac OS X 10_12_6) AppleWebKit/537.36 (KHTML, like Gecko) Chrome/61.0.3163.100 Safari/537.36"
52.53.201.78 - - [23/Oct/2018:05:15:16 -0300] "GET / HTTP/1.1" 200 3474 "-" "Mozilla/5.0 (Macintosh; Intel Mac OS X 10_12_6) AppleWebKit/537.36 (KHTML, like Gecko) Chrome/61.0.3163.100 Safari/537.36"
66.249.69.196 - - [24/Oct/2018:22:04:24 -0300] "GET /robots.txt HTTP/1.0" 404 917 "-" "Mozilla/5.0 (compatible; Googlebot/2.1; +http://www.google.com/bot.html)"
66.249.69.196 - - [24/Oct/2018:22:04:50 -0300] "GET / HTTP/1.0" 200 312 "-" "Mozilla/5.0 (compatible; Googlebot/2.1; +http://www.google.com/bot.html)"
66.249.69.201 - - [24/Oct/2018:22:05:18 -0300] "GET / HTTP/1.0" 200 312 "-" "Mozilla/5.0 (Linux; Android 6.0.1; Nexus 5X Build/MMB29P) AppleWebKit/537.36 (KHTML, like Gecko) Chrome/41.0.2272.96 Mobile Safari/537.36 (compatible; Googlebot/2.1; +http://www.google.com/bot.html)"
66.249.69.196 - - [24/Oct/2018:22:04:50 -0300] "GET / HTTP/1.1" 200 3474 "-" "Mozilla/5.0 (compatible; Googlebot/2.1; +http://www.google.com/bot.html)"
66.249.69.201 - - [24/Oct/2018:22:05:18 -0300] "GET / HTTP/1.1" 200 3474 "-" "Mozilla/5.0 (Linux; Android 6.0.1; Nexus 5X Build/MMB29P) AppleWebKit/537.36 (KHTML, like Gecko) Chrome/41.0.2272.96 Mobile Safari/537.36 (compatible; Googlebot/2.1; +http://www.google.com/bot.html)"
66.249.69.199 - - [25/Oct/2018:07:19:15 -0300] "GET / HTTP/1.0" 200 312 "-" "Mozilla/5.0 (compatible; Googlebot/2.1; +http://www.google.com/bot.html)"
66.249.69.196 - - [25/Oct/2018:07:19:24 -0300] "GET / HTTP/1.0" 200 312 "-" "Mozilla/5.0 (Linux; Android 6.0.1; Nexus 5X Build/MMB29P) AppleWebKit/537.36 (KHTML, like Gecko) Chrome/41.0.2272.96 Mobile Safari/537.36 (compatible; Googlebot/2.1; +http://www.google.com/bot.html)"
66.249.69.199 - - [25/Oct/2018:07:19:15 -0300] "GET / HTTP/1.1" 200 3474 "-" "Mozilla/5.0 (compatible; Googlebot/2.1; +http://www.google.com/bot.html)"
66.249.69.196 - - [25/Oct/2018:07:19:24 -0300] "GET / HTTP/1.1" 200 3474 "-" "Mozilla/5.0 (Linux; Android 6.0.1; Nexus 5X Build/MMB29P) AppleWebKit/537.36 (KHTML, like Gecko) Chrome/41.0.2272.96 Mobile Safari/537.36 (compatible; Googlebot/2.1; +http://www.google.com/bot.html)"
52.53.201.78 - - [25/Oct/2018:12:26:20 -0300] "GET / HTTP/1.0" 200 312 "-" "Mozilla/5.0 (Macintosh; Intel Mac OS X 10_12_6) AppleWebKit/537.36 (KHTML, like Gecko) Chrome/61.0.3163.100 Safari/537.36"
52.53.201.78 - - [25/Oct/2018:12:26:20 -0300] "GET / HTTP/1.1" 200 3474 "-" "Mozilla/5.0 (Macintosh; Intel Mac OS X 10_12_6) AppleWebKit/537.36 (KHTML, like Gecko) Chrome/61.0.3163.100 Safari/537.36"
66.249.75.201 - - [25/Oct/2018:20:03:22 -0300] "GET /robots.txt HTTP/1.0" 404 917 "-" "Mozilla/5.0 (compatible; Googlebot/2.1; +http://www.google.com/bot.html)"
66.249.75.196 - - [25/Oct/2018:20:03:48 -0300] "GET / HTTP/1.0" 200 312 "-" "Mozilla/5.0 (compatible; Googlebot/2.1; +http://www.google.com/bot.html)"
66.249.75.196 - - [25/Oct/2018:20:03:52 -0300] "GET / HTTP/1.0" 200 312 "-" "Mozilla/5.0 (Linux; Android 6.0.1; Nexus 5X Build/MMB29P) AppleWebKit/537.36 (KHTML, like Gecko) Chrome/41.0.2272.96 Mobile Safari/537.36 (compatible; Googlebot/2.1; +http://www.google.com/bot.html)"
66.249.75.196 - - [25/Oct/2018:20:03:48 -0300] "GET / HTTP/1.1" 200 3474 "-" "Mozilla/5.0 (compatible; Googlebot/2.1; +http://www.google.com/bot.html)"
66.249.75.196 - - [25/Oct/2018:20:03:52 -0300] "GET / HTTP/1.1" 200 3474 "-" "Mozilla/5.0 (Linux; Android 6.0.1; Nexus 5X Build/MMB29P) AppleWebKit/537.36 (KHTML, like Gecko) Chrome/41.0.2272.96 Mobile Safari/537.36 (compatible; Googlebot/2.1; +http://www.google.com/bot.html)"
66.249.75.196 - - [26/Oct/2018:08:24:15 -0300] "GET /robots.txt HTTP/1.0" 404 917 "-" "Mozilla/5.0 (compatible; Googlebot/2.1; +http://www.google.com/bot.html)"
66.249.75.196 - - [26/Oct/2018:08:24:45 -0300] "GET / HTTP/1.0" 200 312 "-" "Mozilla/5.0 (compatible; Googlebot/2.1; +http://www.google.com/bot.html)"
66.249.75.201 - - [26/Oct/2018:08:51:33 -0300] "GET / HTTP/1.0" 200 312 "-" "Mozilla/5.0 (Linux; Android 6.0.1; Nexus 5X Build/MMB29P) AppleWebKit/537.36 (KHTML, like Gecko) Chrome/41.0.2272.96 Mobile Safari/537.36 (compatible; Googlebot/2.1; +http://www.google.com/bot.html)"
66.249.75.196 - - [26/Oct/2018:08:24:45 -0300] "GET / HTTP/1.1" 200 3474 "-" "Mozilla/5.0 (compatible; Googlebot/2.1; +http://www.google.com/bot.html)"
66.249.75.201 - - [26/Oct/2018:08:51:33 -0300] "GET / HTTP/1.1" 200 3474 "-" "Mozilla/5.0 (Linux; Android 6.0.1; Nexus 5X Build/MMB29P) AppleWebKit/537.36 (KHTML, like Gecko) Chrome/41.0.2272.96 Mobile Safari/537.36 (compatible; Googlebot/2.1; +http://www.google.com/bot.html)"
66.249.75.199 - - [26/Oct/2018:18:30:59 -0300] "GET / HTTP/1.0" 200 312 "-" "Mozilla/5.0 (compatible; Googlebot/2.1; +http://www.google.com/bot.html)"
66.249.75.199 - - [26/Oct/2018:18:30:59 -0300] "GET / HTTP/1.1" 200 3474 "-" "Mozilla/5.0 (compatible; Googlebot/2.1; +http://www.google.com/bot.html)"
66.249.75.199 - - [26/Oct/2018:20:28:38 -0300] "GET /robots.txt HTTP/1.0" 404 917 "-" "Mozilla/5.0 (compatible; Googlebot/2.1; +http://www.google.com/bot.html)"
66.249.75.196 - - [26/Oct/2018:20:29:13 -0300] "GET / HTTP/1.0" 200 312 "-" "Mozilla/5.0 (Linux; Android 6.0.1; Nexus 5X Build/MMB29P) AppleWebKit/537.36 (KHTML, like Gecko) Chrome/41.0.2272.96 Mobile Safari/537.36 (compatible; Googlebot/2.1; +http://www.google.com/bot.html)"
66.249.75.196 - - [26/Oct/2018:20:29:13 -0300] "GET / HTTP/1.1" 200 3474 "-" "Mozilla/5.0 (Linux; Android 6.0.1; Nexus 5X Build/MMB29P) AppleWebKit/537.36 (KHTML, like Gecko) Chrome/41.0.2272.96 Mobile Safari/537.36 (compatible; Googlebot/2.1; +http://www.google.com/bot.html)"
52.53.201.78 - - [27/Oct/2018:19:06:11 -0300] "GET / HTTP/1.0" 200 312 "-" "Mozilla/5.0 (Macintosh; Intel Mac OS X 10_12_6) AppleWebKit/537.36 (KHTML, like Gecko) Chrome/61.0.3163.100 Safari/537.36"
66.249.64.39 - - [27/Oct/2018:23:27:38 -0300] "GET /robots.txt HTTP/1.0" 404 917 "-" "Mozilla/5.0 (compatible; Googlebot/2.1; +http://www.google.com/bot.html)"
66.249.64.36 - - [27/Oct/2018:23:28:42 -0300] "GET / HTTP/1.0" 200 312 "-" "Mozilla/5.0 (compatible; Googlebot/2.1; +http://www.google.com/bot.html)"
66.249.64.41 - - [27/Oct/2018:23:59:13 -0300] "GET / HTTP/1.0" 200 312 "-" "Mozilla/5.0 (Linux; Android 6.0.1; Nexus 5X Build/MMB29P) AppleWebKit/537.36 (KHTML, like Gecko) Chrome/41.0.2272.96 Mobile Safari/537.36 (compatible; Googlebot/2.1; +http://www.google.com/bot.html)"
66.249.70.13 - - [28/Oct/2018:02:34:59 -0300] "GET /robots.txt HTTP/1.0" 404 917 "-" "Mozilla/5.0 (compatible; Googlebot/2.1; +http://www.google.com/bot.html)"
66.249.70.11 - - [28/Oct/2018:02:35:22 -0300] "GET / HTTP/1.0" 200 312 "-" "Mozilla/5.0 (compatible; Googlebot/2.1; +http://www.google.com/bot.html)"
66.249.70.13 - - [28/Oct/2018:02:35:24 -0300] "GET /css/style.css HTTP/1.0" 200 314 "http://arktetar.com.br/" "Mozilla/5.0 AppleWebKit/537.36 (KHTML, like Gecko; compatible; Googlebot/2.1; +http://www.google.com/bot.html) Safari/537.36"
52.53.201.78 - - [27/Oct/2018:19:06:11 -0300] "GET / HTTP/1.1" 200 3474 "-" "Mozilla/5.0 (Macintosh; Intel Mac OS X 10_12_6) AppleWebKit/537.36 (KHTML, like Gecko) Chrome/61.0.3163.100 Safari/537.36"
66.249.64.36 - - [27/Oct/2018:23:28:42 -0300] "GET / HTTP/1.1" 200 3474 "-" "Mozilla/5.0 (compatible; Googlebot/2.1; +http://www.google.com/bot.html)"
66.249.64.41 - - [27/Oct/2018:23:59:13 -0300] "GET / HTTP/1.1" 200 3474 "-" "Mozilla/5.0 (Linux; Android 6.0.1; Nexus 5X Build/MMB29P) AppleWebKit/537.36 (KHTML, like Gecko) Chrome/41.0.2272.96 Mobile Safari/537.36 (compatible; Googlebot/2.1; +http://www.google.com/bot.html)"
66.249.70.11 - - [28/Oct/2018:02:35:22 -0300] "GET / HTTP/1.1" 200 3474 "-" "Mozilla/5.0 (compatible; Googlebot/2.1; +http://www.google.com/bot.html)"
66.249.70.13 - - [28/Oct/2018:02:35:24 -0300] "GET /css/style.css HTTP/1.1" 200 1689 "http://arktetar.com.br/" "Mozilla/5.0 AppleWebKit/537.36 (KHTML, like Gecko; compatible; Googlebot/2.1; +http://www.google.com/bot.html) Safari/537.36"
66.249.70.13 - - [28/Oct/2018:12:52:21 -0300] "GET / HTTP/1.0" 200 312 "-" "Mozilla/5.0 (compatible; Googlebot/2.1; +http://www.google.com/bot.html)"
66.249.70.13 - - [28/Oct/2018:12:52:21 -0300] "GET / HTTP/1.1" 200 3474 "-" "Mozilla/5.0 (compatible; Googlebot/2.1; +http://www.google.com/bot.html)"
66.249.64.41 - - [29/Oct/2018:00:20:08 -0300] "GET /robots.txt HTTP/1.0" 404 917 "-" "Mozilla/5.0 (compatible; Googlebot/2.1; +http://www.google.com/bot.html)"
66.249.64.39 - - [29/Oct/2018:00:20:28 -0300] "GET / HTTP/1.0" 200 312 "-" "Mozilla/5.0 (compatible; Googlebot/2.1; +http://www.google.com/bot.html)"
66.249.64.41 - - [29/Oct/2018:00:21:33 -0300] "GET / HTTP/1.0" 200 312 "-" "Mozilla/5.0 (Linux; Android 6.0.1; Nexus 5X Build/MMB29P) AppleWebKit/537.36 (KHTML, like Gecko) Chrome/41.0.2272.96 Mobile Safari/537.36 (compatible; Googlebot/2.1; +http://www.google.com/bot.html)"
66.249.64.39 - - [29/Oct/2018:00:20:28 -0300] "GET / HTTP/1.1" 200 3474 "-" "Mozilla/5.0 (compatible; Googlebot/2.1; +http://www.google.com/bot.html)"
66.249.64.41 - - [29/Oct/2018:00:21:33 -0300] "GET / HTTP/1.1" 200 3474 "-" "Mozilla/5.0 (Linux; Android 6.0.1; Nexus 5X Build/MMB29P) AppleWebKit/537.36 (KHTML, like Gecko) Chrome/41.0.2272.96 Mobile Safari/537.36 (compatible; Googlebot/2.1; +http://www.google.com/bot.html)"
66.249.70.13 - - [29/Oct/2018:11:04:25 -0300] "GET /robots.txt HTTP/1.0" 404 917 "-" "Mozilla/5.0 (compatible; Googlebot/2.1; +http://www.google.com/bot.html)"
66.249.70.13 - - [29/Oct/2018:11:06:11 -0300] "GET / HTTP/1.0" 200 312 "-" "Mozilla/5.0 (compatible; Googlebot/2.1; +http://www.google.com/bot.html)"
66.249.70.13 - - [29/Oct/2018:11:06:11 -0300] "GET / HTTP/1.1" 200 3474 "-" "Mozilla/5.0 (compatible; Googlebot/2.1; +http://www.google.com/bot.html)"
66.249.64.41 - - [29/Oct/2018:12:36:31 -0300] "GET /robots.txt HTTP/1.0" 404 917 "-" "Mozilla/5.0 (compatible; Googlebot/2.1; +http://www.google.com/bot.html)"
66.249.64.36 - - [29/Oct/2018:12:36:50 -0300] "GET / HTTP/1.0" 200 312 "-" "Mozilla/5.0 (compatible; Googlebot/2.1; +http://www.google.com/bot.html)"
66.249.64.39 - - [29/Oct/2018:13:17:36 -0300] "GET / HTTP/1.0" 200 312 "-" "Mozilla/5.0 (Linux; Android 6.0.1; Nexus 5X Build/MMB29P) AppleWebKit/537.36 (KHTML, like Gecko) Chrome/41.0.2272.96 Mobile Safari/537.36 (compatible; Googlebot/2.1; +http://www.google.com/bot.html)"
66.249.64.36 - - [29/Oct/2018:12:36:50 -0300] "GET / HTTP/1.1" 200 3474 "-" "Mozilla/5.0 (compatible; Googlebot/2.1; +http://www.google.com/bot.html)"
66.249.64.39 - - [29/Oct/2018:13:17:36 -0300] "GET / HTTP/1.1" 200 3474 "-" "Mozilla/5.0 (Linux; Android 6.0.1; Nexus 5X Build/MMB29P) AppleWebKit/537.36 (KHTML, like Gecko) Chrome/41.0.2272.96 Mobile Safari/537.36 (compatible; Googlebot/2.1; +http://www.google.com/bot.html)"
52.53.201.78 - - [30/Oct/2018:02:43:05 -0300] "GET / HTTP/1.0" 200 312 "-" "Mozilla/5.0 (Macintosh; Intel Mac OS X 10_12_6) AppleWebKit/537.36 (KHTML, like Gecko) Chrome/61.0.3163.100 Safari/537.36"
52.53.201.78 - - [30/Oct/2018:02:43:05 -0300] "GET / HTTP/1.1" 200 3474 "-" "Mozilla/5.0 (Macintosh; Intel Mac OS X 10_12_6) AppleWebKit/537.36 (KHTML, like Gecko) Chrome/61.0.3163.100 Safari/537.36"
66.249.64.39 - - [30/Oct/2018:08:28:05 -0300] "GET /robots.txt HTTP/1.0" 404 917 "-" "Mozilla/5.0 (compatible; Googlebot/2.1; +http://www.google.com/bot.html)"
66.249.64.39 - - [30/Oct/2018:08:28:35 -0300] "GET / HTTP/1.0" 200 312 "-" "Mozilla/5.0 (compatible; Googlebot/2.1; +http://www.google.com/bot.html)"
66.249.64.36 - - [30/Oct/2018:08:28:58 -0300] "GET / HTTP/1.0" 200 312 "-" "Mozilla/5.0 (Linux; Android 6.0.1; Nexus 5X Build/MMB29P) AppleWebKit/537.36 (KHTML, like Gecko) Chrome/41.0.2272.96 Mobile Safari/537.36 (compatible; Googlebot/2.1; +http://www.google.com/bot.html)"
66.249.64.39 - - [30/Oct/2018:08:28:35 -0300] "GET / HTTP/1.1" 200 3474 "-" "Mozilla/5.0 (compatible; Googlebot/2.1; +http://www.google.com/bot.html)"
66.249.64.36 - - [30/Oct/2018:08:28:58 -0300] "GET / HTTP/1.1" 200 3474 "-" "Mozilla/5.0 (Linux; Android 6.0.1; Nexus 5X Build/MMB29P) AppleWebKit/537.36 (KHTML, like Gecko) Chrome/41.0.2272.96 Mobile Safari/537.36 (compatible; Googlebot/2.1; +http://www.google.com/bot.html)"
66.249.64.41 - - [30/Oct/2018:18:26:21 -0300] "GET / HTTP/1.0" 200 312 "-" "Mozilla/5.0 (compatible; Googlebot/2.1; +http://www.google.com/bot.html)"
66.249.64.36 - - [30/Oct/2018:18:26:28 -0300] "GET / HTTP/1.0" 200 312 "-" "Mozilla/5.0 (Linux; Android 6.0.1; Nexus 5X Build/MMB29P) AppleWebKit/537.36 (KHTML, like Gecko) Chrome/41.0.2272.96 Mobile Safari/537.36 (compatible; Googlebot/2.1; +http://www.google.com/bot.html)"
66.249.64.41 - - [30/Oct/2018:18:26:21 -0300] "GET / HTTP/1.1" 200 3474 "-" "Mozilla/5.0 (compatible; Googlebot/2.1; +http://www.google.com/bot.html)"
66.249.64.36 - - [30/Oct/2018:18:26:28 -0300] "GET / HTTP/1.1" 200 3474 "-" "Mozilla/5.0 (Linux; Android 6.0.1; Nexus 5X Build/MMB29P) AppleWebKit/537.36 (KHTML, like Gecko) Chrome/41.0.2272.96 Mobile Safari/537.36 (compatible; Googlebot/2.1; +http://www.google.com/bot.html)"
66.249.70.11 - - [31/Oct/2018:05:10:08 -0300] "GET /robots.txt HTTP/1.0" 404 917 "-" "Mozilla/5.0 (compatible; Googlebot/2.1; +http://www.google.com/bot.html)"
66.249.70.9 - - [31/Oct/2018:05:10:49 -0300] "GET / HTTP/1.0" 200 312 "-" "Mozilla/5.0 (compatible; Googlebot/2.1; +http://www.google.com/bot.html)"
66.249.70.9 - - [31/Oct/2018:05:10:59 -0300] "GET /css/style.css HTTP/1.0" 200 314 "http://arktetar.com.br/" "Mozilla/5.0 AppleWebKit/537.36 (KHTML, like Gecko; compatible; Googlebot/2.1; +http://www.google.com/bot.html) Safari/537.36"
66.249.64.36 - - [31/Oct/2018:06:28:31 -0300] "GET /robots.txt HTTP/1.0" 404 917 "-" "Mozilla/5.0 (compatible; Googlebot/2.1; +http://www.google.com/bot.html)"
66.249.64.36 - - [31/Oct/2018:06:29:00 -0300] "GET / HTTP/1.0" 200 312 "-" "Mozilla/5.0 (Linux; Android 6.0.1; Nexus 5X Build/MMB29P) AppleWebKit/537.36 (KHTML, like Gecko) Chrome/41.0.2272.96 Mobile Safari/537.36 (compatible; Googlebot/2.1; +http://www.google.com/bot.html)"
66.249.64.39 - - [31/Oct/2018:06:29:00 -0300] "GET / HTTP/1.0" 200 312 "-" "Mozilla/5.0 (compatible; Googlebot/2.1; +http://www.google.com/bot.html)"
66.249.70.9 - - [31/Oct/2018:05:10:49 -0300] "GET / HTTP/1.1" 200 3474 "-" "Mozilla/5.0 (compatible; Googlebot/2.1; +http://www.google.com/bot.html)"
66.249.70.9 - - [31/Oct/2018:05:10:59 -0300] "GET /css/style.css HTTP/1.1" 200 1689 "http://arktetar.com.br/" "Mozilla/5.0 AppleWebKit/537.36 (KHTML, like Gecko; compatible; Googlebot/2.1; +http://www.google.com/bot.html) Safari/537.36"
66.249.64.36 - - [31/Oct/2018:06:29:00 -0300] "GET / HTTP/1.1" 200 3474 "-" "Mozilla/5.0 (Linux; Android 6.0.1; Nexus 5X Build/MMB29P) AppleWebKit/537.36 (KHTML, like Gecko) Chrome/41.0.2272.96 Mobile Safari/537.36 (compatible; Googlebot/2.1; +http://www.google.com/bot.html)"
66.249.64.39 - - [31/Oct/2018:06:29:00 -0300] "GET / HTTP/1.1" 200 3474 "-" "Mozilla/5.0 (compatible; Googlebot/2.1; +http://www.google.com/bot.html)"
157.55.39.44 - - [31/Oct/2018:18:54:17 -0300] "GET /robots.txt HTTP/1.0" 404 917 "-" "Mozilla/5.0 (compatible; bingbot/2.0; +http://www.bing.com/bingbot.htm)"
40.77.167.132 - - [31/Oct/2018:18:54:26 -0300] "GET / HTTP/1.0" 200 312 "-" "Mozilla/5.0 (compatible; bingbot/2.0; +http://www.bing.com/bingbot.htm)"
40.77.167.132 - - [31/Oct/2018:18:54:26 -0300] "GET / HTTP/1.1" 200 3474 "-" "Mozilla/5.0 (compatible; bingbot/2.0; +http://www.bing.com/bingbot.htm)"
66.249.64.41 - - [31/Oct/2018:19:46:01 -0300] "GET /robots.txt HTTP/1.0" 404 917 "-" "Mozilla/5.0 (compatible; Googlebot/2.1; +http://www.google.com/bot.html)"
66.249.64.36 - - [31/Oct/2018:19:46:20 -0300] "GET / HTTP/1.0" 200 312 "-" "Mozilla/5.0 (compatible; Googlebot/2.1; +http://www.google.com/bot.html)"
66.249.64.36 - - [31/Oct/2018:19:50:40 -0300] "GET / HTTP/1.0" 200 312 "-" "Mozilla/5.0 (Linux; Android 6.0.1; Nexus 5X Build/MMB29P) AppleWebKit/537.36 (KHTML, like Gecko) Chrome/41.0.2272.96 Mobile Safari/537.36 (compatible; Googlebot/2.1; +http://www.google.com/bot.html)"
66.249.70.9 - - [01/Nov/2018:04:58:06 -0300] "GET /robots.txt HTTP/1.0" 404 917 "-" "Mozilla/5.0 (compatible; Googlebot/2.1; +http://www.google.com/bot.html)"
66.249.70.11 - - [01/Nov/2018:04:58:25 -0300] "GET / HTTP/1.0" 200 312 "-" "Mozilla/5.0 (compatible; Googlebot/2.1; +http://www.google.com/bot.html)"
66.249.64.36 - - [31/Oct/2018:19:46:20 -0300] "GET / HTTP/1.1" 200 3474 "-" "Mozilla/5.0 (compatible; Googlebot/2.1; +http://www.google.com/bot.html)"
66.249.64.36 - - [31/Oct/2018:19:50:40 -0300] "GET / HTTP/1.1" 200 3474 "-" "Mozilla/5.0 (Linux; Android 6.0.1; Nexus 5X Build/MMB29P) AppleWebKit/537.36 (KHTML, like Gecko) Chrome/41.0.2272.96 Mobile Safari/537.36 (compatible; Googlebot/2.1; +http://www.google.com/bot.html)"
66.249.70.11 - - [01/Nov/2018:04:58:25 -0300] "GET / HTTP/1.1" 200 3474 "-" "Mozilla/5.0 (compatible; Googlebot/2.1; +http://www.google.com/bot.html)"
52.53.201.78 - - [01/Nov/2018:09:13:41 -0300] "GET / HTTP/1.0" 200 312 "-" "Mozilla/5.0 (Macintosh; Intel Mac OS X 10_12_6) AppleWebKit/537.36 (KHTML, like Gecko) Chrome/61.0.3163.100 Safari/537.36"
52.53.201.78 - - [01/Nov/2018:09:13:41 -0300] "GET / HTTP/1.1" 200 3474 "-" "Mozilla/5.0 (Macintosh; Intel Mac OS X 10_12_6) AppleWebKit/537.36 (KHTML, like Gecko) Chrome/61.0.3163.100 Safari/537.36"
66.249.64.41 - - [01/Nov/2018:12:54:15 -0300] "GET /robots.txt HTTP/1.0" 404 917 "-" "Mozilla/5.0 (compatible; Googlebot/2.1; +http://www.google.com/bot.html)"
66.249.64.36 - - [01/Nov/2018:12:54:53 -0300] "GET / HTTP/1.0" 200 312 "-" "Mozilla/5.0 (compatible; Googlebot/2.1; +http://www.google.com/bot.html)"
66.249.64.36 - - [01/Nov/2018:12:54:53 -0300] "GET / HTTP/1.0" 200 312 "-" "Mozilla/5.0 (Linux; Android 6.0.1; Nexus 5X Build/MMB29P) AppleWebKit/537.36 (KHTML, like Gecko) Chrome/41.0.2272.96 Mobile Safari/537.36 (compatible; Googlebot/2.1; +http://www.google.com/bot.html)"
66.249.64.36 - - [01/Nov/2018:12:54:53 -0300] "GET / HTTP/1.1" 200 3474 "-" "Mozilla/5.0 (compatible; Googlebot/2.1; +http://www.google.com/bot.html)"
66.249.64.36 - - [01/Nov/2018:12:54:53 -0300] "GET / HTTP/1.1" 200 3474 "-" "Mozilla/5.0 (Linux; Android 6.0.1; Nexus 5X Build/MMB29P) AppleWebKit/537.36 (KHTML, like Gecko) Chrome/41.0.2272.96 Mobile Safari/537.36 (compatible; Googlebot/2.1; +http://www.google.com/bot.html)"
185.6.8.7 - - [03/Nov/2018:01:30:44 -0300] "GET /robots.txt HTTP/1.0" 404 1320 "-" "DomainCrawler/3.0 (info@domaincrawler.com; http://www.domaincrawler.com/arktetar.com.br)"
185.6.8.7 - - [03/Nov/2018:01:30:48 -0300] "GET / HTTP/1.0" 200 267 "-" "DomainCrawler/3.0 (info@domaincrawler.com; http://www.domaincrawler.com/arktetar.com.br)"
185.6.8.7 - - [03/Nov/2018:01:30:50 -0300] "GET /test/perl/test.html HTTP/1.0" 200 276 "-" "DomainCrawler/3.0 (info@domaincrawler.com; http://www.domaincrawler.com/arktetar.com.br)"
185.6.8.7 - - [03/Nov/2018:01:30:50 -0300] "GET /test/ssi/test.html HTTP/1.0" 200 275 "-" "DomainCrawler/3.0 (info@domaincrawler.com; http://www.domaincrawler.com/arktetar.com.br)"
185.6.8.7 - - [03/Nov/2018:01:30:50 -0300] "GET /test/fcgi/test.html HTTP/1.0" 200 276 "-" "DomainCrawler/3.0 (info@domaincrawler.com; http://www.domaincrawler.com/arktetar.com.br)"
185.6.8.7 - - [03/Nov/2018:01:30:53 -0300] "GET /test/python/test.html HTTP/1.0" 200 278 "-" "DomainCrawler/3.0 (info@domaincrawler.com; http://www.domaincrawler.com/arktetar.com.br)"
185.6.8.7 - - [03/Nov/2018:01:30:53 -0300] "GET /test/php/test.html HTTP/1.0" 200 275 "-" "DomainCrawler/3.0 (info@domaincrawler.com; http://www.domaincrawler.com/arktetar.com.br)"
185.6.8.7 - - [03/Nov/2018:01:30:55 -0300] "GET /index.html HTTP/1.0" 200 267 "-" "DomainCrawler/3.0 (info@domaincrawler.com; http://www.domaincrawler.com/arktetar.com.br)"
185.6.8.7 - - [03/Nov/2018:01:30:48 -0300] "GET / HTTP/1.1" 200 11390 "-" "DomainCrawler/3.0 (info@domaincrawler.com; http://www.domaincrawler.com/arktetar.com.br)"
185.6.8.7 - - [03/Nov/2018:01:30:50 -0300] "GET /test/perl/test.html HTTP/1.1" 200 2554 "-" "DomainCrawler/3.0 (info@domaincrawler.com; http://www.domaincrawler.com/arktetar.com.br)"
185.6.8.7 - - [03/Nov/2018:01:30:50 -0300] "GET /test/ssi/test.html HTTP/1.1" 200 2549 "-" "DomainCrawler/3.0 (info@domaincrawler.com; http://www.domaincrawler.com/arktetar.com.br)"
185.6.8.7 - - [03/Nov/2018:01:30:50 -0300] "GET /test/fcgi/test.html HTTP/1.1" 200 2556 "-" "DomainCrawler/3.0 (info@domaincrawler.com; http://www.domaincrawler.com/arktetar.com.br)"
185.6.8.7 - - [03/Nov/2018:01:30:53 -0300] "GET /test/python/test.html HTTP/1.1" 200 2552 "-" "DomainCrawler/3.0 (info@domaincrawler.com; http://www.domaincrawler.com/arktetar.com.br)"
185.6.8.7 - - [03/Nov/2018:01:30:53 -0300] "GET /test/php/test.html HTTP/1.1" 200 2544 "-" "DomainCrawler/3.0 (info@domaincrawler.com; http://www.domaincrawler.com/arktetar.com.br)"
185.6.8.7 - - [03/Nov/2018:01:30:55 -0300] "GET /index.html HTTP/1.1" 200 11390 "-" "DomainCrawler/3.0 (info@domaincrawler.com; http://www.domaincrawler.com/arktetar.com.br)"
66.249.64.41 - - [03/Nov/2018:07:21:12 -0300] "GET /robots.txt HTTP/1.0" 404 917 "-" "Mozilla/5.0 (compatible; Googlebot/2.1; +http://www.google.com/bot.html)"
66.249.64.39 - - [03/Nov/2018:07:21:32 -0300] "GET / HTTP/1.0" 200 312 "-" "Mozilla/5.0 (compatible; Googlebot/2.1; +http://www.google.com/bot.html)"
66.249.64.36 - - [03/Nov/2018:07:21:39 -0300] "GET / HTTP/1.0" 200 312 "-" "Mozilla/5.0 (Linux; Android 6.0.1; Nexus 5X Build/MMB29P) AppleWebKit/537.36 (KHTML, like Gecko) Chrome/41.0.2272.96 Mobile Safari/537.36 (compatible; Googlebot/2.1; +http://www.google.com/bot.html)"
66.249.64.39 - - [03/Nov/2018:07:21:32 -0300] "GET / HTTP/1.1" 200 3474 "-" "Mozilla/5.0 (compatible; Googlebot/2.1; +http://www.google.com/bot.html)"
66.249.64.36 - - [03/Nov/2018:07:21:39 -0300] "GET / HTTP/1.1" 200 3474 "-" "Mozilla/5.0 (Linux; Android 6.0.1; Nexus 5X Build/MMB29P) AppleWebKit/537.36 (KHTML, like Gecko) Chrome/41.0.2272.96 Mobile Safari/537.36 (compatible; Googlebot/2.1; +http://www.google.com/bot.html)"
52.53.201.78 - - [03/Nov/2018:16:09:33 -0300] "GET / HTTP/1.0" 200 312 "-" "Mozilla/5.0 (Macintosh; Intel Mac OS X 10_12_6) AppleWebKit/537.36 (KHTML, like Gecko) Chrome/61.0.3163.100 Safari/537.36"
52.53.201.78 - - [03/Nov/2018:16:09:33 -0300] "GET / HTTP/1.1" 200 3474 "-" "Mozilla/5.0 (Macintosh; Intel Mac OS X 10_12_6) AppleWebKit/537.36 (KHTML, like Gecko) Chrome/61.0.3163.100 Safari/537.36"
66.249.64.36 - - [03/Nov/2018:22:03:33 -0300] "GET /robots.txt HTTP/1.0" 404 917 "-" "Mozilla/5.0 (compatible; Googlebot/2.1; +http://www.google.com/bot.html)"
66.249.64.39 - - [03/Nov/2018:22:03:55 -0300] "GET / HTTP/1.0" 200 312 "-" "Mozilla/5.0 (compatible; Googlebot/2.1; +http://www.google.com/bot.html)"
66.249.64.41 - - [03/Nov/2018:22:04:03 -0300] "GET / HTTP/1.0" 200 312 "-" "Mozilla/5.0 (Linux; Android 6.0.1; Nexus 5X Build/MMB29P) AppleWebKit/537.36 (KHTML, like Gecko) Chrome/41.0.2272.96 Mobile Safari/537.36 (compatible; Googlebot/2.1; +http://www.google.com/bot.html)"
66.249.64.39 - - [03/Nov/2018:22:03:55 -0300] "GET / HTTP/1.1" 200 3474 "-" "Mozilla/5.0 (compatible; Googlebot/2.1; +http://www.google.com/bot.html)"
66.249.64.41 - - [03/Nov/2018:22:04:03 -0300] "GET / HTTP/1.1" 200 3474 "-" "Mozilla/5.0 (Linux; Android 6.0.1; Nexus 5X Build/MMB29P) AppleWebKit/537.36 (KHTML, like Gecko) Chrome/41.0.2272.96 Mobile Safari/537.36 (compatible; Googlebot/2.1; +http://www.google.com/bot.html)"
66.249.64.36 - - [04/Nov/2018:12:36:05 -0200] "GET /robots.txt HTTP/1.0" 404 917 "-" "Mozilla/5.0 (compatible; Googlebot/2.1; +http://www.google.com/bot.html)"
66.249.64.41 - - [04/Nov/2018:12:36:05 -0200] "GET / HTTP/1.0" 200 312 "-" "Mozilla/5.0 (Linux; Android 6.0.1; Nexus 5X Build/MMB29P) AppleWebKit/537.36 (KHTML, like Gecko) Chrome/41.0.2272.96 Mobile Safari/537.36 (compatible; Googlebot/2.1; +http://www.google.com/bot.html)"
66.249.64.36 - - [04/Nov/2018:12:36:35 -0200] "GET / HTTP/1.0" 200 312 "-" "Mozilla/5.0 (compatible; Googlebot/2.1; +http://www.google.com/bot.html)"
66.249.70.11 - - [04/Nov/2018:13:37:34 -0200] "GET /robots.txt HTTP/1.0" 404 917 "-" "Mozilla/5.0 (compatible; Googlebot/2.1; +http://www.google.com/bot.html)"
66.249.70.9 - - [04/Nov/2018:13:37:35 -0200] "GET / HTTP/1.0" 200 312 "-" "Mozilla/5.0 (compatible; Googlebot/2.1; +http://www.google.com/bot.html)"
66.249.64.41 - - [04/Nov/2018:12:36:05 -0200] "GET / HTTP/1.1" 200 3474 "-" "Mozilla/5.0 (Linux; Android 6.0.1; Nexus 5X Build/MMB29P) AppleWebKit/537.36 (KHTML, like Gecko) Chrome/41.0.2272.96 Mobile Safari/537.36 (compatible; Googlebot/2.1; +http://www.google.com/bot.html)"
66.249.64.36 - - [04/Nov/2018:12:36:35 -0200] "GET / HTTP/1.1" 200 3474 "-" "Mozilla/5.0 (compatible; Googlebot/2.1; +http://www.google.com/bot.html)"
66.249.70.9 - - [04/Nov/2018:13:37:35 -0200] "GET / HTTP/1.1" 200 3474 "-" "Mozilla/5.0 (compatible; Googlebot/2.1; +http://www.google.com/bot.html)"
66.249.70.11 - - [04/Nov/2018:23:50:02 -0200] "GET / HTTP/1.0" 200 312 "-" "Mozilla/5.0 (compatible; Googlebot/2.1; +http://www.google.com/bot.html)"
66.249.70.11 - - [04/Nov/2018:23:50:02 -0200] "GET / HTTP/1.1" 200 3474 "-" "Mozilla/5.0 (compatible; Googlebot/2.1; +http://www.google.com/bot.html)"
66.249.64.39 - - [05/Nov/2018:12:47:10 -0200] "GET /robots.txt HTTP/1.0" 404 917 "-" "Mozilla/5.0 (compatible; Googlebot/2.1; +http://www.google.com/bot.html)"
66.249.64.36 - - [05/Nov/2018:12:47:10 -0200] "GET / HTTP/1.0" 200 312 "-" "Mozilla/5.0 (Linux; Android 6.0.1; Nexus 5X Build/MMB29P) AppleWebKit/537.36 (KHTML, like Gecko) Chrome/41.0.2272.96 Mobile Safari/537.36 (compatible; Googlebot/2.1; +http://www.google.com/bot.html)"
66.249.64.36 - - [05/Nov/2018:12:47:42 -0200] "GET / HTTP/1.0" 200 312 "-" "Mozilla/5.0 (compatible; Googlebot/2.1; +http://www.google.com/bot.html)"
66.249.70.13 - - [05/Nov/2018:15:52:48 -0200] "GET /robots.txt HTTP/1.0" 404 917 "-" "Mozilla/5.0 (compatible; Googlebot/2.1; +http://www.google.com/bot.html)"
66.249.70.9 - - [05/Nov/2018:15:52:57 -0200] "GET / HTTP/1.0" 200 312 "-" "Mozilla/5.0 (compatible; Googlebot/2.1; +http://www.google.com/bot.html)"
66.249.64.36 - - [05/Nov/2018:12:47:10 -0200] "GET / HTTP/1.1" 200 3474 "-" "Mozilla/5.0 (Linux; Android 6.0.1; Nexus 5X Build/MMB29P) AppleWebKit/537.36 (KHTML, like Gecko) Chrome/41.0.2272.96 Mobile Safari/537.36 (compatible; Googlebot/2.1; +http://www.google.com/bot.html)"
66.249.64.36 - - [05/Nov/2018:12:47:42 -0200] "GET / HTTP/1.1" 200 3474 "-" "Mozilla/5.0 (compatible; Googlebot/2.1; +http://www.google.com/bot.html)"
66.249.70.9 - - [05/Nov/2018:15:52:57 -0200] "GET / HTTP/1.1" 200 3474 "-" "Mozilla/5.0 (compatible; Googlebot/2.1; +http://www.google.com/bot.html)"
66.249.64.36 - - [05/Nov/2018:22:06:53 -0200] "GET / HTTP/1.0" 200 312 "-" "Mozilla/5.0 (compatible; Googlebot/2.1; +http://www.google.com/bot.html)"
66.249.64.41 - - [05/Nov/2018:22:09:24 -0200] "GET / HTTP/1.0" 200 312 "-" "Mozilla/5.0 (Linux; Android 6.0.1; Nexus 5X Build/MMB29P) AppleWebKit/537.36 (KHTML, like Gecko) Chrome/41.0.2272.96 Mobile Safari/537.36 (compatible; Googlebot/2.1; +http://www.google.com/bot.html)"
