52.53.201.78 - - [05/Nov/2018:23:40:33 -0200] "GET / HTTP/1.0" 200 312 "-" "Mozilla/5.0 (Macintosh; Intel Mac OS X 10_12_6) AppleWebKit/537.36 (KHTML, like Gecko) Chrome/61.0.3163.100 Safari/537.36"
173.252.95.1 - - [06/Nov/2018:06:29:28 -0200] "GET /robots.txt HTTP/1.0" 404 917 "-" "facebookexternalhit/1.1 (+http://www.facebook.com/externalhit_uatext.php)"
173.252.95.29 - - [06/Nov/2018:06:29:38 -0200] "GET / HTTP/1.0" 200 312 "-" "Mozilla/5.0 (Windows NT 10.0; Win64; x64) AppleWebKit/537.36 (KHTML, like Gecko) Chrome/70.0.3538.77 Safari/537.36"
173.252.95.29 - - [06/Nov/2018:06:29:38 -0200] "GET /css/style.css HTTP/1.0" 200 314 "http://arktetar.com.br/" "Mozilla/5.0 (Windows NT 10.0; Win64; x64) AppleWebKit/537.36 (KHTML, like Gecko) Chrome/70.0.3538.77 Safari/537.36"
173.252.95.3 - - [06/Nov/2018:06:29:39 -0200] "GET /img/panel-logo.png HTTP/1.0" 200 252 "http://arktetar.com.br/" "Mozilla/5.0 (Windows NT 10.0; Win64; x64) AppleWebKit/537.36 (KHTML, like Gecko) Chrome/70.0.3538.77 Safari/537.36"
173.252.95.3 - - [06/Nov/2018:06:29:39 -0200] "GET /img/apps/pd-box.gif HTTP/1.0" 200 253 "http://arktetar.com.br/" "Mozilla/5.0 (Windows NT 10.0; Win64; x64) AppleWebKit/537.36 (KHTML, like Gecko) Chrome/70.0.3538.77 Safari/537.36"
173.252.95.3 - - [06/Nov/2018:06:29:39 -0200] "GET /img/apps/pdfwl-box.gif HTTP/1.0" 200 256 "http://arktetar.com.br/" "Mozilla/5.0 (Windows NT 10.0; Win64; x64) AppleWebKit/537.36 (KHTML, like Gecko) Chrome/70.0.3538.77 Safari/537.36"
173.252.95.29 - - [06/Nov/2018:06:29:39 -0200] "GET /img/apps/server-box.gif HTTP/1.0" 200 283 "http://arktetar.com.br/" "Mozilla/5.0 (Windows NT 10.0; Win64; x64) AppleWebKit/537.36 (KHTML, like Gecko) Chrome/70.0.3538.77 Safari/537.36"
173.252.95.3 - - [06/Nov/2018:06:29:39 -0200] "GET /img/p-box.png HTTP/1.0" 200 1230 "http://arktetar.com.br/css/style.css" "Mozilla/5.0 (Windows NT 10.0; Win64; x64) AppleWebKit/537.36 (KHTML, like Gecko) Chrome/70.0.3538.77 Safari/537.36"
173.252.95.29 - - [06/Nov/2018:06:29:39 -0200] "GET /img/globe.png HTTP/1.0" 200 247 "http://arktetar.com.br/css/style.css" "Mozilla/5.0 (Windows NT 10.0; Win64; x64) AppleWebKit/537.36 (KHTML, like Gecko) Chrome/70.0.3538.77 Safari/537.36"
173.252.95.3 - - [06/Nov/2018:06:29:40 -0200] "GET /img/bullet.gif HTTP/1.0" 200 248 "http://arktetar.com.br/css/style.css" "Mozilla/5.0 (Windows NT 10.0; Win64; x64) AppleWebKit/537.36 (KHTML, like Gecko) Chrome/70.0.3538.77 Safari/537.36"
173.252.95.3 - - [06/Nov/2018:06:29:40 -0200] "GET /img/icons/fastcgi.png HTTP/1.0" 200 255 "http://arktetar.com.br/css/style.css" "Mozilla/5.0 (Windows NT 10.0; Win64; x64) AppleWebKit/537.36 (KHTML, like Gecko) Chrome/70.0.3538.77 Safari/537.36"
173.252.95.26 - - [06/Nov/2018:06:29:40 -0200] "GET /img/apps/container-box.gif HTTP/1.0" 200 260 "http://arktetar.com.br/" "Mozilla/5.0 (Windows NT 10.0; Win64; x64) AppleWebKit/537.36 (KHTML, like Gecko) Chrome/70.0.3538.77 Safari/537.36"
173.252.95.21 - - [06/Nov/2018:06:29:40 -0200] "GET /img/top-bottom.png HTTP/1.0" 200 252 "http://arktetar.com.br/css/style.css" "Mozilla/5.0 (Windows NT 10.0; Win64; x64) AppleWebKit/537.36 (KHTML, like Gecko) Chrome/70.0.3538.77 Safari/537.36"
173.252.95.15 - - [06/Nov/2018:06:29:40 -0200] "GET /img/apps/pcp-box.gif HTTP/1.0" 200 254 "http://arktetar.com.br/" "Mozilla/5.0 (Windows NT 10.0; Win64; x64) AppleWebKit/537.36 (KHTML, like Gecko) Chrome/70.0.3538.77 Safari/537.36"
173.252.95.34 - - [06/Nov/2018:06:29:40 -0200] "GET /img/apps/poa-box.gif HTTP/1.0" 200 254 "http://arktetar.com.br/" "Mozilla/5.0 (Windows NT 10.0; Win64; x64) AppleWebKit/537.36 (KHTML, like Gecko) Chrome/70.0.3538.77 Safari/537.36"
173.252.95.26 - - [06/Nov/2018:06:29:40 -0200] "GET /img/icons/python.png HTTP/1.0" 200 254 "http://arktetar.com.br/css/style.css" "Mozilla/5.0 (Windows NT 10.0; Win64; x64) AppleWebKit/537.36 (KHTML, like Gecko) Chrome/70.0.3538.77 Safari/537.36"
173.252.95.3 - - [06/Nov/2018:06:29:40 -0200] "GET /img/icons/php.png HTTP/1.0" 200 251 "http://arktetar.com.br/css/style.css" "Mozilla/5.0 (Windows NT 10.0; Win64; x64) AppleWebKit/537.36 (KHTML, like Gecko) Chrome/70.0.3538.77 Safari/537.36"
173.252.95.21 - - [06/Nov/2018:06:29:40 -0200] "GET /img/icons/perl.png HTTP/1.0" 200 252 "http://arktetar.com.br/css/style.css" "Mozilla/5.0 (Windows NT 10.0; Win64; x64) AppleWebKit/537.36 (KHTML, like Gecko) Chrome/70.0.3538.77 Safari/537.36"
173.252.95.34 - - [06/Nov/2018:06:29:40 -0200] "GET /img/icons/ssi.png HTTP/1.0" 200 251 "http://arktetar.com.br/css/style.css" "Mozilla/5.0 (Windows NT 10.0; Win64; x64) AppleWebKit/537.36 (KHTML, like Gecko) Chrome/70.0.3538.77 Safari/537.36"
66.249.64.36 - - [05/Nov/2018:22:06:53 -0200] "GET / HTTP/1.1" 200 3474 "-" "Mozilla/5.0 (compatible; Googlebot/2.1; +http://www.google.com/bot.html)"
66.249.64.41 - - [05/Nov/2018:22:09:24 -0200] "GET / HTTP/1.1" 200 3474 "-" "Mozilla/5.0 (Linux; Android 6.0.1; Nexus 5X Build/MMB29P) AppleWebKit/537.36 (KHTML, like Gecko) Chrome/41.0.2272.96 Mobile Safari/537.36 (compatible; Googlebot/2.1; +http://www.google.com/bot.html)"
52.53.201.78 - - [05/Nov/2018:23:40:33 -0200] "GET / HTTP/1.1" 200 3474 "-" "Mozilla/5.0 (Macintosh; Intel Mac OS X 10_12_6) AppleWebKit/537.36 (KHTML, like Gecko) Chrome/61.0.3163.100 Safari/537.36"
173.252.95.29 - - [06/Nov/2018:06:29:38 -0200] "GET / HTTP/1.1" 200 3474 "-" "Mozilla/5.0 (Windows NT 10.0; Win64; x64) AppleWebKit/537.36 (KHTML, like Gecko) Chrome/70.0.3538.77 Safari/537.36"
173.252.95.29 - - [06/Nov/2018:06:29:38 -0200] "GET /css/style.css HTTP/1.1" 200 1689 "http://arktetar.com.br/" "Mozilla/5.0 (Windows NT 10.0; Win64; x64) AppleWebKit/537.36 (KHTML, like Gecko) Chrome/70.0.3538.77 Safari/537.36"
173.252.95.3 - - [06/Nov/2018:06:29:39 -0200] "GET /img/panel-logo.png HTTP/1.1" 200 3383 "http://arktetar.com.br/" "Mozilla/5.0 (Windows NT 10.0; Win64; x64) AppleWebKit/537.36 (KHTML, like Gecko) Chrome/70.0.3538.77 Safari/537.36"
173.252.95.3 - - [06/Nov/2018:06:29:39 -0200] "GET /img/apps/pd-box.gif HTTP/1.1" 200 5897 "http://arktetar.com.br/" "Mozilla/5.0 (Windows NT 10.0; Win64; x64) AppleWebKit/537.36 (KHTML, like Gecko) Chrome/70.0.3538.77 Safari/537.36"
173.252.95.3 - - [06/Nov/2018:06:29:39 -0200] "GET /img/apps/pdfwl-box.gif HTTP/1.1" 200 5731 "http://arktetar.com.br/" "Mozilla/5.0 (Windows NT 10.0; Win64; x64) AppleWebKit/537.36 (KHTML, like Gecko) Chrome/70.0.3538.77 Safari/537.36"
173.252.95.29 - - [06/Nov/2018:06:29:39 -0200] "GET /img/apps/server-box.gif HTTP/1.1" 200 6222 "http://arktetar.com.br/" "Mozilla/5.0 (Windows NT 10.0; Win64; x64) AppleWebKit/537.36 (KHTML, like Gecko) Chrome/70.0.3538.77 Safari/537.36"
173.252.95.29 - - [06/Nov/2018:06:29:39 -0200] "GET /img/globe.png HTTP/1.1" 200 46057 "http://arktetar.com.br/css/style.css" "Mozilla/5.0 (Windows NT 10.0; Win64; x64) AppleWebKit/537.36 (KHTML, like Gecko) Chrome/70.0.3538.77 Safari/537.36"
173.252.95.3 - - [06/Nov/2018:06:29:40 -0200] "GET /img/bullet.gif HTTP/1.1" 200 1213 "http://arktetar.com.br/css/style.css" "Mozilla/5.0 (Windows NT 10.0; Win64; x64) AppleWebKit/537.36 (KHTML, like Gecko) Chrome/70.0.3538.77 Safari/537.36"
173.252.95.3 - - [06/Nov/2018:06:29:40 -0200] "GET /img/icons/fastcgi.png HTTP/1.1" 200 2714 "http://arktetar.com.br/css/style.css" "Mozilla/5.0 (Windows NT 10.0; Win64; x64) AppleWebKit/537.36 (KHTML, like Gecko) Chrome/70.0.3538.77 Safari/537.36"
173.252.95.26 - - [06/Nov/2018:06:29:40 -0200] "GET /img/apps/container-box.gif HTTP/1.1" 200 5400 "http://arktetar.com.br/" "Mozilla/5.0 (Windows NT 10.0; Win64; x64) AppleWebKit/537.36 (KHTML, like Gecko) Chrome/70.0.3538.77 Safari/537.36"
173.252.95.21 - - [06/Nov/2018:06:29:40 -0200] "GET /img/top-bottom.png HTTP/1.1" 200 810 "http://arktetar.com.br/css/style.css" "Mozilla/5.0 (Windows NT 10.0; Win64; x64) AppleWebKit/537.36 (KHTML, like Gecko) Chrome/70.0.3538.77 Safari/537.36"
173.252.95.15 - - [06/Nov/2018:06:29:40 -0200] "GET /img/apps/pcp-box.gif HTTP/1.1" 200 6420 "http://arktetar.com.br/" "Mozilla/5.0 (Windows NT 10.0; Win64; x64) AppleWebKit/537.36 (KHTML, like Gecko) Chrome/70.0.3538.77 Safari/537.36"
173.252.95.34 - - [06/Nov/2018:06:29:40 -0200] "GET /img/apps/poa-box.gif HTTP/1.1" 200 5928 "http://arktetar.com.br/" "Mozilla/5.0 (Windows NT 10.0; Win64; x64) AppleWebKit/537.36 (KHTML, like Gecko) Chrome/70.0.3538.77 Safari/537.36"
173.252.95.26 - - [06/Nov/2018:06:29:40 -0200] "GET /img/icons/python.png HTTP/1.1" 200 2489 "http://arktetar.com.br/css/style.css" "Mozilla/5.0 (Windows NT 10.0; Win64; x64) AppleWebKit/537.36 (KHTML, like Gecko) Chrome/70.0.3538.77 Safari/537.36"
173.252.95.3 - - [06/Nov/2018:06:29:40 -0200] "GET /img/icons/php.png HTTP/1.1" 200 2401 "http://arktetar.com.br/css/style.css" "Mozilla/5.0 (Windows NT 10.0; Win64; x64) AppleWebKit/537.36 (KHTML, like Gecko) Chrome/70.0.3538.77 Safari/537.36"
173.252.95.21 - - [06/Nov/2018:06:29:40 -0200] "GET /img/icons/perl.png HTTP/1.1" 200 3085 "http://arktetar.com.br/css/style.css" "Mozilla/5.0 (Windows NT 10.0; Win64; x64) AppleWebKit/537.36 (KHTML, like Gecko) Chrome/70.0.3538.77 Safari/537.36"
173.252.95.34 - - [06/Nov/2018:06:29:40 -0200] "GET /img/icons/ssi.png HTTP/1.1" 200 2593 "http://arktetar.com.br/css/style.css" "Mozilla/5.0 (Windows NT 10.0; Win64; x64) AppleWebKit/537.36 (KHTML, like Gecko) Chrome/70.0.3538.77 Safari/537.36"
66.249.64.39 - - [06/Nov/2018:07:36:26 -0200] "GET /robots.txt HTTP/1.0" 404 917 "-" "Mozilla/5.0 (compatible; Googlebot/2.1; +http://www.google.com/bot.html)"
66.249.64.41 - - [06/Nov/2018:07:36:27 -0200] "GET / HTTP/1.0" 200 312 "-" "Mozilla/5.0 (Linux; Android 6.0.1; Nexus 5X Build/MMB29P) AppleWebKit/537.36 (KHTML, like Gecko) Chrome/41.0.2272.96 Mobile Safari/537.36 (compatible; Googlebot/2.1; +http://www.google.com/bot.html)"
66.249.64.39 - - [06/Nov/2018:07:36:41 -0200] "GET / HTTP/1.0" 200 312 "-" "Mozilla/5.0 (compatible; Googlebot/2.1; +http://www.google.com/bot.html)"
66.249.64.41 - - [06/Nov/2018:07:36:27 -0200] "GET / HTTP/1.1" 200 3474 "-" "Mozilla/5.0 (Linux; Android 6.0.1; Nexus 5X Build/MMB29P) AppleWebKit/537.36 (KHTML, like Gecko) Chrome/41.0.2272.96 Mobile Safari/537.36 (compatible; Googlebot/2.1; +http://www.google.com/bot.html)"
66.249.64.39 - - [06/Nov/2018:07:36:41 -0200] "GET / HTTP/1.1" 200 3474 "-" "Mozilla/5.0 (compatible; Googlebot/2.1; +http://www.google.com/bot.html)"
66.249.70.9 - - [06/Nov/2018:15:07:47 -0200] "GET /robots.txt HTTP/1.0" 404 917 "-" "Mozilla/5.0 (compatible; Googlebot/2.1; +http://www.google.com/bot.html)"
66.249.70.11 - - [06/Nov/2018:15:08:05 -0200] "GET / HTTP/1.0" 200 312 "-" "Mozilla/5.0 (compatible; Googlebot/2.1; +http://www.google.com/bot.html)"
66.249.70.11 - - [06/Nov/2018:15:08:05 -0200] "GET / HTTP/1.1" 200 3474 "-" "Mozilla/5.0 (compatible; Googlebot/2.1; +http://www.google.com/bot.html)"
66.249.64.36 - - [07/Nov/2018:12:14:01 -0200] "GET /robots.txt HTTP/1.0" 404 917 "-" "Mozilla/5.0 (compatible; Googlebot/2.1; +http://www.google.com/bot.html)"
66.249.64.41 - - [07/Nov/2018:12:14:02 -0200] "GET / HTTP/1.0" 200 312 "-" "Mozilla/5.0 (compatible; Googlebot/2.1; +http://www.google.com/bot.html)"
66.249.64.36 - - [07/Nov/2018:12:14:21 -0200] "GET / HTTP/1.0" 200 312 "-" "Mozilla/5.0 (Linux; Android 6.0.1; Nexus 5X Build/MMB29P) AppleWebKit/537.36 (KHTML, like Gecko) Chrome/41.0.2272.96 Mobile Safari/537.36 (compatible; Googlebot/2.1; +http://www.google.com/bot.html)"
66.249.64.41 - - [07/Nov/2018:12:14:02 -0200] "GET / HTTP/1.1" 200 3474 "-" "Mozilla/5.0 (compatible; Googlebot/2.1; +http://www.google.com/bot.html)"
66.249.64.36 - - [07/Nov/2018:12:14:21 -0200] "GET / HTTP/1.1" 200 3474 "-" "Mozilla/5.0 (Linux; Android 6.0.1; Nexus 5X Build/MMB29P) AppleWebKit/537.36 (KHTML, like Gecko) Chrome/41.0.2272.96 Mobile Safari/537.36 (compatible; Googlebot/2.1; +http://www.google.com/bot.html)"
66.249.64.41 - - [07/Nov/2018:21:54:17 -0200] "GET / HTTP/1.0" 200 312 "-" "Mozilla/5.0 (compatible; Googlebot/2.1; +http://www.google.com/bot.html)"
64.246.178.34 - - [07/Nov/2018:21:55:00 -0200] "GET /robots.txt HTTP/1.0" 404 1320 "-" "Mozilla/5.0 (Macintosh; Intel Mac OS X 10.10; rv:59.0) Gecko/20100101 Firefox/59.0"
64.246.178.34 - - [07/Nov/2018:21:55:01 -0200] "GET / HTTP/1.0" 200 312 "-" "Mozilla/5.0 (Macintosh; Intel Mac OS X 10.10; rv:59.0) Gecko/20100101 Firefox/59.0"
66.249.64.39 - - [07/Nov/2018:21:55:40 -0200] "GET / HTTP/1.0" 200 312 "-" "Mozilla/5.0 (Linux; Android 6.0.1; Nexus 5X Build/MMB29P) AppleWebKit/537.36 (KHTML, like Gecko) Chrome/41.0.2272.96 Mobile Safari/537.36 (compatible; Googlebot/2.1; +http://www.google.com/bot.html)"
35.175.226.224 - - [08/Nov/2018:05:52:28 -0200] "HEAD / HTTP/1.0" 200 313 "-" "CheckMarkNetwork/1.0 (+http://www.checkmarknetwork.com/spider.html)"
35.175.226.224 - - [08/Nov/2018:05:52:28 -0200] "GET /robots.txt HTTP/1.0" 404 1320 "-" "CheckMarkNetwork/1.0 (+http://www.checkmarknetwork.com/spider.html)"
35.175.226.224 - - [08/Nov/2018:05:52:29 -0200] "GET / HTTP/1.0" 200 312 "-" "CheckMarkNetwork/1.0 (+http://www.checkmarknetwork.com/spider.html)"
35.175.226.224 - - [08/Nov/2018:05:53:05 -0200] "GET /css/style.css HTTP/1.0" 200 269 "-" "CheckMarkNetwork/1.0 (+http://www.checkmarknetwork.com/spider.html)"
52.53.201.78 - - [08/Nov/2018:06:00:25 -0200] "GET / HTTP/1.0" 200 312 "-" "Mozilla/5.0 (Macintosh; Intel Mac OS X 10_12_6) AppleWebKit/537.36 (KHTML, like Gecko) Chrome/61.0.3163.100 Safari/537.36"
66.249.64.41 - - [07/Nov/2018:21:54:17 -0200] "GET / HTTP/1.1" 200 3474 "-" "Mozilla/5.0 (compatible; Googlebot/2.1; +http://www.google.com/bot.html)"
64.246.178.34 - - [07/Nov/2018:21:55:01 -0200] "GET / HTTP/1.1" 200 3474 "-" "Mozilla/5.0 (Macintosh; Intel Mac OS X 10.10; rv:59.0) Gecko/20100101 Firefox/59.0"
66.249.64.39 - - [07/Nov/2018:21:55:40 -0200] "GET / HTTP/1.1" 200 3474 "-" "Mozilla/5.0 (Linux; Android 6.0.1; Nexus 5X Build/MMB29P) AppleWebKit/537.36 (KHTML, like Gecko) Chrome/41.0.2272.96 Mobile Safari/537.36 (compatible; Googlebot/2.1; +http://www.google.com/bot.html)"
35.175.226.224 - - [08/Nov/2018:05:52:29 -0200] "GET / HTTP/1.1" 200 3474 "-" "CheckMarkNetwork/1.0 (+http://www.checkmarknetwork.com/spider.html)"
35.175.226.224 - - [08/Nov/2018:05:53:05 -0200] "GET /css/style.css HTTP/1.1" 200 4737 "-" "CheckMarkNetwork/1.0 (+http://www.checkmarknetwork.com/spider.html)"
52.53.201.78 - - [08/Nov/2018:06:00:25 -0200] "GET / HTTP/1.1" 200 3474 "-" "Mozilla/5.0 (Macintosh; Intel Mac OS X 10_12_6) AppleWebKit/537.36 (KHTML, like Gecko) Chrome/61.0.3163.100 Safari/537.36"
157.55.39.44 - - [08/Nov/2018:06:40:51 -0200] "GET /robots.txt HTTP/1.0" 404 917 "-" "Mozilla/5.0 (compatible; bingbot/2.0; +http://www.bing.com/bingbot.htm)"
40.77.167.80 - - [08/Nov/2018:06:41:35 -0200] "GET / HTTP/1.0" 200 312 "-" "Mozilla/5.0 (compatible; bingbot/2.0; +http://www.bing.com/bingbot.htm)"
40.77.167.80 - - [08/Nov/2018:06:41:35 -0200] "GET / HTTP/1.1" 304 0 "-" "Mozilla/5.0 (compatible; bingbot/2.0; +http://www.bing.com/bingbot.htm)"
66.249.70.13 - - [08/Nov/2018:09:59:31 -0200] "GET /robots.txt HTTP/1.0" 404 917 "-" "Mozilla/5.0 (compatible; Googlebot/2.1; +http://www.google.com/bot.html)"
66.249.70.9 - - [08/Nov/2018:09:59:32 -0200] "GET / HTTP/1.0" 200 312 "-" "Mozilla/5.0 (compatible; Googlebot/2.1; +http://www.google.com/bot.html)"
66.249.70.9 - - [08/Nov/2018:09:59:32 -0200] "GET / HTTP/1.1" 200 3474 "-" "Mozilla/5.0 (compatible; Googlebot/2.1; +http://www.google.com/bot.html)"
66.249.70.11 - - [08/Nov/2018:20:25:56 -0200] "GET / HTTP/1.0" 200 312 "-" "Mozilla/5.0 (compatible; Googlebot/2.1; +http://www.google.com/bot.html)"
66.249.70.11 - - [08/Nov/2018:20:25:56 -0200] "GET / HTTP/1.1" 200 3474 "-" "Mozilla/5.0 (compatible; Googlebot/2.1; +http://www.google.com/bot.html)"
66.249.64.41 - - [09/Nov/2018:02:20:53 -0200] "GET /robots.txt HTTP/1.0" 404 917 "-" "Mozilla/5.0 (compatible; Googlebot/2.1; +http://www.google.com/bot.html)"
66.249.64.36 - - [09/Nov/2018:02:20:53 -0200] "GET / HTTP/1.0" 200 312 "-" "Mozilla/5.0 (compatible; Googlebot/2.1; +http://www.google.com/bot.html)"
66.249.64.41 - - [09/Nov/2018:02:27:13 -0200] "GET / HTTP/1.0" 200 312 "-" "Mozilla/5.0 (Linux; Android 6.0.1; Nexus 5X Build/MMB29P) AppleWebKit/537.36 (KHTML, like Gecko) Chrome/41.0.2272.96 Mobile Safari/537.36 (compatible; Googlebot/2.1; +http://www.google.com/bot.html)"
66.249.64.36 - - [09/Nov/2018:02:20:53 -0200] "GET / HTTP/1.1" 200 3474 "-" "Mozilla/5.0 (compatible; Googlebot/2.1; +http://www.google.com/bot.html)"
66.249.64.41 - - [09/Nov/2018:02:27:13 -0200] "GET / HTTP/1.1" 200 3474 "-" "Mozilla/5.0 (Linux; Android 6.0.1; Nexus 5X Build/MMB29P) AppleWebKit/537.36 (KHTML, like Gecko) Chrome/41.0.2272.96 Mobile Safari/537.36 (compatible; Googlebot/2.1; +http://www.google.com/bot.html)"
66.249.64.41 - - [09/Nov/2018:11:59:38 -0200] "GET / HTTP/1.0" 200 312 "-" "Mozilla/5.0 (compatible; Googlebot/2.1; +http://www.google.com/bot.html)"
66.249.64.41 - - [09/Nov/2018:11:59:38 -0200] "GET / HTTP/1.1" 200 3474 "-" "Mozilla/5.0 (compatible; Googlebot/2.1; +http://www.google.com/bot.html)"
66.249.64.39 - - [09/Nov/2018:12:03:03 -0200] "GET / HTTP/1.0" 200 312 "-" "Mozilla/5.0 (Linux; Android 6.0.1; Nexus 5X Build/MMB29P) AppleWebKit/537.36 (KHTML, like Gecko) Chrome/41.0.2272.96 Mobile Safari/537.36 (compatible; Googlebot/2.1; +http://www.google.com/bot.html)"
66.249.70.13 - - [09/Nov/2018:14:29:26 -0200] "GET /robots.txt HTTP/1.0" 404 917 "-" "Mozilla/5.0 (compatible; Googlebot/2.1; +http://www.google.com/bot.html)"
66.249.70.11 - - [09/Nov/2018:14:29:32 -0200] "GET / HTTP/1.0" 200 312 "-" "Mozilla/5.0 (compatible; Googlebot/2.1; +http://www.google.com/bot.html)"
66.249.64.39 - - [09/Nov/2018:12:03:03 -0200] "GET / HTTP/1.1" 200 3474 "-" "Mozilla/5.0 (Linux; Android 6.0.1; Nexus 5X Build/MMB29P) AppleWebKit/537.36 (KHTML, like Gecko) Chrome/41.0.2272.96 Mobile Safari/537.36 (compatible; Googlebot/2.1; +http://www.google.com/bot.html)"
66.249.70.11 - - [09/Nov/2018:14:29:32 -0200] "GET / HTTP/1.1" 200 3474 "-" "Mozilla/5.0 (compatible; Googlebot/2.1; +http://www.google.com/bot.html)"
178.63.26.114 - - [09/Nov/2018:22:52:05 -0200] "GET /robots.txt HTTP/1.0" 404 1320 "-" "Mozilla/5.0 (compatible; MJ12bot/v1.4.8; http://mj12bot.com/)"
178.63.26.114 - - [09/Nov/2018:22:52:06 -0200] "GET / HTTP/1.0" 200 267 "-" "Mozilla/5.0 (compatible; MJ12bot/v1.4.8; http://mj12bot.com/)"
178.63.26.114 - - [09/Nov/2018:22:52:08 -0200] "GET /index.html HTTP/1.0" 200 312 "-" "Mozilla/5.0 (compatible; MJ12bot/v1.4.8; http://mj12bot.com/)"
178.63.26.114 - - [09/Nov/2018:22:52:10 -0200] "GET /test/fcgi/test.html HTTP/1.0" 200 321 "-" "Mozilla/5.0 (compatible; MJ12bot/v1.4.8; http://mj12bot.com/)"
178.63.26.114 - - [09/Nov/2018:22:52:11 -0200] "GET /test/perl/test.html HTTP/1.0" 200 321 "-" "Mozilla/5.0 (compatible; MJ12bot/v1.4.8; http://mj12bot.com/)"
178.63.26.114 - - [09/Nov/2018:22:52:13 -0200] "GET /test/php/test.html HTTP/1.0" 200 320 "-" "Mozilla/5.0 (compatible; MJ12bot/v1.4.8; http://mj12bot.com/)"
178.63.26.114 - - [09/Nov/2018:22:52:15 -0200] "GET /test/python/test.html HTTP/1.0" 200 323 "-" "Mozilla/5.0 (compatible; MJ12bot/v1.4.8; http://mj12bot.com/)"
178.63.26.114 - - [09/Nov/2018:22:52:16 -0200] "GET /test/ssi/test.html HTTP/1.0" 200 320 "-" "Mozilla/5.0 (compatible; MJ12bot/v1.4.8; http://mj12bot.com/)"
176.74.192.72 - - [10/Nov/2018:00:00:12 -0200] "GET / HTTP/1.0" 200 312 "-" "Mozilla/5.0 (X11; Linux x86_64) AppleWebKit/537.36 (KHTML, like Gecko) HeadlessChrome/69.0.3497.81 Safari/537.36"
176.74.192.72 - - [10/Nov/2018:00:00:14 -0200] "GET /css/style.css HTTP/1.0" 200 314 "http://arktetar.com.br/" "Mozilla/5.0 (X11; Linux x86_64) AppleWebKit/537.36 (KHTML, like Gecko) HeadlessChrome/69.0.3497.81 Safari/537.36"
176.74.192.72 - - [10/Nov/2018:00:00:14 -0200] "GET /img/panel-logo.png HTTP/1.0" 200 252 "http://arktetar.com.br/" "Mozilla/5.0 (X11; Linux x86_64) AppleWebKit/537.36 (KHTML, like Gecko) HeadlessChrome/69.0.3497.81 Safari/537.36"
176.74.192.72 - - [10/Nov/2018:00:00:14 -0200] "GET /img/apps/pd-box.gif HTTP/1.0" 200 253 "http://arktetar.com.br/" "Mozilla/5.0 (X11; Linux x86_64) AppleWebKit/537.36 (KHTML, like Gecko) HeadlessChrome/69.0.3497.81 Safari/537.36"
176.74.192.72 - - [10/Nov/2018:00:00:14 -0200] "GET /img/apps/pdfwl-box.gif HTTP/1.0" 200 256 "http://arktetar.com.br/" "Mozilla/5.0 (X11; Linux x86_64) AppleWebKit/537.36 (KHTML, like Gecko) HeadlessChrome/69.0.3497.81 Safari/537.36"
176.74.192.72 - - [10/Nov/2018:00:00:14 -0200] "GET /img/apps/server-box.gif HTTP/1.0" 200 283 "http://arktetar.com.br/" "Mozilla/5.0 (X11; Linux x86_64) AppleWebKit/537.36 (KHTML, like Gecko) HeadlessChrome/69.0.3497.81 Safari/537.36"
176.74.192.72 - - [10/Nov/2018:00:00:14 -0200] "GET /img/apps/container-box.gif HTTP/1.0" 200 260 "http://arktetar.com.br/" "Mozilla/5.0 (X11; Linux x86_64) AppleWebKit/537.36 (KHTML, like Gecko) HeadlessChrome/69.0.3497.81 Safari/537.36"
176.74.192.72 - - [10/Nov/2018:00:00:14 -0200] "GET /img/apps/poa-box.gif HTTP/1.0" 200 254 "http://arktetar.com.br/" "Mozilla/5.0 (X11; Linux x86_64) AppleWebKit/537.36 (KHTML, like Gecko) HeadlessChrome/69.0.3497.81 Safari/537.36"
176.74.192.72 - - [10/Nov/2018:00:00:14 -0200] "GET /img/apps/pcp-box.gif HTTP/1.0" 200 254 "http://arktetar.com.br/" "Mozilla/5.0 (X11; Linux x86_64) AppleWebKit/537.36 (KHTML, like Gecko) HeadlessChrome/69.0.3497.81 Safari/537.36"
176.74.192.72 - - [10/Nov/2018:00:00:14 -0200] "GET /img/p-box.png HTTP/1.0" 200 1230 "http://arktetar.com.br/css/style.css" "Mozilla/5.0 (X11; Linux x86_64) AppleWebKit/537.36 (KHTML, like Gecko) HeadlessChrome/69.0.3497.81 Safari/537.36"
178.63.26.114 - - [09/Nov/2018:22:52:06 -0200] "GET / HTTP/1.1" 200 11390 "-" "Mozilla/5.0 (compatible; MJ12bot/v1.4.8; http://mj12bot.com/)"
178.63.26.114 - - [09/Nov/2018:22:52:08 -0200] "GET /index.html HTTP/1.1" 200 3474 "-" "Mozilla/5.0 (compatible; MJ12bot/v1.4.8; http://mj12bot.com/)"
178.63.26.114 - - [09/Nov/2018:22:52:10 -0200] "GET /test/fcgi/test.html HTTP/1.1" 200 1126 "-" "Mozilla/5.0 (compatible; MJ12bot/v1.4.8; http://mj12bot.com/)"
178.63.26.114 - - [09/Nov/2018:22:52:11 -0200] "GET /test/perl/test.html HTTP/1.1" 200 1129 "-" "Mozilla/5.0 (compatible; MJ12bot/v1.4.8; http://mj12bot.com/)"
178.63.26.114 - - [09/Nov/2018:22:52:13 -0200] "GET /test/php/test.html HTTP/1.1" 200 1120 "-" "Mozilla/5.0 (compatible; MJ12bot/v1.4.8; http://mj12bot.com/)"
178.63.26.114 - - [09/Nov/2018:22:52:15 -0200] "GET /test/python/test.html HTTP/1.1" 200 1123 "-" "Mozilla/5.0 (compatible; MJ12bot/v1.4.8; http://mj12bot.com/)"
178.63.26.114 - - [09/Nov/2018:22:52:16 -0200] "GET /test/ssi/test.html HTTP/1.1" 200 1121 "-" "Mozilla/5.0 (compatible; MJ12bot/v1.4.8; http://mj12bot.com/)"
176.74.192.72 - - [10/Nov/2018:00:00:12 -0200] "GET / HTTP/1.1" 200 3474 "-" "Mozilla/5.0 (X11; Linux x86_64) AppleWebKit/537.36 (KHTML, like Gecko) HeadlessChrome/69.0.3497.81 Safari/537.36"
176.74.192.72 - - [10/Nov/2018:00:00:14 -0200] "GET /css/style.css HTTP/1.1" 200 1689 "http://arktetar.com.br/" "Mozilla/5.0 (X11; Linux x86_64) AppleWebKit/537.36 (KHTML, like Gecko) HeadlessChrome/69.0.3497.81 Safari/537.36"
176.74.192.72 - - [10/Nov/2018:00:00:14 -0200] "GET /img/panel-logo.png HTTP/1.1" 200 3383 "http://arktetar.com.br/" "Mozilla/5.0 (X11; Linux x86_64) AppleWebKit/537.36 (KHTML, like Gecko) HeadlessChrome/69.0.3497.81 Safari/537.36"
176.74.192.72 - - [10/Nov/2018:00:00:14 -0200] "GET /img/apps/pd-box.gif HTTP/1.1" 200 5897 "http://arktetar.com.br/" "Mozilla/5.0 (X11; Linux x86_64) AppleWebKit/537.36 (KHTML, like Gecko) HeadlessChrome/69.0.3497.81 Safari/537.36"
176.74.192.72 - - [10/Nov/2018:00:00:14 -0200] "GET /img/apps/pdfwl-box.gif HTTP/1.1" 200 5731 "http://arktetar.com.br/" "Mozilla/5.0 (X11; Linux x86_64) AppleWebKit/537.36 (KHTML, like Gecko) HeadlessChrome/69.0.3497.81 Safari/537.36"
176.74.192.72 - - [10/Nov/2018:00:00:14 -0200] "GET /img/apps/server-box.gif HTTP/1.1" 200 6222 "http://arktetar.com.br/" "Mozilla/5.0 (X11; Linux x86_64) AppleWebKit/537.36 (KHTML, like Gecko) HeadlessChrome/69.0.3497.81 Safari/537.36"
176.74.192.72 - - [10/Nov/2018:00:00:14 -0200] "GET /img/apps/container-box.gif HTTP/1.1" 200 5400 "http://arktetar.com.br/" "Mozilla/5.0 (X11; Linux x86_64) AppleWebKit/537.36 (KHTML, like Gecko) HeadlessChrome/69.0.3497.81 Safari/537.36"
176.74.192.72 - - [10/Nov/2018:00:00:14 -0200] "GET /img/apps/poa-box.gif HTTP/1.1" 200 5928 "http://arktetar.com.br/" "Mozilla/5.0 (X11; Linux x86_64) AppleWebKit/537.36 (KHTML, like Gecko) HeadlessChrome/69.0.3497.81 Safari/537.36"
176.74.192.72 - - [10/Nov/2018:00:00:14 -0200] "GET /img/apps/pcp-box.gif HTTP/1.1" 200 6420 "http://arktetar.com.br/" "Mozilla/5.0 (X11; Linux x86_64) AppleWebKit/537.36 (KHTML, like Gecko) HeadlessChrome/69.0.3497.81 Safari/537.36"
66.249.64.41 - - [10/Nov/2018:09:42:26 -0200] "GET /robots.txt HTTP/1.0" 404 917 "-" "Mozilla/5.0 (compatible; Googlebot/2.1; +http://www.google.com/bot.html)"
66.249.64.36 - - [10/Nov/2018:09:42:26 -0200] "GET / HTTP/1.0" 200 312 "-" "Mozilla/5.0 (compatible; Googlebot/2.1; +http://www.google.com/bot.html)"
66.249.64.36 - - [10/Nov/2018:09:51:23 -0200] "GET / HTTP/1.0" 200 312 "-" "Mozilla/5.0 (Linux; Android 6.0.1; Nexus 5X Build/MMB29P) AppleWebKit/537.36 (KHTML, like Gecko) Chrome/41.0.2272.96 Mobile Safari/537.36 (compatible; Googlebot/2.1; +http://www.google.com/bot.html)"
66.249.64.36 - - [10/Nov/2018:09:42:26 -0200] "GET / HTTP/1.1" 200 3474 "-" "Mozilla/5.0 (compatible; Googlebot/2.1; +http://www.google.com/bot.html)"
66.249.64.36 - - [10/Nov/2018:09:51:23 -0200] "GET / HTTP/1.1" 200 3474 "-" "Mozilla/5.0 (Linux; Android 6.0.1; Nexus 5X Build/MMB29P) AppleWebKit/537.36 (KHTML, like Gecko) Chrome/41.0.2272.96 Mobile Safari/537.36 (compatible; Googlebot/2.1; +http://www.google.com/bot.html)"
66.249.70.11 - - [10/Nov/2018:11:58:14 -0200] "GET /robots.txt HTTP/1.0" 404 917 "-" "Mozilla/5.0 (compatible; Googlebot/2.1; +http://www.google.com/bot.html)"
66.249.70.9 - - [10/Nov/2018:11:58:14 -0200] "GET / HTTP/1.0" 200 312 "-" "Mozilla/5.0 (compatible; Googlebot/2.1; +http://www.google.com/bot.html)"
52.53.201.78 - - [10/Nov/2018:12:52:52 -0200] "GET / HTTP/1.0" 200 312 "-" "Mozilla/5.0 (Macintosh; Intel Mac OS X 10_12_6) AppleWebKit/537.36 (KHTML, like Gecko) Chrome/61.0.3163.100 Safari/537.36"
66.249.70.9 - - [10/Nov/2018:11:58:14 -0200] "GET / HTTP/1.1" 200 3474 "-" "Mozilla/5.0 (compatible; Googlebot/2.1; +http://www.google.com/bot.html)"
52.53.201.78 - - [10/Nov/2018:12:52:52 -0200] "GET / HTTP/1.1" 200 3474 "-" "Mozilla/5.0 (Macintosh; Intel Mac OS X 10_12_6) AppleWebKit/537.36 (KHTML, like Gecko) Chrome/61.0.3163.100 Safari/537.36"
66.249.70.13 - - [10/Nov/2018:22:58:11 -0200] "GET / HTTP/1.0" 200 312 "-" "Mozilla/5.0 (compatible; Googlebot/2.1; +http://www.google.com/bot.html)"
66.249.70.13 - - [10/Nov/2018:22:58:11 -0200] "GET / HTTP/1.1" 200 3474 "-" "Mozilla/5.0 (compatible; Googlebot/2.1; +http://www.google.com/bot.html)"
66.249.64.41 - - [11/Nov/2018:20:23:21 -0200] "GET /robots.txt HTTP/1.0" 404 917 "-" "Mozilla/5.0 (compatible; Googlebot/2.1; +http://www.google.com/bot.html)"
66.249.64.39 - - [11/Nov/2018:20:23:22 -0200] "GET / HTTP/1.0" 200 312 "-" "Mozilla/5.0 (compatible; Googlebot/2.1; +http://www.google.com/bot.html)"
66.249.64.36 - - [11/Nov/2018:20:37:59 -0200] "GET / HTTP/1.0" 200 312 "-" "Mozilla/5.0 (Linux; Android 6.0.1; Nexus 5X Build/MMB29P) AppleWebKit/537.36 (KHTML, like Gecko) Chrome/41.0.2272.96 Mobile Safari/537.36 (compatible; Googlebot/2.1; +http://www.google.com/bot.html)"
66.249.70.9 - - [12/Nov/2018:00:01:54 -0200] "GET /robots.txt HTTP/1.0" 404 917 "-" "Mozilla/5.0 (compatible; Googlebot/2.1; +http://www.google.com/bot.html)"
66.249.70.13 - - [12/Nov/2018:00:01:55 -0200] "GET / HTTP/1.0" 200 312 "-" "Mozilla/5.0 (compatible; Googlebot/2.1; +http://www.google.com/bot.html)"
66.249.64.36 - - [12/Nov/2018:06:16:26 -0200] "GET / HTTP/1.0" 200 312 "-" "Mozilla/5.0 (compatible; Googlebot/2.1; +http://www.google.com/bot.html)"
66.249.64.41 - - [12/Nov/2018:06:32:17 -0200] "GET / HTTP/1.0" 200 312 "-" "Mozilla/5.0 (Linux; Android 6.0.1; Nexus 5X Build/MMB29P) AppleWebKit/537.36 (KHTML, like Gecko) Chrome/41.0.2272.96 Mobile Safari/537.36 (compatible; Googlebot/2.1; +http://www.google.com/bot.html)"
66.249.64.39 - - [11/Nov/2018:20:23:22 -0200] "GET / HTTP/1.1" 200 3474 "-" "Mozilla/5.0 (compatible; Googlebot/2.1; +http://www.google.com/bot.html)"
66.249.64.36 - - [11/Nov/2018:20:37:59 -0200] "GET / HTTP/1.1" 200 3474 "-" "Mozilla/5.0 (Linux; Android 6.0.1; Nexus 5X Build/MMB29P) AppleWebKit/537.36 (KHTML, like Gecko) Chrome/41.0.2272.96 Mobile Safari/537.36 (compatible; Googlebot/2.1; +http://www.google.com/bot.html)"
66.249.70.13 - - [12/Nov/2018:00:01:55 -0200] "GET / HTTP/1.1" 200 3474 "-" "Mozilla/5.0 (compatible; Googlebot/2.1; +http://www.google.com/bot.html)"
66.249.64.36 - - [12/Nov/2018:06:16:26 -0200] "GET / HTTP/1.1" 200 3474 "-" "Mozilla/5.0 (compatible; Googlebot/2.1; +http://www.google.com/bot.html)"
66.249.64.41 - - [12/Nov/2018:06:32:17 -0200] "GET / HTTP/1.1" 200 3474 "-" "Mozilla/5.0 (Linux; Android 6.0.1; Nexus 5X Build/MMB29P) AppleWebKit/537.36 (KHTML, like Gecko) Chrome/41.0.2272.96 Mobile Safari/537.36 (compatible; Googlebot/2.1; +http://www.google.com/bot.html)"
66.249.70.9 - - [12/Nov/2018:12:01:13 -0200] "GET / HTTP/1.0" 200 312 "-" "Mozilla/5.0 (compatible; Googlebot/2.1; +http://www.google.com/bot.html)"
66.249.70.9 - - [12/Nov/2018:12:01:13 -0200] "GET / HTTP/1.1" 200 3474 "-" "Mozilla/5.0 (compatible; Googlebot/2.1; +http://www.google.com/bot.html)"
66.249.64.39 - - [12/Nov/2018:15:07:29 -0200] "GET /robots.txt HTTP/1.0" 404 917 "-" "Mozilla/5.0 (compatible; Googlebot/2.1; +http://www.google.com/bot.html)"
66.249.64.41 - - [12/Nov/2018:15:07:30 -0200] "GET / HTTP/1.0" 200 312 "-" "Mozilla/5.0 (compatible; Googlebot/2.1; +http://www.google.com/bot.html)"
52.53.201.78 - - [12/Nov/2018:19:03:22 -0200] "GET / HTTP/1.0" 200 312 "-" "Mozilla/5.0 (Macintosh; Intel Mac OS X 10_12_6) AppleWebKit/537.36 (KHTML, like Gecko) Chrome/61.0.3163.100 Safari/537.36"
66.249.64.41 - - [12/Nov/2018:15:07:30 -0200] "GET / HTTP/1.1" 200 3474 "-" "Mozilla/5.0 (compatible; Googlebot/2.1; +http://www.google.com/bot.html)"
52.53.201.78 - - [12/Nov/2018:19:03:22 -0200] "GET / HTTP/1.1" 200 3474 "-" "Mozilla/5.0 (Macintosh; Intel Mac OS X 10_12_6) AppleWebKit/537.36 (KHTML, like Gecko) Chrome/61.0.3163.100 Safari/537.36"
66.249.70.13 - - [12/Nov/2018:23:29:25 -0200] "GET /robots.txt HTTP/1.0" 404 917 "-" "Mozilla/5.0 (compatible; Googlebot/2.1; +http://www.google.com/bot.html)"
66.249.64.36 - - [13/Nov/2018:06:42:13 -0200] "GET /robots.txt HTTP/1.0" 404 917 "-" "Mozilla/5.0 (compatible; Googlebot/2.1; +http://www.google.com/bot.html)"
66.249.64.36 - - [13/Nov/2018:06:42:13 -0200] "GET / HTTP/1.0" 200 312 "-" "Mozilla/5.0 (Linux; Android 6.0.1; Nexus 5X Build/MMB29P) AppleWebKit/537.36 (KHTML, like Gecko) Chrome/41.0.2272.96 Mobile Safari/537.36 (compatible; Googlebot/2.1; +http://www.google.com/bot.html)"
66.249.64.41 - - [13/Nov/2018:06:46:04 -0200] "GET / HTTP/1.0" 200 312 "-" "Mozilla/5.0 (compatible; Googlebot/2.1; +http://www.google.com/bot.html)"
66.249.64.36 - - [13/Nov/2018:06:42:13 -0200] "GET / HTTP/1.1" 200 3474 "-" "Mozilla/5.0 (Linux; Android 6.0.1; Nexus 5X Build/MMB29P) AppleWebKit/537.36 (KHTML, like Gecko) Chrome/41.0.2272.96 Mobile Safari/537.36 (compatible; Googlebot/2.1; +http://www.google.com/bot.html)"
66.249.64.41 - - [13/Nov/2018:06:46:04 -0200] "GET / HTTP/1.1" 200 3474 "-" "Mozilla/5.0 (compatible; Googlebot/2.1; +http://www.google.com/bot.html)"
186.215.12.215 - - [13/Nov/2018:12:23:15 -0200] "GET / HTTP/1.0" 200 312 "-" "Mozilla/5.0 (Windows NT 10.0; Win64; x64; rv:63.0) Gecko/20100101 Firefox/63.0"
186.215.12.215 - - [13/Nov/2018:12:23:16 -0200] "GET /css/style.css HTTP/1.0" 200 314 "http://arktetar.com.br/" "Mozilla/5.0 (Windows NT 10.0; Win64; x64; rv:63.0) Gecko/20100101 Firefox/63.0"
186.215.12.215 - - [13/Nov/2018:12:23:16 -0200] "GET /img/panel-logo.png HTTP/1.0" 200 252 "http://arktetar.com.br/" "Mozilla/5.0 (Windows NT 10.0; Win64; x64; rv:63.0) Gecko/20100101 Firefox/63.0"
186.215.12.215 - - [13/Nov/2018:12:23:16 -0200] "GET /img/apps/pd-box.gif HTTP/1.0" 200 253 "http://arktetar.com.br/" "Mozilla/5.0 (Windows NT 10.0; Win64; x64; rv:63.0) Gecko/20100101 Firefox/63.0"
186.215.12.215 - - [13/Nov/2018:12:23:16 -0200] "GET /img/apps/server-box.gif HTTP/1.0" 200 283 "http://arktetar.com.br/" "Mozilla/5.0 (Windows NT 10.0; Win64; x64; rv:63.0) Gecko/20100101 Firefox/63.0"
186.215.12.215 - - [13/Nov/2018:12:23:16 -0200] "GET /img/apps/pdfwl-box.gif HTTP/1.0" 200 256 "http://arktetar.com.br/" "Mozilla/5.0 (Windows NT 10.0; Win64; x64; rv:63.0) Gecko/20100101 Firefox/63.0"
186.215.12.215 - - [13/Nov/2018:12:23:16 -0200] "GET /img/apps/container-box.gif HTTP/1.0" 200 260 "http://arktetar.com.br/" "Mozilla/5.0 (Windows NT 10.0; Win64; x64; rv:63.0) Gecko/20100101 Firefox/63.0"
186.215.12.215 - - [13/Nov/2018:12:23:16 -0200] "GET /img/apps/poa-box.gif HTTP/1.0" 200 254 "http://arktetar.com.br/" "Mozilla/5.0 (Windows NT 10.0; Win64; x64; rv:63.0) Gecko/20100101 Firefox/63.0"
186.215.12.215 - - [13/Nov/2018:12:23:16 -0200] "GET /img/apps/pcp-box.gif HTTP/1.0" 200 254 "http://arktetar.com.br/" "Mozilla/5.0 (Windows NT 10.0; Win64; x64; rv:63.0) Gecko/20100101 Firefox/63.0"
186.215.12.215 - - [13/Nov/2018:12:23:16 -0200] "GET /img/top-bottom.png HTTP/1.0" 200 252 "http://arktetar.com.br/css/style.css" "Mozilla/5.0 (Windows NT 10.0; Win64; x64; rv:63.0) Gecko/20100101 Firefox/63.0"
186.215.12.215 - - [13/Nov/2018:12:23:16 -0200] "GET /img/globe.png HTTP/1.0" 200 247 "http://arktetar.com.br/css/style.css" "Mozilla/5.0 (Windows NT 10.0; Win64; x64; rv:63.0) Gecko/20100101 Firefox/63.0"
186.215.12.215 - - [13/Nov/2018:12:23:16 -0200] "GET /img/bullet.gif HTTP/1.0" 200 248 "http://arktetar.com.br/css/style.css" "Mozilla/5.0 (Windows NT 10.0; Win64; x64; rv:63.0) Gecko/20100101 Firefox/63.0"
186.215.12.215 - - [13/Nov/2018:12:23:16 -0200] "GET /img/p-box.png HTTP/1.0" 200 1230 "http://arktetar.com.br/css/style.css" "Mozilla/5.0 (Windows NT 10.0; Win64; x64; rv:63.0) Gecko/20100101 Firefox/63.0"
186.215.12.215 - - [13/Nov/2018:12:23:16 -0200] "GET /img/icons/python.png HTTP/1.0" 200 254 "http://arktetar.com.br/css/style.css" "Mozilla/5.0 (Windows NT 10.0; Win64; x64; rv:63.0) Gecko/20100101 Firefox/63.0"
186.215.12.215 - - [13/Nov/2018:12:23:16 -0200] "GET /img/icons/fastcgi.png HTTP/1.0" 200 255 "http://arktetar.com.br/css/style.css" "Mozilla/5.0 (Windows NT 10.0; Win64; x64; rv:63.0) Gecko/20100101 Firefox/63.0"
186.215.12.215 - - [13/Nov/2018:12:23:16 -0200] "GET /img/icons/php.png HTTP/1.0" 200 251 "http://arktetar.com.br/css/style.css" "Mozilla/5.0 (Windows NT 10.0; Win64; x64; rv:63.0) Gecko/20100101 Firefox/63.0"
186.215.12.215 - - [13/Nov/2018:12:23:16 -0200] "GET /img/icons/ssi.png HTTP/1.0" 200 251 "http://arktetar.com.br/css/style.css" "Mozilla/5.0 (Windows NT 10.0; Win64; x64; rv:63.0) Gecko/20100101 Firefox/63.0"
186.215.12.215 - - [13/Nov/2018:12:23:16 -0200] "GET /img/icons/perl.png HTTP/1.0" 200 252 "http://arktetar.com.br/css/style.css" "Mozilla/5.0 (Windows NT 10.0; Win64; x64; rv:63.0) Gecko/20100101 Firefox/63.0"
186.215.12.215 - - [13/Nov/2018:12:23:16 -0200] "GET /favicon.ico HTTP/1.0" 200 260 "-" "Mozilla/5.0 (Windows NT 10.0; Win64; x64; rv:63.0) Gecko/20100101 Firefox/63.0"
186.215.12.215 - - [13/Nov/2018:12:23:15 -0200] "GET / HTTP/1.1" 200 3474 "-" "Mozilla/5.0 (Windows NT 10.0; Win64; x64; rv:63.0) Gecko/20100101 Firefox/63.0"
186.215.12.215 - - [13/Nov/2018:12:23:16 -0200] "GET /css/style.css HTTP/1.1" 200 1689 "http://arktetar.com.br/" "Mozilla/5.0 (Windows NT 10.0; Win64; x64; rv:63.0) Gecko/20100101 Firefox/63.0"
186.215.12.215 - - [13/Nov/2018:12:23:16 -0200] "GET /img/panel-logo.png HTTP/1.1" 200 3383 "http://arktetar.com.br/" "Mozilla/5.0 (Windows NT 10.0; Win64; x64; rv:63.0) Gecko/20100101 Firefox/63.0"
186.215.12.215 - - [13/Nov/2018:12:23:16 -0200] "GET /img/apps/pd-box.gif HTTP/1.1" 200 5897 "http://arktetar.com.br/" "Mozilla/5.0 (Windows NT 10.0; Win64; x64; rv:63.0) Gecko/20100101 Firefox/63.0"
186.215.12.215 - - [13/Nov/2018:12:23:16 -0200] "GET /img/apps/server-box.gif HTTP/1.1" 200 6222 "http://arktetar.com.br/" "Mozilla/5.0 (Windows NT 10.0; Win64; x64; rv:63.0) Gecko/20100101 Firefox/63.0"
186.215.12.215 - - [13/Nov/2018:12:23:16 -0200] "GET /img/apps/pdfwl-box.gif HTTP/1.1" 200 5731 "http://arktetar.com.br/" "Mozilla/5.0 (Windows NT 10.0; Win64; x64; rv:63.0) Gecko/20100101 Firefox/63.0"
186.215.12.215 - - [13/Nov/2018:12:23:16 -0200] "GET /img/apps/container-box.gif HTTP/1.1" 200 5400 "http://arktetar.com.br/" "Mozilla/5.0 (Windows NT 10.0; Win64; x64; rv:63.0) Gecko/20100101 Firefox/63.0"
186.215.12.215 - - [13/Nov/2018:12:23:16 -0200] "GET /img/apps/poa-box.gif HTTP/1.1" 200 5928 "http://arktetar.com.br/" "Mozilla/5.0 (Windows NT 10.0; Win64; x64; rv:63.0) Gecko/20100101 Firefox/63.0"
186.215.12.215 - - [13/Nov/2018:12:23:16 -0200] "GET /img/apps/pcp-box.gif HTTP/1.1" 200 6420 "http://arktetar.com.br/" "Mozilla/5.0 (Windows NT 10.0; Win64; x64; rv:63.0) Gecko/20100101 Firefox/63.0"
186.215.12.215 - - [13/Nov/2018:12:23:16 -0200] "GET /img/top-bottom.png HTTP/1.1" 200 810 "http://arktetar.com.br/css/style.css" "Mozilla/5.0 (Windows NT 10.0; Win64; x64; rv:63.0) Gecko/20100101 Firefox/63.0"
186.215.12.215 - - [13/Nov/2018:12:23:16 -0200] "GET /img/bullet.gif HTTP/1.1" 200 1213 "http://arktetar.com.br/css/style.css" "Mozilla/5.0 (Windows NT 10.0; Win64; x64; rv:63.0) Gecko/20100101 Firefox/63.0"
186.215.12.215 - - [13/Nov/2018:12:23:16 -0200] "GET /img/icons/python.png HTTP/1.1" 200 2489 "http://arktetar.com.br/css/style.css" "Mozilla/5.0 (Windows NT 10.0; Win64; x64; rv:63.0) Gecko/20100101 Firefox/63.0"
186.215.12.215 - - [13/Nov/2018:12:23:16 -0200] "GET /img/icons/fastcgi.png HTTP/1.1" 200 2714 "http://arktetar.com.br/css/style.css" "Mozilla/5.0 (Windows NT 10.0; Win64; x64; rv:63.0) Gecko/20100101 Firefox/63.0"
186.215.12.215 - - [13/Nov/2018:12:23:16 -0200] "GET /img/globe.png HTTP/1.1" 200 46057 "http://arktetar.com.br/css/style.css" "Mozilla/5.0 (Windows NT 10.0; Win64; x64; rv:63.0) Gecko/20100101 Firefox/63.0"
186.215.12.215 - - [13/Nov/2018:12:23:16 -0200] "GET /img/icons/php.png HTTP/1.1" 200 2401 "http://arktetar.com.br/css/style.css" "Mozilla/5.0 (Windows NT 10.0; Win64; x64; rv:63.0) Gecko/20100101 Firefox/63.0"
186.215.12.215 - - [13/Nov/2018:12:23:16 -0200] "GET /img/icons/ssi.png HTTP/1.1" 200 2593 "http://arktetar.com.br/css/style.css" "Mozilla/5.0 (Windows NT 10.0; Win64; x64; rv:63.0) Gecko/20100101 Firefox/63.0"
186.215.12.215 - - [13/Nov/2018:12:23:16 -0200] "GET /img/icons/perl.png HTTP/1.1" 200 3085 "http://arktetar.com.br/css/style.css" "Mozilla/5.0 (Windows NT 10.0; Win64; x64; rv:63.0) Gecko/20100101 Firefox/63.0"
186.215.12.215 - - [13/Nov/2018:12:23:16 -0200] "GET /favicon.ico HTTP/1.1" 200 1150 "-" "Mozilla/5.0 (Windows NT 10.0; Win64; x64; rv:63.0) Gecko/20100101 Firefox/63.0"
66.249.64.36 - - [13/Nov/2018:20:34:57 -0200] "GET /robots.txt HTTP/1.0" 404 917 "-" "Mozilla/5.0 (compatible; Googlebot/2.1; +http://www.google.com/bot.html)"
66.249.64.36 - - [13/Nov/2018:20:34:57 -0200] "GET / HTTP/1.0" 200 312 "-" "Mozilla/5.0 (Linux; Android 6.0.1; Nexus 5X Build/MMB29P) AppleWebKit/537.36 (KHTML, like Gecko) Chrome/41.0.2272.96 Mobile Safari/537.36 (compatible; Googlebot/2.1; +http://www.google.com/bot.html)"
66.249.64.41 - - [13/Nov/2018:20:36:00 -0200] "GET / HTTP/1.0" 200 312 "-" "Mozilla/5.0 (compatible; Googlebot/2.1; +http://www.google.com/bot.html)"
144.76.14.153 - - [14/Nov/2018:01:16:58 -0200] "GET /robots.txt HTTP/1.0" 404 1320 "-" "Mozilla/5.0 (compatible; MJ12bot/v1.4.8; http://mj12bot.com/)"
144.76.14.153 - - [14/Nov/2018:01:17:01 -0200] "GET / HTTP/1.0" 200 267 "-" "Mozilla/5.0 (compatible; MJ12bot/v1.4.8; http://mj12bot.com/)"
66.249.70.11 - - [14/Nov/2018:02:46:23 -0200] "GET /robots.txt HTTP/1.0" 404 917 "-" "Mozilla/5.0 (compatible; Googlebot/2.1; +http://www.google.com/bot.html)"
66.249.70.11 - - [14/Nov/2018:02:46:24 -0200] "GET / HTTP/1.0" 200 312 "-" "Mozilla/5.0 (compatible; Googlebot/2.1; +http://www.google.com/bot.html)"
66.249.64.36 - - [13/Nov/2018:20:34:57 -0200] "GET / HTTP/1.1" 200 3474 "-" "Mozilla/5.0 (Linux; Android 6.0.1; Nexus 5X Build/MMB29P) AppleWebKit/537.36 (KHTML, like Gecko) Chrome/41.0.2272.96 Mobile Safari/537.36 (compatible; Googlebot/2.1; +http://www.google.com/bot.html)"
66.249.64.41 - - [13/Nov/2018:20:36:00 -0200] "GET / HTTP/1.1" 200 3474 "-" "Mozilla/5.0 (compatible; Googlebot/2.1; +http://www.google.com/bot.html)"
144.76.14.153 - - [14/Nov/2018:01:17:01 -0200] "GET / HTTP/1.1" 200 11390 "-" "Mozilla/5.0 (compatible; MJ12bot/v1.4.8; http://mj12bot.com/)"
66.249.70.11 - - [14/Nov/2018:02:46:24 -0200] "GET / HTTP/1.1" 200 3474 "-" "Mozilla/5.0 (compatible; Googlebot/2.1; +http://www.google.com/bot.html)"
66.249.64.41 - - [14/Nov/2018:10:14:06 -0200] "GET /robots.txt HTTP/1.0" 404 917 "-" "Mozilla/5.0 (compatible; Googlebot/2.1; +http://www.google.com/bot.html)"
66.249.64.41 - - [14/Nov/2018:10:14:06 -0200] "GET / HTTP/1.0" 200 312 "-" "Mozilla/5.0 (Linux; Android 6.0.1; Nexus 5X Build/MMB29P) AppleWebKit/537.36 (KHTML, like Gecko) Chrome/41.0.2272.96 Mobile Safari/537.36 (compatible; Googlebot/2.1; +http://www.google.com/bot.html)"
66.249.64.41 - - [14/Nov/2018:10:14:06 -0200] "GET / HTTP/1.1" 200 3474 "-" "Mozilla/5.0 (Linux; Android 6.0.1; Nexus 5X Build/MMB29P) AppleWebKit/537.36 (KHTML, like Gecko) Chrome/41.0.2272.96 Mobile Safari/537.36 (compatible; Googlebot/2.1; +http://www.google.com/bot.html)"
66.249.64.39 - - [14/Nov/2018:11:01:27 -0200] "GET / HTTP/1.0" 200 312 "-" "Mozilla/5.0 (compatible; Googlebot/2.1; +http://www.google.com/bot.html)"
66.249.64.39 - - [14/Nov/2018:11:01:27 -0200] "GET / HTTP/1.1" 200 3474 "-" "Mozilla/5.0 (compatible; Googlebot/2.1; +http://www.google.com/bot.html)"
66.249.64.41 - - [14/Nov/2018:22:21:32 -0200] "GET / HTTP/1.0" 200 312 "-" "Mozilla/5.0 (Linux; Android 6.0.1; Nexus 5X Build/MMB29P) AppleWebKit/537.36 (KHTML, like Gecko) Chrome/41.0.2272.96 Mobile Safari/537.36 (compatible; Googlebot/2.1; +http://www.google.com/bot.html)"
66.249.64.39 - - [14/Nov/2018:22:21:32 -0200] "GET /robots.txt HTTP/1.0" 404 917 "-" "Mozilla/5.0 (compatible; Googlebot/2.1; +http://www.google.com/bot.html)"
66.249.64.41 - - [14/Nov/2018:22:23:25 -0200] "GET / HTTP/1.0" 200 312 "-" "Mozilla/5.0 (compatible; Googlebot/2.1; +http://www.google.com/bot.html)"
66.249.70.11 - - [14/Nov/2018:22:29:38 -0200] "GET /robots.txt HTTP/1.0" 404 917 "-" "Mozilla/5.0 (compatible; Googlebot/2.1; +http://www.google.com/bot.html)"
66.249.70.13 - - [14/Nov/2018:22:29:39 -0200] "GET / HTTP/1.0" 200 312 "-" "Mozilla/5.0 (compatible; Googlebot/2.1; +http://www.google.com/bot.html)"
66.249.70.9 - - [14/Nov/2018:22:29:46 -0200] "GET /css/style.css HTTP/1.0" 200 314 "http://arktetar.com.br/" "Mozilla/5.0 AppleWebKit/537.36 (KHTML, like Gecko; compatible; Googlebot/2.1; +http://www.google.com/bot.html) Safari/537.36"
52.53.201.78 - - [15/Nov/2018:01:17:56 -0200] "GET / HTTP/1.0" 200 312 "-" "Mozilla/5.0 (Macintosh; Intel Mac OS X 10_12_6) AppleWebKit/537.36 (KHTML, like Gecko) Chrome/61.0.3163.100 Safari/537.36"
66.249.64.41 - - [14/Nov/2018:22:21:32 -0200] "GET / HTTP/1.1" 200 3474 "-" "Mozilla/5.0 (Linux; Android 6.0.1; Nexus 5X Build/MMB29P) AppleWebKit/537.36 (KHTML, like Gecko) Chrome/41.0.2272.96 Mobile Safari/537.36 (compatible; Googlebot/2.1; +http://www.google.com/bot.html)"
66.249.64.41 - - [14/Nov/2018:22:23:25 -0200] "GET / HTTP/1.1" 200 3474 "-" "Mozilla/5.0 (compatible; Googlebot/2.1; +http://www.google.com/bot.html)"
66.249.70.13 - - [14/Nov/2018:22:29:39 -0200] "GET / HTTP/1.1" 200 3474 "-" "Mozilla/5.0 (compatible; Googlebot/2.1; +http://www.google.com/bot.html)"
66.249.70.9 - - [14/Nov/2018:22:29:46 -0200] "GET /css/style.css HTTP/1.1" 200 1689 "http://arktetar.com.br/" "Mozilla/5.0 AppleWebKit/537.36 (KHTML, like Gecko; compatible; Googlebot/2.1; +http://www.google.com/bot.html) Safari/537.36"
52.53.201.78 - - [15/Nov/2018:01:17:56 -0200] "GET / HTTP/1.1" 200 3474 "-" "Mozilla/5.0 (Macintosh; Intel Mac OS X 10_12_6) AppleWebKit/537.36 (KHTML, like Gecko) Chrome/61.0.3163.100 Safari/537.36"
66.249.64.39 - - [15/Nov/2018:08:06:44 -0200] "GET / HTTP/1.0" 200 312 "-" "Mozilla/5.0 (compatible; Googlebot/2.1; +http://www.google.com/bot.html)"
66.249.64.36 - - [15/Nov/2018:08:07:33 -0200] "GET / HTTP/1.0" 200 312 "-" "Mozilla/5.0 (Linux; Android 6.0.1; Nexus 5X Build/MMB29P) AppleWebKit/537.36 (KHTML, like Gecko) Chrome/41.0.2272.96 Mobile Safari/537.36 (compatible; Googlebot/2.1; +http://www.google.com/bot.html)"
66.249.70.11 - - [15/Nov/2018:08:31:13 -0200] "GET / HTTP/1.0" 200 312 "-" "Mozilla/5.0 (compatible; Googlebot/2.1; +http://www.google.com/bot.html)"
66.249.64.39 - - [15/Nov/2018:08:06:44 -0200] "GET / HTTP/1.1" 200 3474 "-" "Mozilla/5.0 (compatible; Googlebot/2.1; +http://www.google.com/bot.html)"
66.249.64.36 - - [15/Nov/2018:08:07:33 -0200] "GET / HTTP/1.1" 200 3474 "-" "Mozilla/5.0 (Linux; Android 6.0.1; Nexus 5X Build/MMB29P) AppleWebKit/537.36 (KHTML, like Gecko) Chrome/41.0.2272.96 Mobile Safari/537.36 (compatible; Googlebot/2.1; +http://www.google.com/bot.html)"
66.249.70.11 - - [15/Nov/2018:08:31:13 -0200] "GET / HTTP/1.1" 200 3474 "-" "Mozilla/5.0 (compatible; Googlebot/2.1; +http://www.google.com/bot.html)"
185.6.8.3 - - [15/Nov/2018:09:19:58 -0200] "GET /robots.txt HTTP/1.0" 404 1320 "-" "DomainCrawler/3.0 (info@domaincrawler.com; http://www.domaincrawler.com/arktetar.com.br)"
185.6.8.3 - - [15/Nov/2018:09:20:00 -0200] "GET / HTTP/1.0" 200 267 "-" "DomainCrawler/3.0 (info@domaincrawler.com; http://www.domaincrawler.com/arktetar.com.br)"
185.6.8.3 - - [15/Nov/2018:09:20:02 -0200] "GET /test/fcgi/test.html HTTP/1.0" 200 276 "-" "DomainCrawler/3.0 (info@domaincrawler.com; http://www.domaincrawler.com/arktetar.com.br)"
185.6.8.3 - - [15/Nov/2018:09:20:02 -0200] "GET /test/ssi/test.html HTTP/1.0" 200 275 "-" "DomainCrawler/3.0 (info@domaincrawler.com; http://www.domaincrawler.com/arktetar.com.br)"
185.6.8.3 - - [15/Nov/2018:09:20:02 -0200] "GET /test/perl/test.html HTTP/1.0" 200 276 "-" "DomainCrawler/3.0 (info@domaincrawler.com; http://www.domaincrawler.com/arktetar.com.br)"
185.6.8.3 - - [15/Nov/2018:09:20:04 -0200] "GET /test/php/test.html HTTP/1.0" 200 275 "-" "DomainCrawler/3.0 (info@domaincrawler.com; http://www.domaincrawler.com/arktetar.com.br)"
185.6.8.3 - - [15/Nov/2018:09:20:05 -0200] "GET /test/python/test.html HTTP/1.0" 200 278 "-" "DomainCrawler/3.0 (info@domaincrawler.com; http://www.domaincrawler.com/arktetar.com.br)"
185.6.8.3 - - [15/Nov/2018:09:20:05 -0200] "GET /index.html HTTP/1.0" 200 267 "-" "DomainCrawler/3.0 (info@domaincrawler.com; http://www.domaincrawler.com/arktetar.com.br)"
185.6.8.3 - - [15/Nov/2018:09:20:00 -0200] "GET / HTTP/1.1" 200 11390 "-" "DomainCrawler/3.0 (info@domaincrawler.com; http://www.domaincrawler.com/arktetar.com.br)"
185.6.8.3 - - [15/Nov/2018:09:20:02 -0200] "GET /test/fcgi/test.html HTTP/1.1" 200 2556 "-" "DomainCrawler/3.0 (info@domaincrawler.com; http://www.domaincrawler.com/arktetar.com.br)"
185.6.8.3 - - [15/Nov/2018:09:20:02 -0200] "GET /test/ssi/test.html HTTP/1.1" 200 2549 "-" "DomainCrawler/3.0 (info@domaincrawler.com; http://www.domaincrawler.com/arktetar.com.br)"
185.6.8.3 - - [15/Nov/2018:09:20:02 -0200] "GET /test/perl/test.html HTTP/1.1" 200 2554 "-" "DomainCrawler/3.0 (info@domaincrawler.com; http://www.domaincrawler.com/arktetar.com.br)"
185.6.8.3 - - [15/Nov/2018:09:20:04 -0200] "GET /test/php/test.html HTTP/1.1" 200 2544 "-" "DomainCrawler/3.0 (info@domaincrawler.com; http://www.domaincrawler.com/arktetar.com.br)"
185.6.8.3 - - [15/Nov/2018:09:20:05 -0200] "GET /test/python/test.html HTTP/1.1" 200 2552 "-" "DomainCrawler/3.0 (info@domaincrawler.com; http://www.domaincrawler.com/arktetar.com.br)"
185.6.8.3 - - [15/Nov/2018:09:20:05 -0200] "GET /index.html HTTP/1.1" 200 11390 "-" "DomainCrawler/3.0 (info@domaincrawler.com; http://www.domaincrawler.com/arktetar.com.br)"
66.249.70.5 - - [15/Nov/2018:18:18:28 -0200] "GET /robots.txt HTTP/1.0" 404 917 "-" "Mozilla/5.0 (compatible; Googlebot/2.1; +http://www.google.com/bot.html)"
66.249.70.9 - - [15/Nov/2018:18:18:28 -0200] "GET / HTTP/1.0" 200 312 "-" "Mozilla/5.0 (compatible; Googlebot/2.1; +http://www.google.com/bot.html)"
66.249.70.9 - - [15/Nov/2018:18:18:28 -0200] "GET / HTTP/1.1" 200 3474 "-" "Mozilla/5.0 (compatible; Googlebot/2.1; +http://www.google.com/bot.html)"
66.249.70.5 - - [15/Nov/2018:20:26:46 -0200] "GET / HTTP/1.0" 200 312 "-" "Mozilla/5.0 (Linux; Android 6.0.1; Nexus 5X Build/MMB29P) AppleWebKit/537.36 (KHTML, like Gecko) Chrome/41.0.2272.96 Mobile Safari/537.36 (compatible; Googlebot/2.1; +http://www.google.com/bot.html)"
66.249.70.5 - - [15/Nov/2018:20:26:46 -0200] "GET / HTTP/1.1" 200 3474 "-" "Mozilla/5.0 (Linux; Android 6.0.1; Nexus 5X Build/MMB29P) AppleWebKit/537.36 (KHTML, like Gecko) Chrome/41.0.2272.96 Mobile Safari/537.36 (compatible; Googlebot/2.1; +http://www.google.com/bot.html)"
157.55.39.44 - - [16/Nov/2018:07:13:25 -0200] "GET /robots.txt HTTP/1.0" 404 917 "-" "Mozilla/5.0 (compatible; bingbot/2.0; +http://www.bing.com/bingbot.htm)"
207.46.13.120 - - [16/Nov/2018:07:13:27 -0200] "GET / HTTP/1.0" 200 312 "-" "Mozilla/5.0 (compatible; bingbot/2.0; +http://www.bing.com/bingbot.htm)"
207.46.13.120 - - [16/Nov/2018:07:13:27 -0200] "GET / HTTP/1.1" 200 3474 "-" "Mozilla/5.0 (compatible; bingbot/2.0; +http://www.bing.com/bingbot.htm)"
66.249.70.9 - - [16/Nov/2018:13:44:23 -0200] "GET /robots.txt HTTP/1.0" 404 917 "-" "Mozilla/5.0 (compatible; Googlebot/2.1; +http://www.google.com/bot.html)"
66.249.70.9 - - [16/Nov/2018:13:44:23 -0200] "GET / HTTP/1.0" 200 312 "-" "Mozilla/5.0 (compatible; Googlebot/2.1; +http://www.google.com/bot.html)"
