176.74.192.71 - - [01/Dec/2018:09:07:15 -0200] "GET /img/globe.png HTTP/1.0" 200 247 "http://arktetar.com.br/" "Mozilla/5.0 (X11; Linux x86_64; rv:63.0) Gecko/20100101 Firefox/63.0"
176.74.192.71 - - [01/Dec/2018:09:07:15 -0200] "GET /img/bullet.gif HTTP/1.0" 200 248 "http://arktetar.com.br/" "Mozilla/5.0 (X11; Linux x86_64; rv:63.0) Gecko/20100101 Firefox/63.0"
176.74.192.71 - - [01/Dec/2018:09:07:15 -0200] "GET /img/icons/python.png HTTP/1.0" 200 254 "http://arktetar.com.br/" "Mozilla/5.0 (X11; Linux x86_64; rv:63.0) Gecko/20100101 Firefox/63.0"
176.74.192.71 - - [01/Dec/2018:09:07:15 -0200] "GET /img/icons/fastcgi.png HTTP/1.0" 200 255 "http://arktetar.com.br/" "Mozilla/5.0 (X11; Linux x86_64; rv:63.0) Gecko/20100101 Firefox/63.0"
176.74.192.71 - - [01/Dec/2018:09:07:15 -0200] "GET /img/icons/php.png HTTP/1.0" 200 251 "http://arktetar.com.br/" "Mozilla/5.0 (X11; Linux x86_64; rv:63.0) Gecko/20100101 Firefox/63.0"
176.74.192.71 - - [01/Dec/2018:09:07:15 -0200] "GET /img/icons/perl.png HTTP/1.0" 200 252 "http://arktetar.com.br/" "Mozilla/5.0 (X11; Linux x86_64; rv:63.0) Gecko/20100101 Firefox/63.0"
176.74.192.71 - - [01/Dec/2018:09:07:15 -0200] "GET /img/icons/ssi.png HTTP/1.0" 200 251 "http://arktetar.com.br/" "Mozilla/5.0 (X11; Linux x86_64; rv:63.0) Gecko/20100101 Firefox/63.0"
176.74.192.71 - - [01/Dec/2018:09:07:13 -0200] "GET / HTTP/1.1" 200 3474 "-" "Mozilla/5.0 (X11; Linux x86_64; rv:63.0) Gecko/20100101 Firefox/63.0"
176.74.192.71 - - [01/Dec/2018:09:07:14 -0200] "GET /css/style.css HTTP/1.1" 200 1689 "http://arktetar.com.br/" "Mozilla/5.0 (X11; Linux x86_64; rv:63.0) Gecko/20100101 Firefox/63.0"
176.74.192.71 - - [01/Dec/2018:09:07:14 -0200] "GET /img/top-bottom.png HTTP/1.1" 200 810 "http://arktetar.com.br/" "Mozilla/5.0 (X11; Linux x86_64; rv:63.0) Gecko/20100101 Firefox/63.0"
176.74.192.71 - - [01/Dec/2018:09:07:15 -0200] "GET /img/panel-logo.png HTTP/1.1" 200 3383 "http://arktetar.com.br/" "Mozilla/5.0 (X11; Linux x86_64; rv:63.0) Gecko/20100101 Firefox/63.0"
176.74.192.71 - - [01/Dec/2018:09:07:15 -0200] "GET /img/apps/pd-box.gif HTTP/1.1" 200 5897 "http://arktetar.com.br/" "Mozilla/5.0 (X11; Linux x86_64; rv:63.0) Gecko/20100101 Firefox/63.0"
176.74.192.71 - - [01/Dec/2018:09:07:15 -0200] "GET /img/apps/server-box.gif HTTP/1.1" 200 6222 "http://arktetar.com.br/" "Mozilla/5.0 (X11; Linux x86_64; rv:63.0) Gecko/20100101 Firefox/63.0"
176.74.192.71 - - [01/Dec/2018:09:07:15 -0200] "GET /img/apps/container-box.gif HTTP/1.1" 200 5400 "http://arktetar.com.br/" "Mozilla/5.0 (X11; Linux x86_64; rv:63.0) Gecko/20100101 Firefox/63.0"
176.74.192.71 - - [01/Dec/2018:09:07:15 -0200] "GET /img/apps/pdfwl-box.gif HTTP/1.1" 200 5731 "http://arktetar.com.br/" "Mozilla/5.0 (X11; Linux x86_64; rv:63.0) Gecko/20100101 Firefox/63.0"
176.74.192.71 - - [01/Dec/2018:09:07:15 -0200] "GET /img/apps/poa-box.gif HTTP/1.1" 200 5928 "http://arktetar.com.br/" "Mozilla/5.0 (X11; Linux x86_64; rv:63.0) Gecko/20100101 Firefox/63.0"
176.74.192.71 - - [01/Dec/2018:09:07:15 -0200] "GET /img/apps/pcp-box.gif HTTP/1.1" 200 6420 "http://arktetar.com.br/" "Mozilla/5.0 (X11; Linux x86_64; rv:63.0) Gecko/20100101 Firefox/63.0"
176.74.192.71 - - [01/Dec/2018:09:07:15 -0200] "GET /img/bullet.gif HTTP/1.1" 200 1213 "http://arktetar.com.br/" "Mozilla/5.0 (X11; Linux x86_64; rv:63.0) Gecko/20100101 Firefox/63.0"
176.74.192.71 - - [01/Dec/2018:09:07:15 -0200] "GET /img/icons/python.png HTTP/1.1" 200 2489 "http://arktetar.com.br/" "Mozilla/5.0 (X11; Linux x86_64; rv:63.0) Gecko/20100101 Firefox/63.0"
176.74.192.71 - - [01/Dec/2018:09:07:15 -0200] "GET /img/icons/fastcgi.png HTTP/1.1" 200 2714 "http://arktetar.com.br/" "Mozilla/5.0 (X11; Linux x86_64; rv:63.0) Gecko/20100101 Firefox/63.0"
176.74.192.71 - - [01/Dec/2018:09:07:15 -0200] "GET /img/icons/php.png HTTP/1.1" 200 2401 "http://arktetar.com.br/" "Mozilla/5.0 (X11; Linux x86_64; rv:63.0) Gecko/20100101 Firefox/63.0"
176.74.192.71 - - [01/Dec/2018:09:07:15 -0200] "GET /img/icons/perl.png HTTP/1.1" 200 3085 "http://arktetar.com.br/" "Mozilla/5.0 (X11; Linux x86_64; rv:63.0) Gecko/20100101 Firefox/63.0"
176.74.192.71 - - [01/Dec/2018:09:07:15 -0200] "GET /img/globe.png HTTP/1.1" 200 46057 "http://arktetar.com.br/" "Mozilla/5.0 (X11; Linux x86_64; rv:63.0) Gecko/20100101 Firefox/63.0"
176.74.192.71 - - [01/Dec/2018:09:07:15 -0200] "GET /img/icons/ssi.png HTTP/1.1" 200 2593 "http://arktetar.com.br/" "Mozilla/5.0 (X11; Linux x86_64; rv:63.0) Gecko/20100101 Firefox/63.0"
157.55.39.0 - - [01/Dec/2018:12:19:58 -0200] "GET /robots.txt HTTP/1.0" 404 917 "-" "Mozilla/5.0 (compatible; bingbot/2.0; +http://www.bing.com/bingbot.htm)"
157.55.39.0 - - [01/Dec/2018:12:21:49 -0200] "GET /robots.txt HTTP/1.0" 404 917 "-" "Mozilla/5.0 (compatible; bingbot/2.0; +http://www.bing.com/bingbot.htm)"
40.77.167.108 - - [01/Dec/2018:12:23:19 -0200] "GET / HTTP/1.0" 200 312 "-" "Mozilla/5.0 (compatible; bingbot/2.0; +http://www.bing.com/bingbot.htm)"
40.77.167.108 - - [01/Dec/2018:12:23:19 -0200] "GET / HTTP/1.1" 304 0 "-" "Mozilla/5.0 (compatible; bingbot/2.0; +http://www.bing.com/bingbot.htm)"
66.249.66.201 - - [02/Dec/2018:13:14:19 -0200] "GET /robots.txt HTTP/1.0" 404 917 "-" "Mozilla/5.0 (compatible; Googlebot/2.1; +http://www.google.com/bot.html)"
66.249.66.205 - - [02/Dec/2018:13:14:19 -0200] "GET / HTTP/1.0" 200 312 "-" "Mozilla/5.0 (compatible; Googlebot/2.1; +http://www.google.com/bot.html)"
66.249.66.41 - - [02/Dec/2018:16:55:55 -0200] "GET /robots.txt HTTP/1.0" 404 917 "-" "Mozilla/5.0 (compatible; Googlebot/2.1; +http://www.google.com/bot.html)"
66.249.66.41 - - [02/Dec/2018:16:55:55 -0200] "GET / HTTP/1.0" 200 312 "-" "Mozilla/5.0 (compatible; Googlebot/2.1; +http://www.google.com/bot.html)"
66.249.66.205 - - [02/Dec/2018:13:14:19 -0200] "GET / HTTP/1.1" 200 3474 "-" "Mozilla/5.0 (compatible; Googlebot/2.1; +http://www.google.com/bot.html)"
66.249.66.41 - - [02/Dec/2018:16:55:55 -0200] "GET / HTTP/1.1" 200 3474 "-" "Mozilla/5.0 (compatible; Googlebot/2.1; +http://www.google.com/bot.html)"
66.249.66.36 - - [02/Dec/2018:17:42:31 -0200] "GET / HTTP/1.0" 200 312 "-" "Mozilla/5.0 (Linux; Android 6.0.1; Nexus 5X Build/MMB29P) AppleWebKit/537.36 (KHTML, like Gecko) Chrome/41.0.2272.96 Mobile Safari/537.36 (compatible; Googlebot/2.1; +http://www.google.com/bot.html)"
52.53.201.78 - - [03/Dec/2018:00:15:25 -0200] "GET / HTTP/1.0" 200 312 "-" "Mozilla/5.0 (Macintosh; Intel Mac OS X 10_12_6) AppleWebKit/537.36 (KHTML, like Gecko) Chrome/61.0.3163.100 Safari/537.36"
66.249.66.36 - - [02/Dec/2018:17:42:31 -0200] "GET / HTTP/1.1" 200 3474 "-" "Mozilla/5.0 (Linux; Android 6.0.1; Nexus 5X Build/MMB29P) AppleWebKit/537.36 (KHTML, like Gecko) Chrome/41.0.2272.96 Mobile Safari/537.36 (compatible; Googlebot/2.1; +http://www.google.com/bot.html)"
52.53.201.78 - - [03/Dec/2018:00:15:25 -0200] "GET / HTTP/1.1" 200 3474 "-" "Mozilla/5.0 (Macintosh; Intel Mac OS X 10_12_6) AppleWebKit/537.36 (KHTML, like Gecko) Chrome/61.0.3163.100 Safari/537.36"
34.243.217.66 - - [04/Dec/2018:10:32:50 -0200] "GET / HTTP/1.0" 200 312 "-" "Mozilla/5.0 (X11; Ubuntu; Linux x86_64) AppleWebKit/537.36 (KHTML, like Gecko) Chrome/60.0.3112.101 Safari/537.36"
34.243.217.66 - - [04/Dec/2018:10:32:50 -0200] "GET / HTTP/1.1" 200 3474 "-" "Mozilla/5.0 (X11; Ubuntu; Linux x86_64) AppleWebKit/537.36 (KHTML, like Gecko) Chrome/60.0.3112.101 Safari/537.36"
66.249.73.71 - - [04/Dec/2018:22:20:22 -0200] "GET /robots.txt HTTP/1.0" 404 917 "-" "Mozilla/5.0 (compatible; Googlebot/2.1; +http://www.google.com/bot.html)"
66.249.73.71 - - [04/Dec/2018:22:21:00 -0200] "GET / HTTP/1.0" 200 312 "-" "Mozilla/5.0 (compatible; Googlebot/2.1; +http://www.google.com/bot.html)"
66.249.73.73 - - [05/Dec/2018:00:53:38 -0200] "GET / HTTP/1.0" 200 312 "-" "Mozilla/5.0 (Linux; Android 6.0.1; Nexus 5X Build/MMB29P) AppleWebKit/537.36 (KHTML, like Gecko) Chrome/41.0.2272.96 Mobile Safari/537.36 (compatible; Googlebot/2.1; +http://www.google.com/bot.html)"
52.53.201.78 - - [05/Dec/2018:06:24:40 -0200] "GET / HTTP/1.0" 200 312 "-" "Mozilla/5.0 (Macintosh; Intel Mac OS X 10_12_6) AppleWebKit/537.36 (KHTML, like Gecko) Chrome/61.0.3163.100 Safari/537.36"
66.249.73.71 - - [04/Dec/2018:22:21:00 -0200] "GET / HTTP/1.1" 200 3474 "-" "Mozilla/5.0 (compatible; Googlebot/2.1; +http://www.google.com/bot.html)"
66.249.73.73 - - [05/Dec/2018:00:53:38 -0200] "GET / HTTP/1.1" 200 3474 "-" "Mozilla/5.0 (Linux; Android 6.0.1; Nexus 5X Build/MMB29P) AppleWebKit/537.36 (KHTML, like Gecko) Chrome/41.0.2272.96 Mobile Safari/537.36 (compatible; Googlebot/2.1; +http://www.google.com/bot.html)"
52.53.201.78 - - [05/Dec/2018:06:24:40 -0200] "GET / HTTP/1.1" 200 3474 "-" "Mozilla/5.0 (Macintosh; Intel Mac OS X 10_12_6) AppleWebKit/537.36 (KHTML, like Gecko) Chrome/61.0.3163.100 Safari/537.36"
52.53.201.78 - - [07/Dec/2018:12:47:11 -0200] "GET / HTTP/1.0" 200 312 "-" "Mozilla/5.0 (Macintosh; Intel Mac OS X 10_12_6) AppleWebKit/537.36 (KHTML, like Gecko) Chrome/61.0.3163.100 Safari/537.36"
52.53.201.78 - - [07/Dec/2018:12:47:11 -0200] "GET / HTTP/1.1" 200 3474 "-" "Mozilla/5.0 (Macintosh; Intel Mac OS X 10_12_6) AppleWebKit/537.36 (KHTML, like Gecko) Chrome/61.0.3163.100 Safari/537.36"
66.249.66.201 - - [08/Dec/2018:04:49:05 -0200] "GET /robots.txt HTTP/1.0" 404 917 "-" "Mozilla/5.0 (compatible; Googlebot/2.1; +http://www.google.com/bot.html)"
66.249.66.203 - - [08/Dec/2018:04:49:19 -0200] "GET / HTTP/1.0" 200 312 "-" "Mozilla/5.0 (compatible; Googlebot/2.1; +http://www.google.com/bot.html)"
66.249.66.203 - - [08/Dec/2018:04:49:19 -0200] "GET / HTTP/1.1" 200 3474 "-" "Mozilla/5.0 (compatible; Googlebot/2.1; +http://www.google.com/bot.html)"
52.53.201.78 - - [09/Dec/2018:18:47:07 -0200] "GET / HTTP/1.0" 200 312 "-" "Mozilla/5.0 (Macintosh; Intel Mac OS X 10_12_6) AppleWebKit/537.36 (KHTML, like Gecko) Chrome/61.0.3163.100 Safari/537.36"
212.115.51.116 - - [10/Dec/2018:02:14:45 -0200] "GET / HTTP/1.0" 200 267 "-" "Mozilla/5.0 (Windows NT 6.1; WOW64; rv:54.0) Gecko/20100101 Firefox/54.0"
52.53.201.78 - - [09/Dec/2018:18:47:07 -0200] "GET / HTTP/1.1" 200 3474 "-" "Mozilla/5.0 (Macintosh; Intel Mac OS X 10_12_6) AppleWebKit/537.36 (KHTML, like Gecko) Chrome/61.0.3163.100 Safari/537.36"
212.115.51.116 - - [10/Dec/2018:02:14:45 -0200] "GET / HTTP/1.1" 200 11390 "-" "Mozilla/5.0 (Windows NT 6.1; WOW64; rv:54.0) Gecko/20100101 Firefox/54.0"
66.249.66.36 - - [11/Dec/2018:18:45:53 -0200] "GET /robots.txt HTTP/1.0" 404 917 "-" "Mozilla/5.0 (compatible; Googlebot/2.1; +http://www.google.com/bot.html)"
66.249.66.39 - - [11/Dec/2018:18:46:53 -0200] "GET / HTTP/1.0" 200 312 "-" "Mozilla/5.0 (compatible; Googlebot/2.1; +http://www.google.com/bot.html)"
66.249.66.39 - - [11/Dec/2018:18:46:53 -0200] "GET / HTTP/1.1" 200 3474 "-" "Mozilla/5.0 (compatible; Googlebot/2.1; +http://www.google.com/bot.html)"
66.249.66.199 - - [11/Dec/2018:19:34:59 -0200] "GET / HTTP/1.0" 200 312 "-" "Mozilla/5.0 (Linux; Android 6.0.1; Nexus 5X Build/MMB29P) AppleWebKit/537.36 (KHTML, like Gecko) Chrome/41.0.2272.96 Mobile Safari/537.36 (compatible; Googlebot/2.1; +http://www.google.com/bot.html)"
66.249.66.41 - - [12/Dec/2018:02:18:32 -0200] "GET /index.html HTTP/1.0" 200 312 "-" "Mozilla/5.0 (compatible; Googlebot/2.1; +http://www.google.com/bot.html)"
66.249.66.199 - - [11/Dec/2018:19:34:59 -0200] "GET / HTTP/1.1" 200 3474 "-" "Mozilla/5.0 (Linux; Android 6.0.1; Nexus 5X Build/MMB29P) AppleWebKit/537.36 (KHTML, like Gecko) Chrome/41.0.2272.96 Mobile Safari/537.36 (compatible; Googlebot/2.1; +http://www.google.com/bot.html)"
66.249.66.41 - - [12/Dec/2018:02:18:32 -0200] "GET /index.html HTTP/1.1" 200 3474 "-" "Mozilla/5.0 (compatible; Googlebot/2.1; +http://www.google.com/bot.html)"
217.61.5.88 - - [12/Dec/2018:06:39:20 -0200] "GET /user/register/ HTTP/1.0" 404 1320 "-" "Mozilla/5.0 (Windows; U; Windows NT 5.1; de; rv:1.9) Gecko/2008052906 Firefox/3.0"
66.249.66.205 - - [12/Dec/2018:09:35:16 -0200] "GET /robots.txt HTTP/1.0" 404 917 "-" "Mozilla/5.0 (compatible; Googlebot/2.1; +http://www.google.com/bot.html)"
66.249.66.203 - - [12/Dec/2018:09:35:21 -0200] "GET /css/style.css HTTP/1.0" 200 314 "http://arktetar.com.br/test/php/test.html" "Mozilla/5.0 AppleWebKit/537.36 (KHTML, like Gecko; compatible; Googlebot/2.1; +http://www.google.com/bot.html) Safari/537.36"
66.249.66.203 - - [12/Dec/2018:09:35:21 -0200] "GET /css/style.css HTTP/1.1" 200 1689 "http://arktetar.com.br/test/php/test.html" "Mozilla/5.0 AppleWebKit/537.36 (KHTML, like Gecko; compatible; Googlebot/2.1; +http://www.google.com/bot.html) Safari/537.36"
66.249.66.201 - - [12/Dec/2018:09:40:05 -0200] "GET /test/php/test.php?1539388800030 HTTP/1.0" 200 975 "-" "Mozilla/5.0 (compatible; Googlebot/2.1; +http://www.google.com/bot.html)"
66.249.66.203 - - [12/Dec/2018:09:40:09 -0200] "GET /css/style.css HTTP/1.0" 200 314 "http://arktetar.com.br/test/php/test.php?1539388800030" "Mozilla/5.0 AppleWebKit/537.36 (KHTML, like Gecko; compatible; Googlebot/2.1; +http://www.google.com/bot.html) Safari/537.36"
66.249.66.203 - - [12/Dec/2018:09:40:09 -0200] "GET /css/style.css HTTP/1.1" 200 1689 "http://arktetar.com.br/test/php/test.php?1539388800030" "Mozilla/5.0 AppleWebKit/537.36 (KHTML, like Gecko; compatible; Googlebot/2.1; +http://www.google.com/bot.html) Safari/537.36"
52.53.201.78 - - [12/Dec/2018:21:32:41 -0200] "GET / HTTP/1.0" 200 312 "-" "Mozilla/5.0 (Macintosh; Intel Mac OS X 10_12_6) AppleWebKit/537.36 (KHTML, like Gecko) Chrome/61.0.3163.100 Safari/537.36"
66.249.66.201 - - [13/Dec/2018:06:33:50 -0200] "GET /robots.txt HTTP/1.0" 404 917 "-" "Mozilla/5.0 (compatible; Googlebot/2.1; +http://www.google.com/bot.html)"
66.249.66.203 - - [13/Dec/2018:06:33:50 -0200] "GET / HTTP/1.0" 200 312 "-" "Mozilla/5.0 (compatible; Googlebot/2.1; +http://www.google.com/bot.html)"
52.53.201.78 - - [12/Dec/2018:21:32:41 -0200] "GET / HTTP/1.1" 200 3474 "-" "Mozilla/5.0 (Macintosh; Intel Mac OS X 10_12_6) AppleWebKit/537.36 (KHTML, like Gecko) Chrome/61.0.3163.100 Safari/537.36"
66.249.66.203 - - [13/Dec/2018:06:33:50 -0200] "GET / HTTP/1.1" 200 3474 "-" "Mozilla/5.0 (compatible; Googlebot/2.1; +http://www.google.com/bot.html)"
192.151.145.178 - - [14/Dec/2018:00:32:01 -0200] "GET /robots.txt HTTP/1.0" 404 1320 "-" "Mozilla/5.0 (compatible; MJ12bot/v1.4.8; http://mj12bot.com/)"
192.151.145.178 - - [14/Dec/2018:00:32:18 -0200] "GET / HTTP/1.0" 200 267 "-" "Mozilla/5.0 (compatible; MJ12bot/v1.4.8; http://mj12bot.com/)"
80.84.57.102 - - [14/Dec/2018:03:19:42 -0200] "GET / HTTP/1.0" 200 267 "-" "-"
80.84.57.110 - - [14/Dec/2018:03:20:03 -0200] "GET / HTTP/1.0" 200 267 "-" "-"
192.151.145.178 - - [14/Dec/2018:00:32:18 -0200] "GET / HTTP/1.1" 200 11390 "-" "Mozilla/5.0 (compatible; MJ12bot/v1.4.8; http://mj12bot.com/)"
80.84.57.102 - - [14/Dec/2018:03:19:42 -0200] "GET / HTTP/1.1" 200 11390 "-" "-"
80.84.57.110 - - [14/Dec/2018:03:20:03 -0200] "GET / HTTP/1.1" 200 11390 "-" "-"
186.212.148.102 - - [14/Dec/2018:13:05:02 -0200] "GET / HTTP/1.0" 200 312 "-" "Mozilla/5.0 (Windows NT 10.0; Win64; x64) AppleWebKit/537.36 (KHTML, like Gecko) Chrome/70.0.3538.110 Safari/537.36"
186.212.148.102 - - [14/Dec/2018:13:05:02 -0200] "GET /css/style.css HTTP/1.0" 200 314 "http://arktetar.com.br/" "Mozilla/5.0 (Windows NT 10.0; Win64; x64) AppleWebKit/537.36 (KHTML, like Gecko) Chrome/70.0.3538.110 Safari/537.36"
186.212.148.102 - - [14/Dec/2018:13:05:02 -0200] "GET /img/panel-logo.png HTTP/1.0" 200 252 "http://arktetar.com.br/" "Mozilla/5.0 (Windows NT 10.0; Win64; x64) AppleWebKit/537.36 (KHTML, like Gecko) Chrome/70.0.3538.110 Safari/537.36"
186.212.148.102 - - [14/Dec/2018:13:05:02 -0200] "GET /img/apps/pd-box.gif HTTP/1.0" 200 253 "http://arktetar.com.br/" "Mozilla/5.0 (Windows NT 10.0; Win64; x64) AppleWebKit/537.36 (KHTML, like Gecko) Chrome/70.0.3538.110 Safari/537.36"
186.212.148.102 - - [14/Dec/2018:13:05:02 -0200] "GET /img/apps/pdfwl-box.gif HTTP/1.0" 200 256 "http://arktetar.com.br/" "Mozilla/5.0 (Windows NT 10.0; Win64; x64) AppleWebKit/537.36 (KHTML, like Gecko) Chrome/70.0.3538.110 Safari/537.36"
186.212.148.102 - - [14/Dec/2018:13:05:02 -0200] "GET /img/apps/server-box.gif HTTP/1.0" 200 283 "http://arktetar.com.br/" "Mozilla/5.0 (Windows NT 10.0; Win64; x64) AppleWebKit/537.36 (KHTML, like Gecko) Chrome/70.0.3538.110 Safari/537.36"
186.212.148.102 - - [14/Dec/2018:13:05:02 -0200] "GET /img/apps/container-box.gif HTTP/1.0" 200 260 "http://arktetar.com.br/" "Mozilla/5.0 (Windows NT 10.0; Win64; x64) AppleWebKit/537.36 (KHTML, like Gecko) Chrome/70.0.3538.110 Safari/537.36"
186.212.148.102 - - [14/Dec/2018:13:05:02 -0200] "GET /img/apps/poa-box.gif HTTP/1.0" 200 254 "http://arktetar.com.br/" "Mozilla/5.0 (Windows NT 10.0; Win64; x64) AppleWebKit/537.36 (KHTML, like Gecko) Chrome/70.0.3538.110 Safari/537.36"
186.212.148.102 - - [14/Dec/2018:13:05:02 -0200] "GET /img/apps/pcp-box.gif HTTP/1.0" 200 254 "http://arktetar.com.br/" "Mozilla/5.0 (Windows NT 10.0; Win64; x64) AppleWebKit/537.36 (KHTML, like Gecko) Chrome/70.0.3538.110 Safari/537.36"
186.212.148.102 - - [14/Dec/2018:13:05:03 -0200] "GET /img/p-box.png HTTP/1.0" 200 1230 "http://arktetar.com.br/css/style.css" "Mozilla/5.0 (Windows NT 10.0; Win64; x64) AppleWebKit/537.36 (KHTML, like Gecko) Chrome/70.0.3538.110 Safari/537.36"
186.212.148.102 - - [14/Dec/2018:13:05:03 -0200] "GET /img/icons/ssi.png HTTP/1.0" 200 251 "http://arktetar.com.br/css/style.css" "Mozilla/5.0 (Windows NT 10.0; Win64; x64) AppleWebKit/537.36 (KHTML, like Gecko) Chrome/70.0.3538.110 Safari/537.36"
186.212.148.102 - - [14/Dec/2018:13:05:03 -0200] "GET /img/icons/perl.png HTTP/1.0" 200 252 "http://arktetar.com.br/css/style.css" "Mozilla/5.0 (Windows NT 10.0; Win64; x64) AppleWebKit/537.36 (KHTML, like Gecko) Chrome/70.0.3538.110 Safari/537.36"
186.212.148.102 - - [14/Dec/2018:13:05:03 -0200] "GET /img/icons/php.png HTTP/1.0" 200 251 "http://arktetar.com.br/css/style.css" "Mozilla/5.0 (Windows NT 10.0; Win64; x64) AppleWebKit/537.36 (KHTML, like Gecko) Chrome/70.0.3538.110 Safari/537.36"
186.212.148.102 - - [14/Dec/2018:13:05:03 -0200] "GET /img/icons/python.png HTTP/1.0" 200 254 "http://arktetar.com.br/css/style.css" "Mozilla/5.0 (Windows NT 10.0; Win64; x64) AppleWebKit/537.36 (KHTML, like Gecko) Chrome/70.0.3538.110 Safari/537.36"
186.212.148.102 - - [14/Dec/2018:13:05:03 -0200] "GET /img/icons/fastcgi.png HTTP/1.0" 200 255 "http://arktetar.com.br/css/style.css" "Mozilla/5.0 (Windows NT 10.0; Win64; x64) AppleWebKit/537.36 (KHTML, like Gecko) Chrome/70.0.3538.110 Safari/537.36"
186.212.148.102 - - [14/Dec/2018:13:05:03 -0200] "GET /img/globe.png HTTP/1.0" 200 247 "http://arktetar.com.br/css/style.css" "Mozilla/5.0 (Windows NT 10.0; Win64; x64) AppleWebKit/537.36 (KHTML, like Gecko) Chrome/70.0.3538.110 Safari/537.36"
186.212.148.102 - - [14/Dec/2018:13:05:03 -0200] "GET /img/bullet.gif HTTP/1.0" 200 248 "http://arktetar.com.br/css/style.css" "Mozilla/5.0 (Windows NT 10.0; Win64; x64) AppleWebKit/537.36 (KHTML, like Gecko) Chrome/70.0.3538.110 Safari/537.36"
186.212.148.102 - - [14/Dec/2018:13:05:03 -0200] "GET /img/top-bottom.png HTTP/1.0" 200 252 "http://arktetar.com.br/css/style.css" "Mozilla/5.0 (Windows NT 10.0; Win64; x64) AppleWebKit/537.36 (KHTML, like Gecko) Chrome/70.0.3538.110 Safari/537.36"
186.212.148.102 - - [14/Dec/2018:13:05:03 -0200] "GET /favicon.ico HTTP/1.0" 200 260 "http://arktetar.com.br/" "Mozilla/5.0 (Windows NT 10.0; Win64; x64) AppleWebKit/537.36 (KHTML, like Gecko) Chrome/70.0.3538.110 Safari/537.36"
186.212.148.102 - - [14/Dec/2018:13:05:02 -0200] "GET / HTTP/1.1" 200 3474 "-" "Mozilla/5.0 (Windows NT 10.0; Win64; x64) AppleWebKit/537.36 (KHTML, like Gecko) Chrome/70.0.3538.110 Safari/537.36"
186.212.148.102 - - [14/Dec/2018:13:05:02 -0200] "GET /css/style.css HTTP/1.1" 200 1689 "http://arktetar.com.br/" "Mozilla/5.0 (Windows NT 10.0; Win64; x64) AppleWebKit/537.36 (KHTML, like Gecko) Chrome/70.0.3538.110 Safari/537.36"
186.212.148.102 - - [14/Dec/2018:13:05:02 -0200] "GET /img/panel-logo.png HTTP/1.1" 200 3383 "http://arktetar.com.br/" "Mozilla/5.0 (Windows NT 10.0; Win64; x64) AppleWebKit/537.36 (KHTML, like Gecko) Chrome/70.0.3538.110 Safari/537.36"
186.212.148.102 - - [14/Dec/2018:13:05:02 -0200] "GET /img/apps/pd-box.gif HTTP/1.1" 200 5897 "http://arktetar.com.br/" "Mozilla/5.0 (Windows NT 10.0; Win64; x64) AppleWebKit/537.36 (KHTML, like Gecko) Chrome/70.0.3538.110 Safari/537.36"
186.212.148.102 - - [14/Dec/2018:13:05:02 -0200] "GET /img/apps/pdfwl-box.gif HTTP/1.1" 200 5731 "http://arktetar.com.br/" "Mozilla/5.0 (Windows NT 10.0; Win64; x64) AppleWebKit/537.36 (KHTML, like Gecko) Chrome/70.0.3538.110 Safari/537.36"
186.212.148.102 - - [14/Dec/2018:13:05:02 -0200] "GET /img/apps/server-box.gif HTTP/1.1" 200 6222 "http://arktetar.com.br/" "Mozilla/5.0 (Windows NT 10.0; Win64; x64) AppleWebKit/537.36 (KHTML, like Gecko) Chrome/70.0.3538.110 Safari/537.36"
186.212.148.102 - - [14/Dec/2018:13:05:02 -0200] "GET /img/apps/container-box.gif HTTP/1.1" 200 5400 "http://arktetar.com.br/" "Mozilla/5.0 (Windows NT 10.0; Win64; x64) AppleWebKit/537.36 (KHTML, like Gecko) Chrome/70.0.3538.110 Safari/537.36"
186.212.148.102 - - [14/Dec/2018:13:05:02 -0200] "GET /img/apps/poa-box.gif HTTP/1.1" 200 5928 "http://arktetar.com.br/" "Mozilla/5.0 (Windows NT 10.0; Win64; x64) AppleWebKit/537.36 (KHTML, like Gecko) Chrome/70.0.3538.110 Safari/537.36"
186.212.148.102 - - [14/Dec/2018:13:05:02 -0200] "GET /img/apps/pcp-box.gif HTTP/1.1" 200 6420 "http://arktetar.com.br/" "Mozilla/5.0 (Windows NT 10.0; Win64; x64) AppleWebKit/537.36 (KHTML, like Gecko) Chrome/70.0.3538.110 Safari/537.36"
186.212.148.102 - - [14/Dec/2018:13:05:03 -0200] "GET /img/icons/ssi.png HTTP/1.1" 200 2593 "http://arktetar.com.br/css/style.css" "Mozilla/5.0 (Windows NT 10.0; Win64; x64) AppleWebKit/537.36 (KHTML, like Gecko) Chrome/70.0.3538.110 Safari/537.36"
186.212.148.102 - - [14/Dec/2018:13:05:03 -0200] "GET /img/icons/perl.png HTTP/1.1" 200 3085 "http://arktetar.com.br/css/style.css" "Mozilla/5.0 (Windows NT 10.0; Win64; x64) AppleWebKit/537.36 (KHTML, like Gecko) Chrome/70.0.3538.110 Safari/537.36"
186.212.148.102 - - [14/Dec/2018:13:05:03 -0200] "GET /img/icons/php.png HTTP/1.1" 200 2401 "http://arktetar.com.br/css/style.css" "Mozilla/5.0 (Windows NT 10.0; Win64; x64) AppleWebKit/537.36 (KHTML, like Gecko) Chrome/70.0.3538.110 Safari/537.36"
186.212.148.102 - - [14/Dec/2018:13:05:03 -0200] "GET /img/icons/python.png HTTP/1.1" 200 2489 "http://arktetar.com.br/css/style.css" "Mozilla/5.0 (Windows NT 10.0; Win64; x64) AppleWebKit/537.36 (KHTML, like Gecko) Chrome/70.0.3538.110 Safari/537.36"
186.212.148.102 - - [14/Dec/2018:13:05:03 -0200] "GET /img/icons/fastcgi.png HTTP/1.1" 200 2714 "http://arktetar.com.br/css/style.css" "Mozilla/5.0 (Windows NT 10.0; Win64; x64) AppleWebKit/537.36 (KHTML, like Gecko) Chrome/70.0.3538.110 Safari/537.36"
186.212.148.102 - - [14/Dec/2018:13:05:03 -0200] "GET /img/bullet.gif HTTP/1.1" 200 1213 "http://arktetar.com.br/css/style.css" "Mozilla/5.0 (Windows NT 10.0; Win64; x64) AppleWebKit/537.36 (KHTML, like Gecko) Chrome/70.0.3538.110 Safari/537.36"
186.212.148.102 - - [14/Dec/2018:13:05:03 -0200] "GET /img/top-bottom.png HTTP/1.1" 200 810 "http://arktetar.com.br/css/style.css" "Mozilla/5.0 (Windows NT 10.0; Win64; x64) AppleWebKit/537.36 (KHTML, like Gecko) Chrome/70.0.3538.110 Safari/537.36"
186.212.148.102 - - [14/Dec/2018:13:05:03 -0200] "GET /img/globe.png HTTP/1.1" 200 46057 "http://arktetar.com.br/css/style.css" "Mozilla/5.0 (Windows NT 10.0; Win64; x64) AppleWebKit/537.36 (KHTML, like Gecko) Chrome/70.0.3538.110 Safari/537.36"
186.212.148.102 - - [14/Dec/2018:13:05:03 -0200] "GET /favicon.ico HTTP/1.1" 200 1150 "http://arktetar.com.br/" "Mozilla/5.0 (Windows NT 10.0; Win64; x64) AppleWebKit/537.36 (KHTML, like Gecko) Chrome/70.0.3538.110 Safari/537.36"
209.17.97.106 - - [14/Dec/2018:20:34:09 -0200] "GET / HTTP/1.0" 200 267 "-" "Mozilla/5.0 (compatible; Nimbostratus-Bot/v1.3.2; http://cloudsystemnetworks.com)"
52.53.201.78 - - [15/Dec/2018:06:04:29 -0200] "GET / HTTP/1.0" 200 312 "-" "Mozilla/5.0 (Macintosh; Intel Mac OS X 10_12_6) AppleWebKit/537.36 (KHTML, like Gecko) Chrome/61.0.3163.100 Safari/537.36"
209.17.97.106 - - [14/Dec/2018:20:34:09 -0200] "GET / HTTP/1.1" 200 11390 "-" "Mozilla/5.0 (compatible; Nimbostratus-Bot/v1.3.2; http://cloudsystemnetworks.com)"
52.53.201.78 - - [15/Dec/2018:06:04:29 -0200] "GET / HTTP/1.1" 200 3474 "-" "Mozilla/5.0 (Macintosh; Intel Mac OS X 10_12_6) AppleWebKit/537.36 (KHTML, like Gecko) Chrome/61.0.3163.100 Safari/537.36"
23.253.32.115 - - [15/Dec/2018:23:14:21 -0200] "POST /xmlrpc.php HTTP/1.0" 404 1320 "-" "Mozilla/5.0 (Macintosh; U; Intel Mac OS X 10.6; fr; rv:1.9.2.8) Gecko/20100722 Firefox/3.6.8"
23.253.32.115 - - [15/Dec/2018:23:14:21 -0200] "POST /blog/xmlrpc.php HTTP/1.0" 404 1320 "-" "Mozilla/5.0 (Macintosh; U; Intel Mac OS X 10.6; fr; rv:1.9.2.8) Gecko/20100722 Firefox/3.6.8"
209.17.97.66 - - [17/Dec/2018:14:53:47 -0200] "GET / HTTP/1.0" 200 267 "-" "Mozilla/5.0 (compatible; Nimbostratus-Bot/v1.3.2; http://cloudsystemnetworks.com)"
52.53.201.78 - - [17/Dec/2018:15:13:25 -0200] "GET / HTTP/1.0" 200 312 "-" "Mozilla/5.0 (Macintosh; Intel Mac OS X 10_12_6) AppleWebKit/537.36 (KHTML, like Gecko) Chrome/61.0.3163.100 Safari/537.36"
209.17.97.66 - - [17/Dec/2018:14:53:47 -0200] "GET / HTTP/1.1" 200 11390 "-" "Mozilla/5.0 (compatible; Nimbostratus-Bot/v1.3.2; http://cloudsystemnetworks.com)"
52.53.201.78 - - [17/Dec/2018:15:13:25 -0200] "GET / HTTP/1.1" 200 3474 "-" "Mozilla/5.0 (Macintosh; Intel Mac OS X 10_12_6) AppleWebKit/537.36 (KHTML, like Gecko) Chrome/61.0.3163.100 Safari/537.36"
51.254.101.95 - - [17/Dec/2018:22:22:44 -0200] "GET / HTTP/1.0" 200 312 "-" "Mozilla/5.0 (Windows NT 10.0; rv:64.0) Gecko/20100101 Firefox/64.0"
51.254.101.95 - - [17/Dec/2018:22:22:45 -0200] "GET /ads.txt HTTP/1.0" 404 917 "-" "Mozilla/5.0 (Windows NT 10.0; rv:64.0) Gecko/20100101 Firefox/64.0"
51.254.101.95 - - [17/Dec/2018:22:22:44 -0200] "GET / HTTP/1.1" 200 3474 "-" "Mozilla/5.0 (Windows NT 10.0; rv:64.0) Gecko/20100101 Firefox/64.0"
66.249.66.205 - - [18/Dec/2018:15:46:46 -0200] "GET /robots.txt HTTP/1.0" 404 917 "-" "Mozilla/5.0 (compatible; Googlebot/2.1; +http://www.google.com/bot.html)"
66.249.66.205 - - [18/Dec/2018:15:46:46 -0200] "GET / HTTP/1.0" 200 312 "-" "Mozilla/5.0 (compatible; Googlebot/2.1; +http://www.google.com/bot.html)"
66.249.66.205 - - [18/Dec/2018:15:47:39 -0200] "GET /test/python/test.html HTTP/1.0" 200 323 "-" "Mozilla/5.0 (compatible; Googlebot/2.1; +http://www.google.com/bot.html)"
66.249.66.205 - - [18/Dec/2018:15:47:42 -0200] "GET /test/python/test.py?1544832000000 HTTP/1.0" 200 283 "http://arktetar.com.br/test/python/test.html" "Mozilla/5.0 AppleWebKit/537.36 (KHTML, like Gecko; compatible; Googlebot/2.1; +http://www.google.com/bot.html) Safari/537.36"
66.249.66.201 - - [18/Dec/2018:15:47:52 -0200] "GET /test/fcgi/test.html HTTP/1.0" 200 321 "-" "Mozilla/5.0 (compatible; Googlebot/2.1; +http://www.google.com/bot.html)"
66.249.66.205 - - [18/Dec/2018:15:48:06 -0200] "GET /test/perl/test.html HTTP/1.0" 200 321 "-" "Mozilla/5.0 (compatible; Googlebot/2.1; +http://www.google.com/bot.html)"
66.249.66.205 - - [18/Dec/2018:15:48:10 -0200] "GET /test/perl/test.pl?1544832000000 HTTP/1.0" 200 1272 "http://arktetar.com.br/test/perl/test.html" "Mozilla/5.0 AppleWebKit/537.36 (KHTML, like Gecko; compatible; Googlebot/2.1; +http://www.google.com/bot.html) Safari/537.36"
66.249.66.201 - - [18/Dec/2018:15:48:20 -0200] "GET /test/fcgi/test.fcgi HTTP/1.0" 200 847 "-" "Mozilla/5.0 (compatible; Googlebot/2.1; +http://www.google.com/bot.html)"
66.249.66.201 - - [18/Dec/2018:15:48:37 -0200] "GET /index.html HTTP/1.0" 200 312 "-" "Mozilla/5.0 (compatible; Googlebot/2.1; +http://www.google.com/bot.html)"
66.249.66.201 - - [18/Dec/2018:15:48:40 -0200] "GET /css/style.css HTTP/1.0" 200 314 "http://arktetar.com.br/index.html" "Mozilla/5.0 AppleWebKit/537.36 (KHTML, like Gecko; compatible; Googlebot/2.1; +http://www.google.com/bot.html) Safari/537.36"
66.249.66.201 - - [18/Dec/2018:15:48:41 -0200] "GET /test/perl/test.pl HTTP/1.0" 200 1272 "-" "Mozilla/5.0 (compatible; Googlebot/2.1; +http://www.google.com/bot.html)"
66.249.66.201 - - [18/Dec/2018:15:48:42 -0200] "GET /test/python/test.py HTTP/1.0" 200 283 "-" "Mozilla/5.0 (compatible; Googlebot/2.1; +http://www.google.com/bot.html)"
66.249.66.201 - - [18/Dec/2018:15:48:46 -0200] "GET /test/ssi/test.html HTTP/1.0" 200 320 "-" "Mozilla/5.0 (compatible; Googlebot/2.1; +http://www.google.com/bot.html)"
66.249.66.201 - - [18/Dec/2018:15:48:48 -0200] "GET /test/ssi/test.shtml?1544832000000 HTTP/1.0" 200 846 "http://arktetar.com.br/test/ssi/test.html" "Mozilla/5.0 AppleWebKit/537.36 (KHTML, like Gecko; compatible; Googlebot/2.1; +http://www.google.com/bot.html) Safari/537.36"
66.249.66.201 - - [18/Dec/2018:15:49:43 -0200] "GET /test/ssi/test.shtml HTTP/1.0" 200 846 "-" "Mozilla/5.0 (compatible; Googlebot/2.1; +http://www.google.com/bot.html)"
66.249.66.201 - - [18/Dec/2018:16:19:24 -0200] "GET /test/fcgi/test.fcgi?1544832000000 HTTP/1.0" 200 929 "http://arktetar.com.br/test/fcgi/test.html" "Mozilla/5.0 AppleWebKit/537.36 (KHTML, like Gecko; compatible; Googlebot/2.1; +http://www.google.com/bot.html) Safari/537.36"
209.17.96.66 - - [18/Dec/2018:19:22:47 -0200] "GET / HTTP/1.0" 200 267 "-" "Mozilla/5.0 (compatible; Nimbostratus-Bot/v1.3.2; http://cloudsystemnetworks.com)"
66.249.66.205 - - [18/Dec/2018:15:46:46 -0200] "GET / HTTP/1.1" 200 3474 "-" "Mozilla/5.0 (compatible; Googlebot/2.1; +http://www.google.com/bot.html)"
66.249.66.205 - - [18/Dec/2018:15:47:39 -0200] "GET /test/python/test.html HTTP/1.1" 200 1123 "-" "Mozilla/5.0 (compatible; Googlebot/2.1; +http://www.google.com/bot.html)"
66.249.66.205 - - [18/Dec/2018:15:47:42 -0200] "GET /test/python/test.py?1544832000000 HTTP/1.1" 200 1403 "http://arktetar.com.br/test/python/test.html" "Mozilla/5.0 AppleWebKit/537.36 (KHTML, like Gecko; compatible; Googlebot/2.1; +http://www.google.com/bot.html) Safari/537.36"
66.249.66.201 - - [18/Dec/2018:15:47:52 -0200] "GET /test/fcgi/test.html HTTP/1.1" 200 1126 "-" "Mozilla/5.0 (compatible; Googlebot/2.1; +http://www.google.com/bot.html)"
66.249.66.205 - - [18/Dec/2018:15:48:06 -0200] "GET /test/perl/test.html HTTP/1.1" 200 1129 "-" "Mozilla/5.0 (compatible; Googlebot/2.1; +http://www.google.com/bot.html)"
66.249.66.201 - - [18/Dec/2018:15:48:37 -0200] "GET /index.html HTTP/1.1" 200 3474 "-" "Mozilla/5.0 (compatible; Googlebot/2.1; +http://www.google.com/bot.html)"
66.249.66.201 - - [18/Dec/2018:15:48:40 -0200] "GET /css/style.css HTTP/1.1" 200 1689 "http://arktetar.com.br/index.html" "Mozilla/5.0 AppleWebKit/537.36 (KHTML, like Gecko; compatible; Googlebot/2.1; +http://www.google.com/bot.html) Safari/537.36"
66.249.66.201 - - [18/Dec/2018:15:48:42 -0200] "GET /test/python/test.py HTTP/1.1" 200 1403 "-" "Mozilla/5.0 (compatible; Googlebot/2.1; +http://www.google.com/bot.html)"
66.249.66.201 - - [18/Dec/2018:15:48:46 -0200] "GET /test/ssi/test.html HTTP/1.1" 200 1121 "-" "Mozilla/5.0 (compatible; Googlebot/2.1; +http://www.google.com/bot.html)"
209.17.96.66 - - [18/Dec/2018:19:22:47 -0200] "GET / HTTP/1.1" 200 11390 "-" "Mozilla/5.0 (compatible; Nimbostratus-Bot/v1.3.2; http://cloudsystemnetworks.com)"
64.246.165.150 - - [19/Dec/2018:00:47:15 -0200] "GET /robots.txt HTTP/1.0" 404 1320 "-" "Mozilla/5.0 (Macintosh; Intel Mac OS X 10.10; rv:59.0) Gecko/20100101 Firefox/59.0"
64.246.165.150 - - [19/Dec/2018:00:47:16 -0200] "GET / HTTP/1.0" 200 312 "-" "Mozilla/5.0 (Macintosh; Intel Mac OS X 10.10; rv:59.0) Gecko/20100101 Firefox/59.0"
66.249.66.205 - - [19/Dec/2018:04:27:02 -0200] "GET /robots.txt HTTP/1.0" 404 917 "-" "Mozilla/5.0 (compatible; Googlebot/2.1; +http://www.google.com/bot.html)"
66.249.66.201 - - [19/Dec/2018:04:27:24 -0200] "GET /test/fcgi/test.html HTTP/1.0" 200 321 "-" "Mozilla/5.0 (Linux; Android 6.0.1; Nexus 5X Build/MMB29P) AppleWebKit/537.36 (KHTML, like Gecko) Chrome/41.0.2272.96 Mobile Safari/537.36 (compatible; Googlebot/2.1; +http://www.google.com/bot.html)"
66.249.66.201 - - [19/Dec/2018:04:27:36 -0200] "GET /test/fcgi/test.fcgi?1544832000000 HTTP/1.0" 200 984 "http://arktetar.com.br/test/fcgi/test.html" "Mozilla/5.0 (Linux; Android 6.0.1; Nexus 5X Build/MMB29P) AppleWebKit/537.36 (KHTML, like Gecko) Chrome/41.0.2272.96 Mobile Safari/537.36 (compatible; Googlebot/2.1; +http://www.google.com/bot.html)"
64.246.165.150 - - [19/Dec/2018:00:47:16 -0200] "GET / HTTP/1.1" 200 3474 "-" "Mozilla/5.0 (Macintosh; Intel Mac OS X 10.10; rv:59.0) Gecko/20100101 Firefox/59.0"
66.249.66.201 - - [19/Dec/2018:04:27:24 -0200] "GET /test/fcgi/test.html HTTP/1.1" 200 1126 "-" "Mozilla/5.0 (Linux; Android 6.0.1; Nexus 5X Build/MMB29P) AppleWebKit/537.36 (KHTML, like Gecko) Chrome/41.0.2272.96 Mobile Safari/537.36 (compatible; Googlebot/2.1; +http://www.google.com/bot.html)"
52.53.201.78 - - [19/Dec/2018:23:18:54 -0200] "GET / HTTP/1.0" 200 312 "-" "Mozilla/5.0 (Macintosh; Intel Mac OS X 10_12_6) AppleWebKit/537.36 (KHTML, like Gecko) Chrome/61.0.3163.100 Safari/537.36"
52.53.201.78 - - [19/Dec/2018:23:18:54 -0200] "GET / HTTP/1.1" 200 3474 "-" "Mozilla/5.0 (Macintosh; Intel Mac OS X 10_12_6) AppleWebKit/537.36 (KHTML, like Gecko) Chrome/61.0.3163.100 Safari/537.36"
157.55.39.12 - - [20/Dec/2018:16:28:09 -0200] "GET /robots.txt HTTP/1.0" 404 917 "-" "Mozilla/5.0 (compatible; bingbot/2.0; +http://www.bing.com/bingbot.htm)"
207.46.13.216 - - [20/Dec/2018:16:28:21 -0200] "GET / HTTP/1.0" 200 312 "-" "Mozilla/5.0 (compatible; bingbot/2.0; +http://www.bing.com/bingbot.htm)"
207.46.13.216 - - [20/Dec/2018:16:28:21 -0200] "GET / HTTP/1.1" 304 0 "-" "Mozilla/5.0 (compatible; bingbot/2.0; +http://www.bing.com/bingbot.htm)"
52.53.201.78 - - [22/Dec/2018:07:09:18 -0200] "GET / HTTP/1.0" 200 312 "-" "Mozilla/5.0 (Macintosh; Intel Mac OS X 10_12_6) AppleWebKit/537.36 (KHTML, like Gecko) Chrome/61.0.3163.100 Safari/537.36"
52.53.201.78 - - [22/Dec/2018:07:09:18 -0200] "GET / HTTP/1.1" 200 3474 "-" "Mozilla/5.0 (Macintosh; Intel Mac OS X 10_12_6) AppleWebKit/537.36 (KHTML, like Gecko) Chrome/61.0.3163.100 Safari/537.36"
216.244.66.228 - - [22/Dec/2018:13:21:30 -0200] "GET /robots.txt HTTP/1.0" 404 1320 "-" "Mozilla/5.0 (compatible; DotBot/1.1; http://www.opensiteexplorer.org/dotbot, help@moz.com)"
216.244.66.228 - - [22/Dec/2018:14:14:03 -0200] "GET /robots.txt HTTP/1.0" 404 1320 "-" "Mozilla/5.0 (compatible; DotBot/1.1; http://www.opensiteexplorer.org/dotbot, help@moz.com)"
216.244.66.228 - - [22/Dec/2018:15:06:37 -0200] "GET /robots.txt HTTP/1.0" 404 1320 "-" "Mozilla/5.0 (compatible; DotBot/1.1; http://www.opensiteexplorer.org/dotbot, help@moz.com)"
216.244.66.228 - - [22/Dec/2018:21:15:04 -0200] "GET /robots.txt HTTP/1.0" 404 1320 "-" "Mozilla/5.0 (compatible; DotBot/1.1; http://www.opensiteexplorer.org/dotbot, help@moz.com)"
66.249.73.73 - - [22/Dec/2018:22:55:11 -0200] "GET /robots.txt HTTP/1.0" 404 917 "-" "Mozilla/5.0 (compatible; Googlebot/2.1; +http://www.google.com/bot.html)"
66.249.73.71 - - [22/Dec/2018:22:55:12 -0200] "GET /test/php/test.php HTTP/1.0" 200 966 "-" "Mozilla/5.0 (compatible; Googlebot/2.1; +http://www.google.com/bot.html)"
66.249.73.73 - - [23/Dec/2018:00:04:13 -0200] "GET /test/perl/test.pl HTTP/1.0" 200 1272 "-" "Mozilla/5.0 (compatible; Googlebot/2.1; +http://www.google.com/bot.html)"
144.76.81.229 - - [23/Dec/2018:00:50:51 -0200] "GET /robots.txt HTTP/1.0" 404 1320 "-" "Mozilla/5.0 (compatible; MJ12bot/v1.4.8; http://mj12bot.com/)"
144.76.81.229 - - [23/Dec/2018:00:50:53 -0200] "GET / HTTP/1.0" 200 267 "-" "Mozilla/5.0 (compatible; MJ12bot/v1.4.8; http://mj12bot.com/)"
144.76.81.229 - - [23/Dec/2018:00:50:53 -0200] "GET / HTTP/1.1" 200 11390 "-" "Mozilla/5.0 (compatible; MJ12bot/v1.4.8; http://mj12bot.com/)"
66.249.66.39 - - [23/Dec/2018:14:55:48 -0200] "GET /robots.txt HTTP/1.0" 404 917 "-" "Mozilla/5.0 (compatible; Googlebot/2.1; +http://www.google.com/bot.html)"
66.249.66.36 - - [23/Dec/2018:14:55:48 -0200] "GET /test/fcgi/test.fcgi HTTP/1.0" 200 850 "-" "Mozilla/5.0 (compatible; Googlebot/2.1; +http://www.google.com/bot.html)"
66.249.66.36 - - [23/Dec/2018:21:12:47 -0200] "GET /test/python/test.py HTTP/1.0" 200 283 "-" "Mozilla/5.0 (compatible; Googlebot/2.1; +http://www.google.com/bot.html)"
66.249.66.36 - - [23/Dec/2018:22:28:34 -0200] "GET /test/ssi/test.shtml HTTP/1.0" 200 846 "-" "Mozilla/5.0 (compatible; Googlebot/2.1; +http://www.google.com/bot.html)"
3.82.20.254 - - [24/Dec/2018:02:42:53 -0200] "GET /robots.txt HTTP/1.0" 404 1320 "-" "Mozilla/5.0 (compatible; DotBot/1.1; http://www.opensiteexplorer.org/dotbot, help@moz.com)"
3.82.20.254 - - [24/Dec/2018:02:43:23 -0200] "GET / HTTP/1.0" 200 267 "-" "Mozilla/5.0 (compatible; DotBot/1.1; http://www.opensiteexplorer.org/dotbot, help@moz.com)"
3.82.20.254 - - [24/Dec/2018:02:51:27 -0200] "GET /robots.txt HTTP/1.0" 404 1320 "-" "Mozilla/5.0 (compatible; DotBot/1.1; http://www.opensiteexplorer.org/dotbot, help@moz.com)"
3.82.20.254 - - [24/Dec/2018:02:51:28 -0200] "GET /test/fcgi/test.html HTTP/1.0" 200 276 "-" "Mozilla/5.0 (compatible; DotBot/1.1; http://www.opensiteexplorer.org/dotbot, help@moz.com)"
3.82.20.254 - - [24/Dec/2018:02:51:28 -0200] "GET /test/python/test.html HTTP/1.0" 200 278 "-" "Mozilla/5.0 (compatible; DotBot/1.1; http://www.opensiteexplorer.org/dotbot, help@moz.com)"
3.82.20.254 - - [24/Dec/2018:02:51:28 -0200] "GET /test/php/test.html HTTP/1.0" 200 275 "-" "Mozilla/5.0 (compatible; DotBot/1.1; http://www.opensiteexplorer.org/dotbot, help@moz.com)"
3.82.20.254 - - [24/Dec/2018:02:51:29 -0200] "GET /test/perl/test.html HTTP/1.0" 200 276 "-" "Mozilla/5.0 (compatible; DotBot/1.1; http://www.opensiteexplorer.org/dotbot, help@moz.com)"
3.82.20.254 - - [24/Dec/2018:02:51:29 -0200] "GET /test/ssi/test.html HTTP/1.0" 200 275 "-" "Mozilla/5.0 (compatible; DotBot/1.1; http://www.opensiteexplorer.org/dotbot, help@moz.com)"
66.249.66.36 - - [23/Dec/2018:21:12:47 -0200] "GET /test/python/test.py HTTP/1.1" 200 1403 "-" "Mozilla/5.0 (compatible; Googlebot/2.1; +http://www.google.com/bot.html)"
3.82.20.254 - - [24/Dec/2018:02:43:23 -0200] "GET / HTTP/1.1" 200 11390 "-" "Mozilla/5.0 (compatible; DotBot/1.1; http://www.opensiteexplorer.org/dotbot, help@moz.com)"
3.82.20.254 - - [24/Dec/2018:02:51:28 -0200] "GET /test/fcgi/test.html HTTP/1.1" 200 2556 "-" "Mozilla/5.0 (compatible; DotBot/1.1; http://www.opensiteexplorer.org/dotbot, help@moz.com)"
3.82.20.254 - - [24/Dec/2018:02:51:28 -0200] "GET /test/python/test.html HTTP/1.1" 200 2552 "-" "Mozilla/5.0 (compatible; DotBot/1.1; http://www.opensiteexplorer.org/dotbot, help@moz.com)"
3.82.20.254 - - [24/Dec/2018:02:51:28 -0200] "GET /test/php/test.html HTTP/1.1" 200 2544 "-" "Mozilla/5.0 (compatible; DotBot/1.1; http://www.opensiteexplorer.org/dotbot, help@moz.com)"
3.82.20.254 - - [24/Dec/2018:02:51:29 -0200] "GET /test/perl/test.html HTTP/1.1" 200 2554 "-" "Mozilla/5.0 (compatible; DotBot/1.1; http://www.opensiteexplorer.org/dotbot, help@moz.com)"
3.82.20.254 - - [24/Dec/2018:02:51:29 -0200] "GET /test/ssi/test.html HTTP/1.1" 200 2549 "-" "Mozilla/5.0 (compatible; DotBot/1.1; http://www.opensiteexplorer.org/dotbot, help@moz.com)"
52.53.201.78 - - [24/Dec/2018:15:15:32 -0200] "GET / HTTP/1.0" 200 312 "-" "Mozilla/5.0 (Macintosh; Intel Mac OS X 10_12_6) AppleWebKit/537.36 (KHTML, like Gecko) Chrome/61.0.3163.100 Safari/537.36"
52.53.201.78 - - [24/Dec/2018:15:15:32 -0200] "GET / HTTP/1.1" 200 3474 "-" "Mozilla/5.0 (Macintosh; Intel Mac OS X 10_12_6) AppleWebKit/537.36 (KHTML, like Gecko) Chrome/61.0.3163.100 Safari/537.36"
216.244.66.228 - - [24/Dec/2018:19:33:37 -0200] "GET /robots.txt HTTP/1.0" 404 1320 "-" "Mozilla/5.0 (compatible; DotBot/1.1; http://www.opensiteexplorer.org/dotbot, help@moz.com)"
216.244.66.228 - - [24/Dec/2018:20:12:24 -0200] "GET /test/php/test.html HTTP/1.0" 200 275 "-" "Mozilla/5.0 (compatible; DotBot/1.1; http://www.opensiteexplorer.org/dotbot, help@moz.com)"
216.244.66.228 - - [24/Dec/2018:22:56:11 -0200] "GET /robots.txt HTTP/1.0" 404 1320 "-" "Mozilla/5.0 (compatible; DotBot/1.1; http://www.opensiteexplorer.org/dotbot, help@moz.com)"
216.244.66.228 - - [24/Dec/2018:23:37:26 -0200] "GET /test/fcgi/test.html HTTP/1.0" 200 276 "-" "Mozilla/5.0 (compatible; DotBot/1.1; http://www.opensiteexplorer.org/dotbot, help@moz.com)"
216.244.66.228 - - [24/Dec/2018:20:12:24 -0200] "GET /test/php/test.html HTTP/1.1" 200 2544 "-" "Mozilla/5.0 (compatible; DotBot/1.1; http://www.opensiteexplorer.org/dotbot, help@moz.com)"
216.244.66.228 - - [24/Dec/2018:23:37:26 -0200] "GET /test/fcgi/test.html HTTP/1.1" 200 2556 "-" "Mozilla/5.0 (compatible; DotBot/1.1; http://www.opensiteexplorer.org/dotbot, help@moz.com)"
216.244.66.228 - - [26/Dec/2018:02:31:07 -0200] "GET /robots.txt HTTP/1.0" 404 1320 "-" "Mozilla/5.0 (compatible; DotBot/1.1; http://www.opensiteexplorer.org/dotbot, help@moz.com)"
216.244.66.228 - - [26/Dec/2018:03:05:44 -0200] "GET /index.html HTTP/1.0" 200 267 "-" "Mozilla/5.0 (compatible; DotBot/1.1; http://www.opensiteexplorer.org/dotbot, help@moz.com)"
216.244.66.228 - - [26/Dec/2018:04:12:24 -0200] "GET /robots.txt HTTP/1.0" 404 1320 "-" "Mozilla/5.0 (compatible; DotBot/1.1; http://www.opensiteexplorer.org/dotbot, help@moz.com)"
216.244.66.228 - - [26/Dec/2018:04:44:00 -0200] "GET /test/python/test.html HTTP/1.0" 200 278 "-" "Mozilla/5.0 (compatible; DotBot/1.1; http://www.opensiteexplorer.org/dotbot, help@moz.com)"
216.244.66.228 - - [26/Dec/2018:05:02:58 -0200] "GET /robots.txt HTTP/1.0" 404 1320 "-" "Mozilla/5.0 (compatible; DotBot/1.1; http://www.opensiteexplorer.org/dotbot, help@moz.com)"
216.244.66.228 - - [26/Dec/2018:05:54:10 -0200] "GET /robots.txt HTTP/1.0" 404 1320 "-" "Mozilla/5.0 (compatible; DotBot/1.1; http://www.opensiteexplorer.org/dotbot, help@moz.com)"
216.244.66.228 - - [26/Dec/2018:06:33:58 -0200] "GET /test/ssi/test.html HTTP/1.0" 200 275 "-" "Mozilla/5.0 (compatible; DotBot/1.1; http://www.opensiteexplorer.org/dotbot, help@moz.com)"
216.244.66.228 - - [26/Dec/2018:03:05:44 -0200] "GET /index.html HTTP/1.1" 200 11390 "-" "Mozilla/5.0 (compatible; DotBot/1.1; http://www.opensiteexplorer.org/dotbot, help@moz.com)"
216.244.66.228 - - [26/Dec/2018:04:44:00 -0200] "GET /test/python/test.html HTTP/1.1" 200 2552 "-" "Mozilla/5.0 (compatible; DotBot/1.1; http://www.opensiteexplorer.org/dotbot, help@moz.com)"
216.244.66.228 - - [26/Dec/2018:06:33:58 -0200] "GET /test/ssi/test.html HTTP/1.1" 200 2549 "-" "Mozilla/5.0 (compatible; DotBot/1.1; http://www.opensiteexplorer.org/dotbot, help@moz.com)"
216.244.66.228 - - [26/Dec/2018:11:56:19 -0200] "GET /robots.txt HTTP/1.0" 404 1320 "-" "Mozilla/5.0 (compatible; DotBot/1.1; http://www.opensiteexplorer.org/dotbot, help@moz.com)"
216.244.66.228 - - [26/Dec/2018:12:30:28 -0200] "GET /test/perl/test.html HTTP/1.0" 200 276 "-" "Mozilla/5.0 (compatible; DotBot/1.1; http://www.opensiteexplorer.org/dotbot, help@moz.com)"
216.244.66.228 - - [26/Dec/2018:12:30:28 -0200] "GET /test/perl/test.html HTTP/1.1" 200 2554 "-" "Mozilla/5.0 (compatible; DotBot/1.1; http://www.opensiteexplorer.org/dotbot, help@moz.com)"
52.53.201.78 - - [27/Dec/2018:00:20:29 -0200] "GET / HTTP/1.0" 200 312 "-" "Mozilla/5.0 (Macintosh; Intel Mac OS X 10_12_6) AppleWebKit/537.36 (KHTML, like Gecko) Chrome/61.0.3163.100 Safari/537.36"
52.53.201.78 - - [27/Dec/2018:00:20:29 -0200] "GET / HTTP/1.1" 200 3474 "-" "Mozilla/5.0 (Macintosh; Intel Mac OS X 10_12_6) AppleWebKit/537.36 (KHTML, like Gecko) Chrome/61.0.3163.100 Safari/537.36"
66.249.73.217 - - [27/Dec/2018:08:31:14 -0200] "GET /robots.txt HTTP/1.0" 404 917 "-" "Mozilla/5.0 (compatible; Googlebot/2.1; +http://www.google.com/bot.html)"
66.249.73.217 - - [27/Dec/2018:08:31:15 -0200] "GET / HTTP/1.0" 200 312 "-" "Mozilla/5.0 (compatible; Googlebot/2.1; +http://www.google.com/bot.html)"
66.249.73.217 - - [27/Dec/2018:08:31:15 -0200] "GET / HTTP/1.1" 200 3474 "-" "Mozilla/5.0 (compatible; Googlebot/2.1; +http://www.google.com/bot.html)"
108.171.210.138 - - [27/Dec/2018:15:44:03 -0200] "GET / HTTP/1.0" 200 312 "-" "Mozilla/5.0 (Windows NT 6.1) AppleWebKit/537.36 (KHTML, like Gecko) Chrome/41.0.2228.0 Safari/537.36"
108.171.210.138 - - [27/Dec/2018:15:44:03 -0200] "GET / HTTP/1.1" 200 3474 "-" "Mozilla/5.0 (Windows NT 6.1) AppleWebKit/537.36 (KHTML, like Gecko) Chrome/41.0.2228.0 Safari/537.36"
52.53.201.78 - - [29/Dec/2018:08:35:27 -0200] "GET / HTTP/1.0" 200 312 "-" "Mozilla/5.0 (Macintosh; Intel Mac OS X 10_12_6) AppleWebKit/537.36 (KHTML, like Gecko) Chrome/61.0.3163.100 Safari/537.36"
52.53.201.78 - - [29/Dec/2018:08:35:27 -0200] "GET / HTTP/1.1" 200 3474 "-" "Mozilla/5.0 (Macintosh; Intel Mac OS X 10_12_6) AppleWebKit/537.36 (KHTML, like Gecko) Chrome/61.0.3163.100 Safari/537.36"
216.244.66.228 - - [29/Dec/2018:19:30:37 -0200] "GET /robots.txt HTTP/1.0" 404 1320 "-" "Mozilla/5.0 (compatible; DotBot/1.1; http://www.opensiteexplorer.org/dotbot, help@moz.com)"
195.24.66.226 - - [30/Dec/2018:22:24:31 -0200] "GET / HTTP/1.0" 200 267 "-" "-"
173.252.95.8 - - [31/Dec/2018:06:23:15 -0200] "GET /robots.txt HTTP/1.0" 404 917 "-" "facebookexternalhit/1.1 (+http://www.facebook.com/externalhit_uatext.php)"
69.171.251.6 - - [31/Dec/2018:06:23:45 -0200] "GET /?fbclid=IwAR2q33WgAQrKinvA8SNWF5RvtYbssSdTpEcX7mGptDwrAgX11hSe_KuMSRY HTTP/1.0" 200 312 "https://www.facebook.com/" "Mozilla/5.0 (Windows NT 10.0; Win64; x64) AppleWebKit/537.36 (KHTML, like Gecko) Chrome/64.0.3282.140 Safari/537.36 Edge/17.17134"
69.171.251.6 - - [31/Dec/2018:06:23:45 -0200] "GET /css/style.css HTTP/1.0" 200 314 "http://arktetar.com.br/?fbclid=IwAR2q33WgAQrKinvA8SNWF5RvtYbssSdTpEcX7mGptDwrAgX11hSe_KuMSRY" "Mozilla/5.0 (Windows NT 10.0; Win64; x64) AppleWebKit/537.36 (KHTML, like Gecko) Chrome/64.0.3282.140 Safari/537.36 Edge/17.17134"
69.171.251.32 - - [31/Dec/2018:06:23:45 -0200] "GET /img/panel-logo.png HTTP/1.0" 200 252 "http://arktetar.com.br/?fbclid=IwAR2q33WgAQrKinvA8SNWF5RvtYbssSdTpEcX7mGptDwrAgX11hSe_KuMSRY" "Mozilla/5.0 (Windows NT 10.0; Win64; x64) AppleWebKit/537.36 (KHTML, like Gecko) Chrome/64.0.3282.140 Safari/537.36 Edge/17.17134"
69.171.251.32 - - [31/Dec/2018:06:23:45 -0200] "GET /img/apps/pd-box.gif HTTP/1.0" 200 253 "http://arktetar.com.br/?fbclid=IwAR2q33WgAQrKinvA8SNWF5RvtYbssSdTpEcX7mGptDwrAgX11hSe_KuMSRY" "Mozilla/5.0 (Windows NT 10.0; Win64; x64) AppleWebKit/537.36 (KHTML, like Gecko) Chrome/64.0.3282.140 Safari/537.36 Edge/17.17134"
69.171.251.32 - - [31/Dec/2018:06:23:46 -0200] "GET /img/apps/pdfwl-box.gif HTTP/1.0" 200 256 "http://arktetar.com.br/?fbclid=IwAR2q33WgAQrKinvA8SNWF5RvtYbssSdTpEcX7mGptDwrAgX11hSe_KuMSRY" "Mozilla/5.0 (Windows NT 10.0; Win64; x64) AppleWebKit/537.36 (KHTML, like Gecko) Chrome/64.0.3282.140 Safari/537.36 Edge/17.17134"
69.171.251.32 - - [31/Dec/2018:06:23:46 -0200] "GET /img/top-bottom.png HTTP/1.0" 200 252 "http://arktetar.com.br/css/style.css" "Mozilla/5.0 (Windows NT 10.0; Win64; x64) AppleWebKit/537.36 (KHTML, like Gecko) Chrome/64.0.3282.140 Safari/537.36 Edge/17.17134"
69.171.251.32 - - [31/Dec/2018:06:23:46 -0200] "GET /img/globe.png HTTP/1.0" 200 247 "http://arktetar.com.br/css/style.css" "Mozilla/5.0 (Windows NT 10.0; Win64; x64) AppleWebKit/537.36 (KHTML, like Gecko) Chrome/64.0.3282.140 Safari/537.36 Edge/17.17134"
69.171.251.33 - - [31/Dec/2018:06:23:46 -0200] "GET /img/apps/server-box.gif HTTP/1.0" 200 283 "http://arktetar.com.br/?fbclid=IwAR2q33WgAQrKinvA8SNWF5RvtYbssSdTpEcX7mGptDwrAgX11hSe_KuMSRY" "Mozilla/5.0 (Windows NT 10.0; Win64; x64) AppleWebKit/537.36 (KHTML, like Gecko) Chrome/64.0.3282.140 Safari/537.36 Edge/17.17134"
69.171.251.14 - - [31/Dec/2018:06:23:46 -0200] "GET /img/apps/container-box.gif HTTP/1.0" 200 260 "http://arktetar.com.br/?fbclid=IwAR2q33WgAQrKinvA8SNWF5RvtYbssSdTpEcX7mGptDwrAgX11hSe_KuMSRY" "Mozilla/5.0 (Windows NT 10.0; Win64; x64) AppleWebKit/537.36 (KHTML, like Gecko) Chrome/64.0.3282.140 Safari/537.36 Edge/17.17134"
69.171.251.14 - - [31/Dec/2018:06:23:46 -0200] "GET /img/apps/poa-box.gif HTTP/1.0" 200 254 "http://arktetar.com.br/?fbclid=IwAR2q33WgAQrKinvA8SNWF5RvtYbssSdTpEcX7mGptDwrAgX11hSe_KuMSRY" "Mozilla/5.0 (Windows NT 10.0; Win64; x64) AppleWebKit/537.36 (KHTML, like Gecko) Chrome/64.0.3282.140 Safari/537.36 Edge/17.17134"
69.171.251.39 - - [31/Dec/2018:06:23:46 -0200] "GET /img/apps/pcp-box.gif HTTP/1.0" 200 254 "http://arktetar.com.br/?fbclid=IwAR2q33WgAQrKinvA8SNWF5RvtYbssSdTpEcX7mGptDwrAgX11hSe_KuMSRY" "Mozilla/5.0 (Windows NT 10.0; Win64; x64) AppleWebKit/537.36 (KHTML, like Gecko) Chrome/64.0.3282.140 Safari/537.36 Edge/17.17134"
69.171.251.37 - - [31/Dec/2018:06:23:46 -0200] "GET /img/p-box.png HTTP/1.0" 200 1230 "http://arktetar.com.br/css/style.css" "Mozilla/5.0 (Windows NT 10.0; Win64; x64) AppleWebKit/537.36 (KHTML, like Gecko) Chrome/64.0.3282.140 Safari/537.36 Edge/17.17134"
69.171.251.14 - - [31/Dec/2018:06:23:46 -0200] "GET /img/bullet.gif HTTP/1.0" 200 248 "http://arktetar.com.br/css/style.css" "Mozilla/5.0 (Windows NT 10.0; Win64; x64) AppleWebKit/537.36 (KHTML, like Gecko) Chrome/64.0.3282.140 Safari/537.36 Edge/17.17134"
69.171.251.33 - - [31/Dec/2018:06:23:46 -0200] "GET /img/icons/fastcgi.png HTTP/1.0" 200 255 "http://arktetar.com.br/css/style.css" "Mozilla/5.0 (Windows NT 10.0; Win64; x64) AppleWebKit/537.36 (KHTML, like Gecko) Chrome/64.0.3282.140 Safari/537.36 Edge/17.17134"
69.171.251.14 - - [31/Dec/2018:06:23:46 -0200] "GET /img/icons/python.png HTTP/1.0" 200 254 "http://arktetar.com.br/css/style.css" "Mozilla/5.0 (Windows NT 10.0; Win64; x64) AppleWebKit/537.36 (KHTML, like Gecko) Chrome/64.0.3282.140 Safari/537.36 Edge/17.17134"
69.171.251.39 - - [31/Dec/2018:06:23:46 -0200] "GET /img/icons/php.png HTTP/1.0" 200 251 "http://arktetar.com.br/css/style.css" "Mozilla/5.0 (Windows NT 10.0; Win64; x64) AppleWebKit/537.36 (KHTML, like Gecko) Chrome/64.0.3282.140 Safari/537.36 Edge/17.17134"
