157.55.39.32 - - [18/Jan/2019:16:48:17 -0200] "GET /robots.txt HTTP/1.0" 404 1175 "-" "Mozilla/5.0 (compatible; bingbot/2.0; +http://www.bing.com/bingbot.htm)"
207.46.13.233 - - [18/Jan/2019:16:48:23 -0200] "GET / HTTP/1.0" 200 570 "-" "Mozilla/5.0 (compatible; bingbot/2.0; +http://www.bing.com/bingbot.htm)"
207.46.13.233 - - [18/Jan/2019:16:48:23 -0200] "GET / HTTP/1.1" 200 3474 "-" "Mozilla/5.0 (compatible; bingbot/2.0; +http://www.bing.com/bingbot.htm)"
13.57.233.99 - - [20/Jan/2019:21:10:30 -0200] "GET / HTTP/1.0" 200 570 "-" "Mozilla/5.0 (Macintosh; Intel Mac OS X 10_12_6) AppleWebKit/537.36 (KHTML, like Gecko) Chrome/61.0.3163.100 Safari/537.36"
13.57.233.99 - - [20/Jan/2019:21:10:30 -0200] "GET / HTTP/1.1" 200 3474 "-" "Mozilla/5.0 (Macintosh; Intel Mac OS X 10_12_6) AppleWebKit/537.36 (KHTML, like Gecko) Chrome/61.0.3163.100 Safari/537.36"
171.67.70.65 - - [22/Jan/2019:03:02:24 -0200] "GET / HTTP/1.0" 200 570 "-" "Mozilla/5.0 zgrab/0.x"
171.67.70.65 - - [22/Jan/2019:03:02:24 -0200] "GET / HTTP/1.1" 200 3474 "-" "Mozilla/5.0 zgrab/0.x"
209.17.97.26 - - [22/Jan/2019:03:32:52 -0200] "GET / HTTP/1.0" 200 438 "-" "Mozilla/5.0 (compatible; Nimbostratus-Bot/v1.3.2; http://cloudsystemnetworks.com)"
209.17.97.26 - - [22/Jan/2019:03:32:52 -0200] "GET / HTTP/1.1" 200 11390 "-" "Mozilla/5.0 (compatible; Nimbostratus-Bot/v1.3.2; http://cloudsystemnetworks.com)"
209.17.96.50 - - [22/Jan/2019:14:11:49 -0200] "GET / HTTP/1.0" 200 438 "-" "Mozilla/5.0 (compatible; Nimbostratus-Bot/v1.3.2; http://cloudsystemnetworks.com)"
209.17.96.50 - - [22/Jan/2019:14:11:49 -0200] "GET / HTTP/1.1" 200 11390 "-" "Mozilla/5.0 (compatible; Nimbostratus-Bot/v1.3.2; http://cloudsystemnetworks.com)"
69.4.87.74 - - [22/Jan/2019:15:38:05 -0200] "GET / HTTP/1.0" 200 438 "-" "Mozilla/5.0 (iPhone; CPU iPhone OS 10_3_1 like Mac OS X) AppleWebKit/603.1.30 (KHTML, like Gecko) Version/10.0 Mobile/14E304 Safari/602.1"
69.4.87.74 - - [22/Jan/2019:15:38:05 -0200] "GET / HTTP/1.0" 200 438 "-" "Mozilla/5.0 (Windows NT 10.0; Win64; x64) AppleWebKit/537.36 (KHTML, like Gecko) Chrome/64.0.3282.186 Safari/537.36"
93.119.227.91 - - [22/Jan/2019:15:38:06 -0200] "GET / HTTP/1.0" 200 438 "-" "Mozilla/5.0 (Windows NT 6.1; WOW64; Trident/7.0; rv:11.0) like Gecko"
93.119.227.91 - - [22/Jan/2019:15:38:06 -0200] "GET / HTTP/1.0" 200 438 "-" "Wget/1.13.4 (linux-gnu)"
69.4.89.106 - - [22/Jan/2019:15:38:11 -0200] "GET / HTTP/1.0" 200 438 "-" "Mozilla/5.0 (Linux; U; Android 4.4.2; en-us; SCH-I535 Build/KOT49H) AppleWebKit/534.30 (KHTML, like Gecko) Version/4.0 Mobile Safari/534.30"
69.4.89.106 - - [22/Jan/2019:15:38:11 -0200] "GET / HTTP/1.0" 200 438 "-" "Wget/1.13.4 (linux-gnu)"
93.119.227.19 - - [22/Jan/2019:15:38:12 -0200] "GET / HTTP/1.0" 200 438 "-" "Mozilla/5.0 (Linux; Android 7.0; SM-G930V Build/NRD90M) AppleWebKit/537.36 (KHTML, like Gecko) Chrome/59.0.3071.125 Mobile Safari/537.36"
93.119.227.19 - - [22/Jan/2019:15:38:12 -0200] "GET / HTTP/1.0" 200 438 "-" "Wget/1.13.4 (linux-gnu)"
54.210.129.214 - - [22/Jan/2019:15:57:25 -0200] "GET / HTTP/1.0" 200 570 "-" "Mozilla/5.0 (Windows NT 6.3; Trident/7.0; rv:11.0) like Gecko"
54.210.129.214 - - [22/Jan/2019:15:59:31 -0200] "GET / HTTP/1.0" 200 570 "-" "Mozilla/5.0 (Windows NT 6.3; Trident/7.0; rv:11.0) like Gecko"
69.4.87.74 - - [22/Jan/2019:15:38:05 -0200] "GET / HTTP/1.1" 200 11390 "-" "Mozilla/5.0 (iPhone; CPU iPhone OS 10_3_1 like Mac OS X) AppleWebKit/603.1.30 (KHTML, like Gecko) Version/10.0 Mobile/14E304 Safari/602.1"
69.4.87.74 - - [22/Jan/2019:15:38:05 -0200] "GET / HTTP/1.1" 200 11390 "-" "Mozilla/5.0 (Windows NT 10.0; Win64; x64) AppleWebKit/537.36 (KHTML, like Gecko) Chrome/64.0.3282.186 Safari/537.36"
93.119.227.91 - - [22/Jan/2019:15:38:06 -0200] "GET / HTTP/1.1" 200 11390 "-" "Mozilla/5.0 (Windows NT 6.1; WOW64; Trident/7.0; rv:11.0) like Gecko"
93.119.227.91 - - [22/Jan/2019:15:38:06 -0200] "GET / HTTP/1.1" 200 11390 "-" "Wget/1.13.4 (linux-gnu)"
69.4.89.106 - - [22/Jan/2019:15:38:11 -0200] "GET / HTTP/1.1" 200 11390 "-" "Mozilla/5.0 (Linux; U; Android 4.4.2; en-us; SCH-I535 Build/KOT49H) AppleWebKit/534.30 (KHTML, like Gecko) Version/4.0 Mobile Safari/534.30"
69.4.89.106 - - [22/Jan/2019:15:38:11 -0200] "GET / HTTP/1.1" 200 11390 "-" "Wget/1.13.4 (linux-gnu)"
93.119.227.19 - - [22/Jan/2019:15:38:12 -0200] "GET / HTTP/1.1" 200 11390 "-" "Mozilla/5.0 (Linux; Android 7.0; SM-G930V Build/NRD90M) AppleWebKit/537.36 (KHTML, like Gecko) Chrome/59.0.3071.125 Mobile Safari/537.36"
93.119.227.19 - - [22/Jan/2019:15:38:12 -0200] "GET / HTTP/1.1" 200 11390 "-" "Wget/1.13.4 (linux-gnu)"
54.210.129.214 - - [22/Jan/2019:15:57:25 -0200] "GET / HTTP/1.1" 200 3474 "-" "Mozilla/5.0 (Windows NT 6.3; Trident/7.0; rv:11.0) like Gecko"
54.210.129.214 - - [22/Jan/2019:15:59:31 -0200] "GET / HTTP/1.1" 200 3474 "-" "Mozilla/5.0 (Windows NT 6.3; Trident/7.0; rv:11.0) like Gecko"
54.210.129.214 - - [22/Jan/2019:19:42:03 -0200] "GET / HTTP/1.0" 200 570 "-" "Mozilla/5.0 (Windows NT 6.3; Trident/7.0; rv:11.0) like Gecko"
54.210.129.214 - - [22/Jan/2019:19:42:03 -0200] "GET / HTTP/1.1" 200 3474 "-" "Mozilla/5.0 (Windows NT 6.3; Trident/7.0; rv:11.0) like Gecko"
171.67.70.43 - - [23/Jan/2019:20:28:19 -0200] "GET / HTTP/1.0" 200 570 "-" "Mozilla/5.0 zgrab/0.x"
171.67.70.43 - - [23/Jan/2019:20:28:19 -0200] "GET / HTTP/1.1" 200 3474 "-" "Mozilla/5.0 zgrab/0.x"
13.57.233.99 - - [24/Jan/2019:04:21:08 -0200] "GET / HTTP/1.0" 200 570 "-" "Mozilla/5.0 (Macintosh; Intel Mac OS X 10_12_6) AppleWebKit/537.36 (KHTML, like Gecko) Chrome/61.0.3163.100 Safari/537.36"
13.57.233.99 - - [24/Jan/2019:04:21:08 -0200] "GET / HTTP/1.1" 200 3474 "-" "Mozilla/5.0 (Macintosh; Intel Mac OS X 10_12_6) AppleWebKit/537.36 (KHTML, like Gecko) Chrome/61.0.3163.100 Safari/537.36"
13.57.233.99 - - [27/Jan/2019:11:48:12 -0200] "GET / HTTP/1.0" 200 570 "-" "Mozilla/5.0 (Macintosh; Intel Mac OS X 10_12_6) AppleWebKit/537.36 (KHTML, like Gecko) Chrome/61.0.3163.100 Safari/537.36"
13.57.233.99 - - [27/Jan/2019:11:48:12 -0200] "GET / HTTP/1.1" 200 3474 "-" "Mozilla/5.0 (Macintosh; Intel Mac OS X 10_12_6) AppleWebKit/537.36 (KHTML, like Gecko) Chrome/61.0.3163.100 Safari/537.36"
157.55.39.14 - - [29/Jan/2019:08:04:06 -0200] "GET /robots.txt HTTP/1.0" 404 1175 "-" "Mozilla/5.0 (compatible; bingbot/2.0; +http://www.bing.com/bingbot.htm)"
157.55.39.14 - - [29/Jan/2019:08:04:07 -0200] "GET /robots.txt HTTP/1.0" 404 1175 "-" "Mozilla/5.0 (compatible; bingbot/2.0; +http://www.bing.com/bingbot.htm)"
207.46.13.150 - - [29/Jan/2019:08:04:13 -0200] "GET / HTTP/1.0" 200 570 "-" "Mozilla/5.0 (compatible; bingbot/2.0; +http://www.bing.com/bingbot.htm)"
209.17.97.114 - - [29/Jan/2019:09:54:37 -0200] "GET / HTTP/1.0" 200 438 "-" "Mozilla/5.0 (compatible; Nimbostratus-Bot/v1.3.2; http://cloudsystemnetworks.com)"
207.46.13.150 - - [29/Jan/2019:08:04:13 -0200] "GET / HTTP/1.1" 200 3474 "-" "Mozilla/5.0 (compatible; bingbot/2.0; +http://www.bing.com/bingbot.htm)"
209.17.97.114 - - [29/Jan/2019:09:54:37 -0200] "GET / HTTP/1.1" 200 11390 "-" "Mozilla/5.0 (compatible; Nimbostratus-Bot/v1.3.2; http://cloudsystemnetworks.com)"
209.17.97.98 - - [29/Jan/2019:11:37:48 -0200] "GET / HTTP/1.0" 200 438 "-" "Mozilla/5.0 (compatible; Nimbostratus-Bot/v1.3.2; http://cloudsystemnetworks.com)"
209.17.97.98 - - [29/Jan/2019:11:37:48 -0200] "GET / HTTP/1.1" 200 11390 "-" "Mozilla/5.0 (compatible; Nimbostratus-Bot/v1.3.2; http://cloudsystemnetworks.com)"
13.57.233.99 - - [30/Jan/2019:19:02:45 -0200] "GET / HTTP/1.0" 200 570 "-" "Mozilla/5.0 (Macintosh; Intel Mac OS X 10_12_6) AppleWebKit/537.36 (KHTML, like Gecko) Chrome/61.0.3163.100 Safari/537.36"
13.57.233.99 - - [30/Jan/2019:19:02:45 -0200] "GET / HTTP/1.1" 200 3474 "-" "Mozilla/5.0 (Macintosh; Intel Mac OS X 10_12_6) AppleWebKit/537.36 (KHTML, like Gecko) Chrome/61.0.3163.100 Safari/537.36"
157.55.39.15 - - [31/Jan/2019:15:42:19 -0200] "GET /robots.txt HTTP/1.0" 404 1175 "-" "Mozilla/5.0 (compatible; bingbot/2.0; +http://www.bing.com/bingbot.htm)"
157.55.39.15 - - [31/Jan/2019:15:42:20 -0200] "GET /robots.txt HTTP/1.0" 404 1175 "-" "Mozilla/5.0 (compatible; bingbot/2.0; +http://www.bing.com/bingbot.htm)"
207.46.13.211 - - [31/Jan/2019:15:42:25 -0200] "GET / HTTP/1.0" 200 570 "-" "Mozilla/5.0 (compatible; bingbot/2.0; +http://www.bing.com/bingbot.htm)"
207.46.13.211 - - [31/Jan/2019:15:42:25 -0200] "GET / HTTP/1.1" 200 3474 "-" "Mozilla/5.0 (compatible; bingbot/2.0; +http://www.bing.com/bingbot.htm)"
171.67.70.40 - - [01/Feb/2019:11:02:47 -0200] "GET / HTTP/1.0" 200 570 "-" "Mozilla/5.0 zgrab/0.x"
171.67.70.40 - - [01/Feb/2019:11:02:47 -0200] "GET / HTTP/1.1" 200 3474 "-" "Mozilla/5.0 zgrab/0.x"
171.67.70.45 - - [02/Feb/2019:03:12:13 -0200] "GET / HTTP/1.0" 200 570 "-" "Mozilla/5.0 zgrab/0.x"
171.67.70.45 - - [02/Feb/2019:03:12:13 -0200] "GET / HTTP/1.1" 200 3474 "-" "Mozilla/5.0 zgrab/0.x"
209.17.97.58 - - [02/Feb/2019:12:20:33 -0200] "GET / HTTP/1.0" 200 438 "-" "Mozilla/5.0 (compatible; Nimbostratus-Bot/v1.3.2; http://cloudsystemnetworks.com)"
209.17.97.58 - - [02/Feb/2019:12:20:33 -0200] "GET / HTTP/1.1" 200 11390 "-" "Mozilla/5.0 (compatible; Nimbostratus-Bot/v1.3.2; http://cloudsystemnetworks.com)"
13.57.233.99 - - [03/Feb/2019:02:12:23 -0200] "GET / HTTP/1.0" 200 570 "-" "Mozilla/5.0 (Macintosh; Intel Mac OS X 10_12_6) AppleWebKit/537.36 (KHTML, like Gecko) Chrome/61.0.3163.100 Safari/537.36"
13.57.233.99 - - [03/Feb/2019:02:12:23 -0200] "GET / HTTP/1.1" 200 3474 "-" "Mozilla/5.0 (Macintosh; Intel Mac OS X 10_12_6) AppleWebKit/537.36 (KHTML, like Gecko) Chrome/61.0.3163.100 Safari/537.36"
68.183.150.178 - - [04/Feb/2019:21:53:59 -0200] "GET / HTTP/1.0" 200 438 "-" "Mozilla/5.0 (compatible; NetcraftSurveyAgent/1.0; +info@netcraft.com)"
165.227.125.25 - - [04/Feb/2019:22:53:31 -0200] "GET / HTTP/1.0" 200 438 "-" "Mozilla/5.0 (compatible; NetcraftSurveyAgent/1.0; +info@netcraft.com)"
209.17.96.34 - - [05/Feb/2019:00:53:43 -0200] "GET / HTTP/1.0" 200 438 "-" "Mozilla/5.0 (compatible; Nimbostratus-Bot/v1.3.2; http://cloudsystemnetworks.com)"
68.183.150.178 - - [04/Feb/2019:21:53:59 -0200] "GET / HTTP/1.0" 200 11390 "-" "Mozilla/5.0 (compatible; NetcraftSurveyAgent/1.0; +info@netcraft.com)"
165.227.125.25 - - [04/Feb/2019:22:53:31 -0200] "GET / HTTP/1.0" 200 11390 "-" "Mozilla/5.0 (compatible; NetcraftSurveyAgent/1.0; +info@netcraft.com)"
209.17.96.34 - - [05/Feb/2019:00:53:43 -0200] "GET / HTTP/1.1" 200 11390 "-" "Mozilla/5.0 (compatible; Nimbostratus-Bot/v1.3.2; http://cloudsystemnetworks.com)"
209.17.97.50 - - [05/Feb/2019:10:10:51 -0200] "GET / HTTP/1.0" 200 438 "-" "Mozilla/5.0 (compatible; Nimbostratus-Bot/v1.3.2; http://cloudsystemnetworks.com)"
209.17.97.50 - - [05/Feb/2019:10:10:51 -0200] "GET / HTTP/1.1" 200 11390 "-" "Mozilla/5.0 (compatible; Nimbostratus-Bot/v1.3.2; http://cloudsystemnetworks.com)"
13.57.233.99 - - [06/Feb/2019:09:23:59 -0200] "GET / HTTP/1.0" 200 570 "-" "Mozilla/5.0 (Macintosh; Intel Mac OS X 10_12_6) AppleWebKit/537.36 (KHTML, like Gecko) Chrome/61.0.3163.100 Safari/537.36"
13.57.233.99 - - [06/Feb/2019:09:23:59 -0200] "GET / HTTP/1.1" 200 3474 "-" "Mozilla/5.0 (Macintosh; Intel Mac OS X 10_12_6) AppleWebKit/537.36 (KHTML, like Gecko) Chrome/61.0.3163.100 Safari/537.36"
209.17.96.42 - - [09/Feb/2019:04:49:06 -0200] "GET / HTTP/1.0" 200 438 "-" "Mozilla/5.0 (compatible; Nimbostratus-Bot/v1.3.2; http://cloudsystemnetworks.com)"
209.17.96.42 - - [09/Feb/2019:04:49:06 -0200] "GET / HTTP/1.1" 200 11390 "-" "Mozilla/5.0 (compatible; Nimbostratus-Bot/v1.3.2; http://cloudsystemnetworks.com)"
13.57.233.99 - - [09/Feb/2019:17:30:30 -0200] "GET / HTTP/1.0" 200 570 "-" "Mozilla/5.0 (Macintosh; Intel Mac OS X 10_12_6) AppleWebKit/537.36 (KHTML, like Gecko) Chrome/61.0.3163.100 Safari/537.36"
13.57.233.99 - - [09/Feb/2019:17:30:30 -0200] "GET / HTTP/1.1" 200 3474 "-" "Mozilla/5.0 (Macintosh; Intel Mac OS X 10_12_6) AppleWebKit/537.36 (KHTML, like Gecko) Chrome/61.0.3163.100 Safari/537.36"
209.17.97.2 - - [12/Feb/2019:03:38:49 -0200] "GET / HTTP/1.0" 200 438 "-" "Mozilla/5.0 (compatible; Nimbostratus-Bot/v1.3.2; http://cloudsystemnetworks.com)"
209.17.97.2 - - [12/Feb/2019:03:38:49 -0200] "GET / HTTP/1.1" 200 11390 "-" "Mozilla/5.0 (compatible; Nimbostratus-Bot/v1.3.2; http://cloudsystemnetworks.com)"
13.57.233.99 - - [13/Feb/2019:02:08:51 -0200] "GET / HTTP/1.0" 200 570 "-" "Mozilla/5.0 (Macintosh; Intel Mac OS X 10_12_6) AppleWebKit/537.36 (KHTML, like Gecko) Chrome/61.0.3163.100 Safari/537.36"
13.57.233.99 - - [13/Feb/2019:02:08:51 -0200] "GET / HTTP/1.1" 200 3474 "-" "Mozilla/5.0 (Macintosh; Intel Mac OS X 10_12_6) AppleWebKit/537.36 (KHTML, like Gecko) Chrome/61.0.3163.100 Safari/537.36"
209.17.97.10 - - [16/Feb/2019:10:14:43 -0200] "GET / HTTP/1.0" 200 438 "-" "Mozilla/5.0 (compatible; Nimbostratus-Bot/v1.3.2; http://cloudsystemnetworks.com)"
13.57.233.99 - - [16/Feb/2019:10:55:13 -0200] "GET / HTTP/1.0" 200 570 "-" "Mozilla/5.0 (Macintosh; Intel Mac OS X 10_12_6) AppleWebKit/537.36 (KHTML, like Gecko) Chrome/61.0.3163.100 Safari/537.36"
178.128.225.202 - - [16/Feb/2019:11:46:30 -0200] "HEAD / HTTP/1.0" 200 507 "-" "Mozilla/5.0 (Windows; U; Windows NT 5.1; en-US) AppleWebKit/532.2 (KHTML, like Gecko) Chrome/4.0.221.6 Safari/532.2"
209.17.97.10 - - [16/Feb/2019:10:14:43 -0200] "GET / HTTP/1.1" 200 11390 "-" "Mozilla/5.0 (compatible; Nimbostratus-Bot/v1.3.2; http://cloudsystemnetworks.com)"
13.57.233.99 - - [16/Feb/2019:10:55:13 -0200] "GET / HTTP/1.1" 200 3474 "-" "Mozilla/5.0 (Macintosh; Intel Mac OS X 10_12_6) AppleWebKit/537.36 (KHTML, like Gecko) Chrome/61.0.3163.100 Safari/537.36"
209.17.96.18 - - [19/Feb/2019:01:18:25 -0300] "GET / HTTP/1.0" 200 438 "-" "Mozilla/5.0 (compatible; Nimbostratus-Bot/v1.3.2; http://cloudsystemnetworks.com)"
209.17.96.18 - - [19/Feb/2019:01:18:25 -0300] "GET / HTTP/1.1" 200 11390 "-" "Mozilla/5.0 (compatible; Nimbostratus-Bot/v1.3.2; http://cloudsystemnetworks.com)"
13.57.233.99 - - [19/Feb/2019:18:44:55 -0300] "GET / HTTP/1.0" 200 570 "-" "Mozilla/5.0 (Macintosh; Intel Mac OS X 10_12_6) AppleWebKit/537.36 (KHTML, like Gecko) Chrome/61.0.3163.100 Safari/537.36"
13.57.233.99 - - [19/Feb/2019:18:44:55 -0300] "GET / HTTP/1.1" 200 3474 "-" "Mozilla/5.0 (Macintosh; Intel Mac OS X 10_12_6) AppleWebKit/537.36 (KHTML, like Gecko) Chrome/61.0.3163.100 Safari/537.36"
13.57.233.99 - - [23/Feb/2019:03:24:14 -0300] "GET / HTTP/1.0" 200 570 "-" "Mozilla/5.0 (Macintosh; Intel Mac OS X 10_12_6) AppleWebKit/537.36 (KHTML, like Gecko) Chrome/61.0.3163.100 Safari/537.36"
13.57.233.99 - - [23/Feb/2019:03:24:14 -0300] "GET / HTTP/1.1" 200 3474 "-" "Mozilla/5.0 (Macintosh; Intel Mac OS X 10_12_6) AppleWebKit/537.36 (KHTML, like Gecko) Chrome/61.0.3163.100 Safari/537.36"
209.17.96.10 - - [23/Feb/2019:08:44:53 -0300] "GET / HTTP/1.0" 200 438 "-" "Mozilla/5.0 (compatible; Nimbostratus-Bot/v1.3.2; http://cloudsystemnetworks.com)"
209.17.96.10 - - [23/Feb/2019:08:44:53 -0300] "GET / HTTP/1.1" 200 11390 "-" "Mozilla/5.0 (compatible; Nimbostratus-Bot/v1.3.2; http://cloudsystemnetworks.com)"
209.17.97.10 - - [26/Feb/2019:07:25:19 -0300] "GET / HTTP/1.0" 200 438 "-" "Mozilla/5.0 (compatible; Nimbostratus-Bot/v1.3.2; http://cloudsystemnetworks.com)"
209.17.97.10 - - [26/Feb/2019:07:25:19 -0300] "GET / HTTP/1.1" 200 11390 "-" "Mozilla/5.0 (compatible; Nimbostratus-Bot/v1.3.2; http://cloudsystemnetworks.com)"
13.57.233.99 - - [26/Feb/2019:12:03:42 -0300] "GET / HTTP/1.0" 200 570 "-" "Mozilla/5.0 (Macintosh; Intel Mac OS X 10_12_6) AppleWebKit/537.36 (KHTML, like Gecko) Chrome/61.0.3163.100 Safari/537.36"
13.57.233.99 - - [26/Feb/2019:12:03:42 -0300] "GET / HTTP/1.1" 200 3474 "-" "Mozilla/5.0 (Macintosh; Intel Mac OS X 10_12_6) AppleWebKit/537.36 (KHTML, like Gecko) Chrome/61.0.3163.100 Safari/537.36"
209.17.96.26 - - [26/Feb/2019:20:53:54 -0300] "GET / HTTP/1.0" 200 438 "-" "Mozilla/5.0 (compatible; Nimbostratus-Bot/v1.3.2; http://cloudsystemnetworks.com)"
209.17.96.26 - - [26/Feb/2019:20:53:54 -0300] "GET / HTTP/1.1" 200 11390 "-" "Mozilla/5.0 (compatible; Nimbostratus-Bot/v1.3.2; http://cloudsystemnetworks.com)"
209.17.97.10 - - [01/Mar/2019:08:41:12 -0300] "GET / HTTP/1.0" 200 438 "-" "Mozilla/5.0 (compatible; Nimbostratus-Bot/v1.3.2; http://cloudsystemnetworks.com)"
209.17.97.10 - - [01/Mar/2019:08:41:12 -0300] "GET / HTTP/1.1" 200 11390 "-" "Mozilla/5.0 (compatible; Nimbostratus-Bot/v1.3.2; http://cloudsystemnetworks.com)"
13.57.233.99 - - [01/Mar/2019:18:56:57 -0300] "GET / HTTP/1.0" 200 570 "-" "Mozilla/5.0 (Macintosh; Intel Mac OS X 10_12_6) AppleWebKit/537.36 (KHTML, like Gecko) Chrome/61.0.3163.100 Safari/537.36"
13.57.233.99 - - [01/Mar/2019:18:56:57 -0300] "GET / HTTP/1.1" 200 3474 "-" "Mozilla/5.0 (Macintosh; Intel Mac OS X 10_12_6) AppleWebKit/537.36 (KHTML, like Gecko) Chrome/61.0.3163.100 Safari/537.36"
209.17.97.34 - - [02/Mar/2019:19:05:35 -0300] "GET / HTTP/1.0" 200 438 "-" "Mozilla/5.0 (compatible; Nimbostratus-Bot/v1.3.2; http://cloudsystemnetworks.com)"
209.17.97.34 - - [02/Mar/2019:19:05:35 -0300] "GET / HTTP/1.1" 200 11390 "-" "Mozilla/5.0 (compatible; Nimbostratus-Bot/v1.3.2; http://cloudsystemnetworks.com)"
185.249.197.229 - - [04/Mar/2019:10:51:43 -0300] "GET / HTTP/1.0" 200 438 "-" "fasthttp"
185.249.197.229 - - [04/Mar/2019:10:51:43 -0300] "GET / HTTP/1.1" 200 11390 "-" "fasthttp"
209.17.97.90 - - [04/Mar/2019:17:34:02 -0300] "GET / HTTP/1.0" 200 438 "-" "Mozilla/5.0 (compatible; Nimbostratus-Bot/v1.3.2; http://cloudsystemnetworks.com)"
209.17.97.90 - - [04/Mar/2019:17:34:02 -0300] "GET / HTTP/1.1" 200 11390 "-" "Mozilla/5.0 (compatible; Nimbostratus-Bot/v1.3.2; http://cloudsystemnetworks.com)"
134.209.44.199 - - [04/Mar/2019:22:39:48 -0300] "GET / HTTP/1.0" 200 438 "-" "Mozilla/5.0 (compatible; NetcraftSurveyAgent/1.0; +info@netcraft.com)"
134.209.44.199 - - [04/Mar/2019:22:39:48 -0300] "GET / HTTP/1.0" 200 11390 "-" "Mozilla/5.0 (compatible; NetcraftSurveyAgent/1.0; +info@netcraft.com)"
142.93.180.169 - - [04/Mar/2019:23:13:12 -0300] "GET / HTTP/1.0" 200 438 "-" "Mozilla/5.0 (compatible; NetcraftSurveyAgent/1.0; +info@netcraft.com)"
13.57.233.99 - - [05/Mar/2019:01:21:03 -0300] "GET / HTTP/1.0" 200 570 "-" "Mozilla/5.0 (Macintosh; Intel Mac OS X 10_12_6) AppleWebKit/537.36 (KHTML, like Gecko) Chrome/61.0.3163.100 Safari/537.36"
142.93.180.169 - - [04/Mar/2019:23:13:12 -0300] "GET / HTTP/1.0" 200 11390 "-" "Mozilla/5.0 (compatible; NetcraftSurveyAgent/1.0; +info@netcraft.com)"
13.57.233.99 - - [05/Mar/2019:01:21:03 -0300] "GET / HTTP/1.1" 200 3474 "-" "Mozilla/5.0 (Macintosh; Intel Mac OS X 10_12_6) AppleWebKit/537.36 (KHTML, like Gecko) Chrome/61.0.3163.100 Safari/537.36"
134.209.33.27 - - [05/Mar/2019:10:35:19 -0300] "GET / HTTP/1.0" 200 438 "-" "Mozilla/5.0 (compatible; NetcraftSurveyAgent/1.0; +info@netcraft.com)"
134.209.44.206 - - [05/Mar/2019:11:32:43 -0300] "GET / HTTP/1.0" 200 438 "-" "Mozilla/5.0 (compatible; NetcraftSurveyAgent/1.0; +info@netcraft.com)"
209.17.97.82 - - [06/Mar/2019:04:20:44 -0300] "GET / HTTP/1.0" 200 438 "-" "Mozilla/5.0 (compatible; Nimbostratus-Bot/v1.3.2; http://cloudsystemnetworks.com)"
134.209.33.27 - - [05/Mar/2019:10:35:19 -0300] "GET / HTTP/1.0" 200 11390 "-" "Mozilla/5.0 (compatible; NetcraftSurveyAgent/1.0; +info@netcraft.com)"
134.209.44.206 - - [05/Mar/2019:11:32:43 -0300] "GET / HTTP/1.0" 200 11390 "-" "Mozilla/5.0 (compatible; NetcraftSurveyAgent/1.0; +info@netcraft.com)"
209.17.97.82 - - [06/Mar/2019:04:20:44 -0300] "GET / HTTP/1.1" 200 11390 "-" "Mozilla/5.0 (compatible; Nimbostratus-Bot/v1.3.2; http://cloudsystemnetworks.com)"
13.57.233.99 - - [08/Mar/2019:06:55:25 -0300] "GET / HTTP/1.0" 200 570 "-" "Mozilla/5.0 (Macintosh; Intel Mac OS X 10_12_6) AppleWebKit/537.36 (KHTML, like Gecko) Chrome/61.0.3163.100 Safari/537.36"
13.57.233.99 - - [08/Mar/2019:06:55:25 -0300] "GET / HTTP/1.1" 200 3474 "-" "Mozilla/5.0 (Macintosh; Intel Mac OS X 10_12_6) AppleWebKit/537.36 (KHTML, like Gecko) Chrome/61.0.3163.100 Safari/537.36"
209.17.97.18 - - [09/Mar/2019:09:35:52 -0300] "GET / HTTP/1.0" 200 438 "-" "Mozilla/5.0 (compatible; Nimbostratus-Bot/v1.3.2; http://cloudsystemnetworks.com)"
209.17.97.18 - - [09/Mar/2019:09:35:52 -0300] "GET / HTTP/1.1" 200 11390 "-" "Mozilla/5.0 (compatible; Nimbostratus-Bot/v1.3.2; http://cloudsystemnetworks.com)"
13.57.233.99 - - [11/Mar/2019:11:52:49 -0300] "GET / HTTP/1.0" 200 570 "-" "Mozilla/5.0 (Macintosh; Intel Mac OS X 10_12_6) AppleWebKit/537.36 (KHTML, like Gecko) Chrome/61.0.3163.100 Safari/537.36"
13.57.233.99 - - [11/Mar/2019:11:52:49 -0300] "GET / HTTP/1.1" 200 3474 "-" "Mozilla/5.0 (Macintosh; Intel Mac OS X 10_12_6) AppleWebKit/537.36 (KHTML, like Gecko) Chrome/61.0.3163.100 Safari/537.36"
209.17.96.218 - - [13/Mar/2019:05:31:50 -0300] "GET / HTTP/1.0" 200 438 "-" "Mozilla/5.0 (compatible; Nimbostratus-Bot/v1.3.2; http://cloudsystemnetworks.com)"
209.17.96.218 - - [13/Mar/2019:05:31:50 -0300] "GET / HTTP/1.1" 200 11390 "-" "Mozilla/5.0 (compatible; Nimbostratus-Bot/v1.3.2; http://cloudsystemnetworks.com)"
209.17.96.10 - - [13/Mar/2019:11:41:08 -0300] "GET / HTTP/1.0" 200 438 "-" "Mozilla/5.0 (compatible; Nimbostratus-Bot/v1.3.2; http://cloudsystemnetworks.com)"
209.17.96.10 - - [13/Mar/2019:11:41:08 -0300] "GET / HTTP/1.1" 200 11390 "-" "Mozilla/5.0 (compatible; Nimbostratus-Bot/v1.3.2; http://cloudsystemnetworks.com)"
13.57.233.99 - - [14/Mar/2019:17:20:18 -0300] "GET / HTTP/1.0" 200 570 "-" "Mozilla/5.0 (Macintosh; Intel Mac OS X 10_12_6) AppleWebKit/537.36 (KHTML, like Gecko) Chrome/61.0.3163.100 Safari/537.36"
13.57.233.99 - - [14/Mar/2019:17:20:18 -0300] "GET / HTTP/1.1" 200 3474 "-" "Mozilla/5.0 (Macintosh; Intel Mac OS X 10_12_6) AppleWebKit/537.36 (KHTML, like Gecko) Chrome/61.0.3163.100 Safari/537.36"
209.17.96.50 - - [15/Mar/2019:15:03:44 -0300] "GET / HTTP/1.0" 200 438 "-" "Mozilla/5.0 (compatible; Nimbostratus-Bot/v1.3.2; http://cloudsystemnetworks.com)"
209.17.97.42 - - [15/Mar/2019:20:18:03 -0300] "GET / HTTP/1.0" 200 438 "-" "Mozilla/5.0 (compatible; Nimbostratus-Bot/v1.3.2; http://cloudsystemnetworks.com)"
209.17.96.50 - - [15/Mar/2019:15:03:44 -0300] "GET / HTTP/1.1" 200 11390 "-" "Mozilla/5.0 (compatible; Nimbostratus-Bot/v1.3.2; http://cloudsystemnetworks.com)"
209.17.97.42 - - [15/Mar/2019:20:18:03 -0300] "GET / HTTP/1.1" 200 11390 "-" "Mozilla/5.0 (compatible; Nimbostratus-Bot/v1.3.2; http://cloudsystemnetworks.com)"
80.84.57.100 - - [17/Mar/2019:12:56:11 -0300] "GET / HTTP/1.0" 200 438 "-" "-"
80.84.57.96 - - [17/Mar/2019:12:56:19 -0300] "GET / HTTP/1.0" 200 438 "-" "-"
80.84.57.98 - - [17/Mar/2019:12:56:43 -0300] "GET /store/ HTTP/1.0" 404 1520 "-" "-"
80.84.57.97 - - [17/Mar/2019:12:56:51 -0300] "GET /shop/ HTTP/1.0" 404 1520 "-" "-"
80.84.57.101 - - [17/Mar/2019:12:56:58 -0300] "GET /catalog/ HTTP/1.0" 404 1520 "-" "-"
80.84.57.118 - - [17/Mar/2019:12:57:07 -0300] "GET /cart/ HTTP/1.0" 404 1520 "-" "-"
80.84.57.118 - - [17/Mar/2019:12:57:15 -0300] "GET /store/ HTTP/1.0" 404 1520 "-" "-"
80.84.57.103 - - [17/Mar/2019:12:57:21 -0300] "GET /shop/ HTTP/1.0" 404 1520 "-" "-"
80.84.57.107 - - [17/Mar/2019:12:57:28 -0300] "GET /catalog/ HTTP/1.0" 404 1520 "-" "-"
80.84.57.103 - - [17/Mar/2019:12:57:34 -0300] "GET /cart/ HTTP/1.0" 404 1520 "-" "-"
80.84.57.100 - - [17/Mar/2019:12:56:11 -0300] "GET / HTTP/1.1" 200 11390 "-" "-"
80.84.57.96 - - [17/Mar/2019:12:56:19 -0300] "GET / HTTP/1.1" 200 11390 "-" "-"
13.57.233.99 - - [17/Mar/2019:22:12:46 -0300] "GET / HTTP/1.0" 200 570 "-" "Mozilla/5.0 (Macintosh; Intel Mac OS X 10_12_6) AppleWebKit/537.36 (KHTML, like Gecko) Chrome/61.0.3163.100 Safari/537.36"
13.57.233.99 - - [17/Mar/2019:22:12:46 -0300] "GET / HTTP/1.1" 200 3474 "-" "Mozilla/5.0 (Macintosh; Intel Mac OS X 10_12_6) AppleWebKit/537.36 (KHTML, like Gecko) Chrome/61.0.3163.100 Safari/537.36"
192.99.15.141 - - [18/Mar/2019:06:54:24 -0300] "GET /admin/images/cal_date_over.gif HTTP/1.0" 404 1175 "-" "Mozilla/5.0 (Windows NT 10.0; Win64; x64; rv:64.0) Gecko/20100101 Firefox/64.0"
192.99.15.141 - - [18/Mar/2019:06:54:29 -0300] "GET /admin/login.php HTTP/1.0" 404 1175 "-" "Mozilla/5.0 (Windows NT 10.0; Win64; x64; rv:64.0) Gecko/20100101 Firefox/64.0"
192.99.15.141 - - [18/Mar/2019:06:54:35 -0300] "GET /templates/system/css/system.css HTTP/1.0" 404 1175 "-" "Mozilla/5.0 (Windows NT 10.0; Win64; x64; rv:64.0) Gecko/20100101 Firefox/64.0"
192.99.15.141 - - [18/Mar/2019:06:54:42 -0300] "GET / HTTP/1.0" 200 570 "-" "Mozilla/5.0 (Windows NT 10.0; Win64; x64; rv:64.0) Gecko/20100101 Firefox/64.0"
192.99.15.141 - - [18/Mar/2019:06:54:46 -0300] "GET /fckeditor/editor/filemanager/connectors/php/upload.php?Type=Media HTTP/1.0" 404 1175 "-" "Mozilla/5.0 (Windows NT 10.0; Win64; x64; rv:64.0) Gecko/20100101 Firefox/64.0"
192.99.15.141 - - [18/Mar/2019:06:54:42 -0300] "GET / HTTP/1.1" 200 3474 "-" "Mozilla/5.0 (Windows NT 10.0; Win64; x64; rv:64.0) Gecko/20100101 Firefox/64.0"
209.17.97.58 - - [18/Mar/2019:21:11:24 -0300] "GET / HTTP/1.0" 200 438 "-" "Mozilla/5.0 (compatible; Nimbostratus-Bot/v1.3.2; http://cloudsystemnetworks.com)"
209.17.97.58 - - [18/Mar/2019:21:11:24 -0300] "GET / HTTP/1.1" 200 11390 "-" "Mozilla/5.0 (compatible; Nimbostratus-Bot/v1.3.2; http://cloudsystemnetworks.com)"
209.17.97.90 - - [19/Mar/2019:08:58:57 -0300] "GET / HTTP/1.0" 200 438 "-" "Mozilla/5.0 (compatible; Nimbostratus-Bot/v1.3.2; http://cloudsystemnetworks.com)"
209.17.97.90 - - [19/Mar/2019:08:58:57 -0300] "GET / HTTP/1.1" 200 11390 "-" "Mozilla/5.0 (compatible; Nimbostratus-Bot/v1.3.2; http://cloudsystemnetworks.com)"
192.99.15.55 - - [19/Mar/2019:17:25:37 -0300] "GET /admin/images/cal_date_over.gif HTTP/1.0" 404 1175 "-" "Mozilla/5.0 (Windows NT 10.0; Win64; x64; rv:64.0) Gecko/20100101 Firefox/64.0"
192.99.15.55 - - [19/Mar/2019:17:25:42 -0300] "GET /admin/login.php HTTP/1.0" 404 1175 "-" "Mozilla/5.0 (Windows NT 10.0; Win64; x64; rv:64.0) Gecko/20100101 Firefox/64.0"
192.99.15.55 - - [19/Mar/2019:17:25:44 -0300] "GET /templates/system/css/system.css HTTP/1.0" 404 1175 "-" "Mozilla/5.0 (Windows NT 10.0; Win64; x64; rv:64.0) Gecko/20100101 Firefox/64.0"
192.99.15.55 - - [19/Mar/2019:17:25:47 -0300] "GET / HTTP/1.0" 200 570 "-" "Mozilla/5.0 (Windows NT 10.0; Win64; x64; rv:64.0) Gecko/20100101 Firefox/64.0"
192.99.15.55 - - [19/Mar/2019:17:25:52 -0300] "GET /fckeditor/editor/filemanager/connectors/php/upload.php?Type=Media HTTP/1.0" 404 1175 "-" "Mozilla/5.0 (Windows NT 10.0; Win64; x64; rv:64.0) Gecko/20100101 Firefox/64.0"
192.99.15.55 - - [19/Mar/2019:17:25:47 -0300] "GET / HTTP/1.1" 200 3474 "-" "Mozilla/5.0 (Windows NT 10.0; Win64; x64; rv:64.0) Gecko/20100101 Firefox/64.0"
149.56.91.12 - - [20/Mar/2019:17:06:37 -0300] "GET / HTTP/1.0" 200 438 "-" "Ubuntu Chromium/34.0.1847.116 Chrome/34.0.1847.116 Safari/537.36"
149.56.91.12 - - [20/Mar/2019:17:29:42 -0300] "GET / HTTP/1.0" 200 438 "-" "Ubuntu Chromium/34.0.1847.116 Chrome/34.0.1847.116 Safari/537.36"
149.56.91.12 - - [20/Mar/2019:17:06:37 -0300] "GET / HTTP/1.1" 200 11390 "-" "Ubuntu Chromium/34.0.1847.116 Chrome/34.0.1847.116 Safari/537.36"
149.56.91.12 - - [20/Mar/2019:17:29:42 -0300] "GET / HTTP/1.1" 200 11390 "-" "Ubuntu Chromium/34.0.1847.116 Chrome/34.0.1847.116 Safari/537.36"
13.57.233.99 - - [21/Mar/2019:04:12:29 -0300] "GET / HTTP/1.0" 200 570 "-" "Mozilla/5.0 (Macintosh; Intel Mac OS X 10_12_6) AppleWebKit/537.36 (KHTML, like Gecko) Chrome/61.0.3163.100 Safari/537.36"
13.57.233.99 - - [21/Mar/2019:04:12:29 -0300] "GET / HTTP/1.1" 200 3474 "-" "Mozilla/5.0 (Macintosh; Intel Mac OS X 10_12_6) AppleWebKit/537.36 (KHTML, like Gecko) Chrome/61.0.3163.100 Safari/537.36"
209.17.96.10 - - [23/Mar/2019:06:13:17 -0300] "GET / HTTP/1.0" 200 438 "-" "Mozilla/5.0 (compatible; Nimbostratus-Bot/v1.3.2; http://cloudsystemnetworks.com)"
209.17.96.10 - - [23/Mar/2019:06:13:17 -0300] "GET / HTTP/1.1" 200 11390 "-" "Mozilla/5.0 (compatible; Nimbostratus-Bot/v1.3.2; http://cloudsystemnetworks.com)"
209.17.97.98 - - [23/Mar/2019:12:46:32 -0300] "GET / HTTP/1.0" 200 438 "-" "Mozilla/5.0 (compatible; Nimbostratus-Bot/v1.3.2; http://cloudsystemnetworks.com)"
209.17.97.98 - - [23/Mar/2019:12:46:32 -0300] "GET / HTTP/1.1" 200 11390 "-" "Mozilla/5.0 (compatible; Nimbostratus-Bot/v1.3.2; http://cloudsystemnetworks.com)"
198.59.178.102 - - [23/Mar/2019:14:26:34 -0300] "GET / HTTP/1.0" 200 570 "-" "Mozilla/5.0 (iPhone; CPU iPhone OS 10_3_3 like Mac OS X) AppleWebKit/603.1.30 (KHTML, like Gecko) CriOS/61.0.3163.73 Mobile/14G60 Safari/602.1"
38.130.179.147 - - [23/Mar/2019:14:32:58 -0300] "GET / HTTP/1.0" 200 570 "-" "Mozilla/5.0 (Linux; Android 4.4.3; KFTHWI Build/KTU84M) AppleWebKit/537.36 (KHTML, like Gecko) Silk/47.1.79 like Chrome/47.0.2526.80 Safari/537.36"
198.59.178.102 - - [23/Mar/2019:14:26:34 -0300] "GET / HTTP/1.1" 200 3474 "-" "Mozilla/5.0 (iPhone; CPU iPhone OS 10_3_3 like Mac OS X) AppleWebKit/603.1.30 (KHTML, like Gecko) CriOS/61.0.3163.73 Mobile/14G60 Safari/602.1"
38.130.179.147 - - [23/Mar/2019:14:32:58 -0300] "GET / HTTP/1.1" 200 3474 "-" "Mozilla/5.0 (Linux; Android 4.4.3; KFTHWI Build/KTU84M) AppleWebKit/537.36 (KHTML, like Gecko) Silk/47.1.79 like Chrome/47.0.2526.80 Safari/537.36"
13.57.233.99 - - [24/Mar/2019:10:43:56 -0300] "GET / HTTP/1.0" 200 570 "-" "Mozilla/5.0 (Macintosh; Intel Mac OS X 10_12_6) AppleWebKit/537.36 (KHTML, like Gecko) Chrome/61.0.3163.100 Safari/537.36"
13.57.233.99 - - [24/Mar/2019:10:43:56 -0300] "GET / HTTP/1.1" 200 3474 "-" "Mozilla/5.0 (Macintosh; Intel Mac OS X 10_12_6) AppleWebKit/537.36 (KHTML, like Gecko) Chrome/61.0.3163.100 Safari/537.36"
34.220.194.228 - - [25/Mar/2019:13:17:43 -0300] "GET / HTTP/1.0" 200 570 "-" "Go-http-client/1.1"
34.220.194.228 - - [25/Mar/2019:13:17:43 -0300] "GET / HTTP/1.1" 200 3474 "-" "Go-http-client/1.1"
34.216.186.169 - - [26/Mar/2019:06:31:47 -0300] "GET / HTTP/1.0" 200 570 "-" "Mozilla/5.0 (Windows NT 10.0; Win64; x64)AppleWebKit/537.36 (KHTML, like Gecko) Chrome/66.0.3359.181 Safari/537.36"
34.216.186.169 - - [26/Mar/2019:06:31:47 -0300] "GET / HTTP/1.1" 200 3474 "-" "Mozilla/5.0 (Windows NT 10.0; Win64; x64)AppleWebKit/537.36 (KHTML, like Gecko) Chrome/66.0.3359.181 Safari/537.36"
209.17.96.34 - - [26/Mar/2019:09:35:21 -0300] "GET / HTTP/1.0" 200 438 "-" "Mozilla/5.0 (compatible; Nimbostratus-Bot/v1.3.2; http://cloudsystemnetworks.com)"
209.17.96.34 - - [26/Mar/2019:09:35:21 -0300] "GET / HTTP/1.1" 200 11390 "-" "Mozilla/5.0 (compatible; Nimbostratus-Bot/v1.3.2; http://cloudsystemnetworks.com)"
54.149.229.216 - - [27/Mar/2019:05:59:23 -0300] "GET / HTTP/1.0" 200 570 "-" "Mozilla/5.0 (Windows NT 10.0; Win64; x64)AppleWebKit/537.36 (KHTML, like Gecko) Chrome/66.0.3359.181 Safari/537.36"
54.149.229.216 - - [27/Mar/2019:05:59:23 -0300] "GET / HTTP/1.1" 200 3474 "-" "Mozilla/5.0 (Windows NT 10.0; Win64; x64)AppleWebKit/537.36 (KHTML, like Gecko) Chrome/66.0.3359.181 Safari/537.36"
209.17.97.98 - - [27/Mar/2019:13:51:56 -0300] "GET / HTTP/1.0" 200 438 "-" "Mozilla/5.0 (compatible; Nimbostratus-Bot/v1.3.2; http://cloudsystemnetworks.com)"
209.17.97.98 - - [27/Mar/2019:13:51:56 -0300] "GET / HTTP/1.1" 200 11390 "-" "Mozilla/5.0 (compatible; Nimbostratus-Bot/v1.3.2; http://cloudsystemnetworks.com)"
13.57.233.99 - - [27/Mar/2019:17:22:08 -0300] "GET / HTTP/1.0" 200 570 "-" "Mozilla/5.0 (Macintosh; Intel Mac OS X 10_12_6) AppleWebKit/537.36 (KHTML, like Gecko) Chrome/61.0.3163.100 Safari/537.36"
13.57.233.99 - - [27/Mar/2019:17:22:08 -0300] "GET / HTTP/1.1" 200 3474 "-" "Mozilla/5.0 (Macintosh; Intel Mac OS X 10_12_6) AppleWebKit/537.36 (KHTML, like Gecko) Chrome/61.0.3163.100 Safari/537.36"
209.17.97.122 - - [28/Mar/2019:14:34:40 -0300] "GET / HTTP/1.0" 200 438 "-" "Mozilla/5.0 (compatible; Nimbostratus-Bot/v1.3.2; http://cloudsystemnetworks.com)"
209.17.97.122 - - [28/Mar/2019:14:34:40 -0300] "GET / HTTP/1.1" 200 11390 "-" "Mozilla/5.0 (compatible; Nimbostratus-Bot/v1.3.2; http://cloudsystemnetworks.com)"
52.38.226.207 - - [29/Mar/2019:06:03:13 -0300] "GET / HTTP/1.0" 200 570 "-" "Go-http-client/1.1"
52.38.226.207 - - [29/Mar/2019:06:03:13 -0300] "GET / HTTP/1.1" 200 3474 "-" "Go-http-client/1.1"
54.218.101.141 - - [29/Mar/2019:07:21:23 -0300] "GET / HTTP/1.0" 200 570 "-" "Mozilla/5.0 (Windows NT 10.0; Win64; x64)AppleWebKit/537.36 (KHTML, like Gecko) Chrome/66.0.3359.181 Safari/537.36"
54.218.101.141 - - [29/Mar/2019:07:21:23 -0300] "GET / HTTP/1.1" 200 3474 "-" "Mozilla/5.0 (Windows NT 10.0; Win64; x64)AppleWebKit/537.36 (KHTML, like Gecko) Chrome/66.0.3359.181 Safari/537.36"
52.26.29.154 - - [30/Mar/2019:05:16:24 -0300] "GET / HTTP/1.0" 200 570 "-" "Mozilla/5.0 (Windows NT 10.0; Win64; x64)AppleWebKit/537.36 (KHTML, like Gecko) Chrome/66.0.3359.181 Safari/537.36"
52.26.29.154 - - [30/Mar/2019:05:16:24 -0300] "GET / HTTP/1.1" 200 3474 "-" "Mozilla/5.0 (Windows NT 10.0; Win64; x64)AppleWebKit/537.36 (KHTML, like Gecko) Chrome/66.0.3359.181 Safari/537.36"
13.57.233.99 - - [31/Mar/2019:00:25:22 -0300] "GET / HTTP/1.0" 200 570 "-" "Mozilla/5.0 (Macintosh; Intel Mac OS X 10_12_6) AppleWebKit/537.36 (KHTML, like Gecko) Chrome/61.0.3163.100 Safari/537.36"
13.57.233.99 - - [31/Mar/2019:00:25:22 -0300] "GET / HTTP/1.1" 200 3474 "-" "Mozilla/5.0 (Macintosh; Intel Mac OS X 10_12_6) AppleWebKit/537.36 (KHTML, like Gecko) Chrome/61.0.3163.100 Safari/537.36"
54.184.103.181 - - [31/Mar/2019:07:18:43 -0300] "GET / HTTP/1.0" 200 570 "-" "Mozilla/5.0 (Windows NT 10.0; Win64; x64)AppleWebKit/537.36 (KHTML, like Gecko) Chrome/66.0.3359.181 Safari/537.36"
54.184.103.181 - - [31/Mar/2019:07:18:43 -0300] "GET / HTTP/1.1" 200 3474 "-" "Mozilla/5.0 (Windows NT 10.0; Win64; x64)AppleWebKit/537.36 (KHTML, like Gecko) Chrome/66.0.3359.181 Safari/537.36"
34.208.214.125 - - [01/Apr/2019:04:53:37 -0300] "GET / HTTP/1.0" 200 570 "-" "Mozilla/5.0 (Windows NT 10.0; Win64; x64)AppleWebKit/537.36 (KHTML, like Gecko) Chrome/66.0.3359.181 Safari/537.36"
34.208.214.125 - - [01/Apr/2019:04:53:37 -0300] "GET / HTTP/1.1" 200 3474 "-" "Mozilla/5.0 (Windows NT 10.0; Win64; x64)AppleWebKit/537.36 (KHTML, like Gecko) Chrome/66.0.3359.181 Safari/537.36"
209.17.96.18 - - [01/Apr/2019:22:14:34 -0300] "GET / HTTP/1.0" 200 438 "-" "Mozilla/5.0 (compatible; Nimbostratus-Bot/v1.3.2; http://cloudsystemnetworks.com)"
209.17.96.18 - - [01/Apr/2019:22:14:34 -0300] "GET / HTTP/1.1" 200 11390 "-" "Mozilla/5.0 (compatible; Nimbostratus-Bot/v1.3.2; http://cloudsystemnetworks.com)"
34.219.176.132 - - [02/Apr/2019:06:14:48 -0300] "GET / HTTP/1.0" 200 570 "-" "Mozilla/5.0 (Windows NT 10.0; Win64; x64)AppleWebKit/537.36 (KHTML, like Gecko) Chrome/66.0.3359.181 Safari/537.36"
34.219.176.132 - - [02/Apr/2019:06:14:48 -0300] "GET / HTTP/1.1" 200 3474 "-" "Mozilla/5.0 (Windows NT 10.0; Win64; x64)AppleWebKit/537.36 (KHTML, like Gecko) Chrome/66.0.3359.181 Safari/537.36"
69.4.87.74 - - [02/Apr/2019:14:18:16 -0300] "GET / HTTP/1.0" 200 438 "-" "Wget/1.13.4 (linux-gnu)"
69.4.87.74 - - [02/Apr/2019:14:18:16 -0300] "GET / HTTP/1.1" 200 11390 "-" "Wget/1.13.4 (linux-gnu)"
209.17.96.58 - - [02/Apr/2019:21:06:10 -0300] "GET / HTTP/1.0" 200 438 "-" "Mozilla/5.0 (compatible; Nimbostratus-Bot/v1.3.2; http://cloudsystemnetworks.com)"
209.17.96.58 - - [02/Apr/2019:21:06:10 -0300] "GET / HTTP/1.1" 200 11390 "-" "Mozilla/5.0 (compatible; Nimbostratus-Bot/v1.3.2; http://cloudsystemnetworks.com)"
34.222.86.76 - - [03/Apr/2019:06:18:07 -0300] "GET / HTTP/1.0" 200 570 "-" "Mozilla/5.0 (Windows NT 10.0; Win64; x64)AppleWebKit/537.36 (KHTML, like Gecko) Chrome/66.0.3359.181 Safari/537.36"
34.222.86.76 - - [03/Apr/2019:06:18:07 -0300] "GET / HTTP/1.1" 200 3474 "-" "Mozilla/5.0 (Windows NT 10.0; Win64; x64)AppleWebKit/537.36 (KHTML, like Gecko) Chrome/66.0.3359.181 Safari/537.36"
13.57.233.99 - - [03/Apr/2019:06:59:17 -0300] "GET / HTTP/1.0" 200 570 "-" "Mozilla/5.0 (Macintosh; Intel Mac OS X 10_12_6) AppleWebKit/537.36 (KHTML, like Gecko) Chrome/61.0.3163.100 Safari/537.36"
13.57.233.99 - - [03/Apr/2019:06:59:17 -0300] "GET / HTTP/1.1" 200 3474 "-" "Mozilla/5.0 (Macintosh; Intel Mac OS X 10_12_6) AppleWebKit/537.36 (KHTML, like Gecko) Chrome/61.0.3163.100 Safari/537.36"
68.183.147.204 - - [04/Apr/2019:05:35:31 -0300] "GET / HTTP/1.0" 200 438 "-" "Mozilla/5.0 (compatible; NetcraftSurveyAgent/1.0; +info@netcraft.com)"
35.167.145.134 - - [04/Apr/2019:05:47:31 -0300] "GET / HTTP/1.0" 200 570 "-" "Mozilla/5.0 (Windows NT 10.0; Win64; x64)AppleWebKit/537.36 (KHTML, like Gecko) Chrome/66.0.3359.181 Safari/537.36"
68.183.147.204 - - [04/Apr/2019:05:35:31 -0300] "GET / HTTP/1.0" 200 11390 "-" "Mozilla/5.0 (compatible; NetcraftSurveyAgent/1.0; +info@netcraft.com)"
35.167.145.134 - - [04/Apr/2019:05:47:31 -0300] "GET / HTTP/1.1" 200 3474 "-" "Mozilla/5.0 (Windows NT 10.0; Win64; x64)AppleWebKit/537.36 (KHTML, like Gecko) Chrome/66.0.3359.181 Safari/537.36"
159.65.179.28 - - [04/Apr/2019:06:21:34 -0300] "GET / HTTP/1.0" 200 438 "-" "Mozilla/5.0 (compatible; NetcraftSurveyAgent/1.0; +info@netcraft.com)"
159.65.179.28 - - [04/Apr/2019:06:21:34 -0300] "GET / HTTP/1.0" 200 11390 "-" "Mozilla/5.0 (compatible; NetcraftSurveyAgent/1.0; +info@netcraft.com)"
209.17.96.42 - - [04/Apr/2019:23:47:29 -0300] "GET / HTTP/1.0" 200 438 "-" "Mozilla/5.0 (compatible; Nimbostratus-Bot/v1.3.2; http://cloudsystemnetworks.com)"
209.17.96.42 - - [04/Apr/2019:23:47:29 -0300] "GET / HTTP/1.1" 200 11390 "-" "Mozilla/5.0 (compatible; Nimbostratus-Bot/v1.3.2; http://cloudsystemnetworks.com)"
34.219.60.14 - - [05/Apr/2019:04:34:06 -0300] "GET / HTTP/1.0" 200 570 "-" "Mozilla/5.0 (Windows NT 10.0; Win64; x64)AppleWebKit/537.36 (KHTML, like Gecko) Chrome/66.0.3359.181 Safari/537.36"
34.219.60.14 - - [05/Apr/2019:04:34:06 -0300] "GET / HTTP/1.1" 200 3474 "-" "Mozilla/5.0 (Windows NT 10.0; Win64; x64)AppleWebKit/537.36 (KHTML, like Gecko) Chrome/66.0.3359.181 Safari/537.36"
167.99.185.11 - - [06/Apr/2019:12:52:12 -0300] "HEAD / HTTP/1.0" 200 507 "-" "Mozilla/5.0 (Windows; U; Windows NT 6.0; en-US) AppleWebKit/525.13 (KHTML, like Gecko) Chrome/0.2.149.6 Safari/525.13"
13.57.233.99 - - [06/Apr/2019:13:40:07 -0300] "GET / HTTP/1.0" 200 570 "-" "Mozilla/5.0 (Macintosh; Intel Mac OS X 10_12_6) AppleWebKit/537.36 (KHTML, like Gecko) Chrome/61.0.3163.100 Safari/537.36"
13.57.233.99 - - [06/Apr/2019:13:40:07 -0300] "GET / HTTP/1.1" 200 3474 "-" "Mozilla/5.0 (Macintosh; Intel Mac OS X 10_12_6) AppleWebKit/537.36 (KHTML, like Gecko) Chrome/61.0.3163.100 Safari/537.36"
34.210.223.115 - - [07/Apr/2019:06:35:33 -0300] "GET / HTTP/1.0" 200 570 "-" "Go-http-client/1.1"
34.210.223.115 - - [07/Apr/2019:06:35:33 -0300] "GET / HTTP/1.1" 200 3474 "-" "Go-http-client/1.1"
34.212.193.250 - - [07/Apr/2019:07:06:28 -0300] "GET / HTTP/1.0" 200 570 "-" "Mozilla/5.0 (Windows NT 10.0; Win64; x64)AppleWebKit/537.36 (KHTML, like Gecko) Chrome/66.0.3359.181 Safari/537.36"
34.212.193.250 - - [07/Apr/2019:07:06:28 -0300] "GET / HTTP/1.1" 200 3474 "-" "Mozilla/5.0 (Windows NT 10.0; Win64; x64)AppleWebKit/537.36 (KHTML, like Gecko) Chrome/66.0.3359.181 Safari/537.36"
34.219.12.149 - - [08/Apr/2019:05:16:30 -0300] "GET / HTTP/1.0" 200 570 "-" "Mozilla/5.0 (Windows NT 10.0; Win64; x64)AppleWebKit/537.36 (KHTML, like Gecko) Chrome/66.0.3359.181 Safari/537.36"
34.219.12.149 - - [08/Apr/2019:05:16:30 -0300] "GET / HTTP/1.1" 200 3474 "-" "Mozilla/5.0 (Windows NT 10.0; Win64; x64)AppleWebKit/537.36 (KHTML, like Gecko) Chrome/66.0.3359.181 Safari/537.36"
54.244.49.86 - - [09/Apr/2019:05:43:37 -0300] "GET / HTTP/1.0" 200 570 "-" "Mozilla/5.0 (Windows NT 10.0; Win64; x64)AppleWebKit/537.36 (KHTML, like Gecko) Chrome/66.0.3359.181 Safari/537.36"
54.244.49.86 - - [09/Apr/2019:05:43:37 -0300] "GET / HTTP/1.1" 200 3474 "-" "Mozilla/5.0 (Windows NT 10.0; Win64; x64)AppleWebKit/537.36 (KHTML, like Gecko) Chrome/66.0.3359.181 Safari/537.36"
209.17.97.18 - - [09/Apr/2019:08:04:48 -0300] "GET / HTTP/1.0" 200 438 "-" "Mozilla/5.0 (compatible; Nimbostratus-Bot/v1.3.2; http://cloudsystemnetworks.com)"
209.17.97.18 - - [09/Apr/2019:08:04:48 -0300] "GET / HTTP/1.1" 200 11390 "-" "Mozilla/5.0 (compatible; Nimbostratus-Bot/v1.3.2; http://cloudsystemnetworks.com)"
13.57.233.99 - - [09/Apr/2019:19:38:57 -0300] "GET / HTTP/1.0" 200 570 "-" "Mozilla/5.0 (Macintosh; Intel Mac OS X 10_12_6) AppleWebKit/537.36 (KHTML, like Gecko) Chrome/61.0.3163.100 Safari/537.36"
13.57.233.99 - - [09/Apr/2019:19:38:57 -0300] "GET / HTTP/1.1" 200 3474 "-" "Mozilla/5.0 (Macintosh; Intel Mac OS X 10_12_6) AppleWebKit/537.36 (KHTML, like Gecko) Chrome/61.0.3163.100 Safari/537.36"
209.17.96.42 - - [09/Apr/2019:20:59:38 -0300] "GET / HTTP/1.0" 200 438 "-" "Mozilla/5.0 (compatible; Nimbostratus-Bot/v1.3.2; http://cloudsystemnetworks.com)"
209.17.96.42 - - [09/Apr/2019:20:59:38 -0300] "GET / HTTP/1.1" 200 11390 "-" "Mozilla/5.0 (compatible; Nimbostratus-Bot/v1.3.2; http://cloudsystemnetworks.com)"
54.187.181.237 - - [10/Apr/2019:03:52:46 -0300] "GET / HTTP/1.0" 200 570 "-" "Mozilla/5.0 (Windows NT 10.0; Win64; x64)AppleWebKit/537.36 (KHTML, like Gecko) Chrome/66.0.3359.181 Safari/537.36"
54.187.181.237 - - [10/Apr/2019:03:52:46 -0300] "GET / HTTP/1.1" 200 3474 "-" "Mozilla/5.0 (Windows NT 10.0; Win64; x64)AppleWebKit/537.36 (KHTML, like Gecko) Chrome/66.0.3359.181 Safari/537.36"
